Component: ARM Compiler 5.06 update 6 (build 750) Tool: armlink [4d35ed]

==============================================================================

Small function inlining results

Inlined total of 0 calls.

==============================================================================

Section Cross References

    system_m031series.o(i.SystemCoreClockUpdate) refers to uidiv.o(.text) for __aeabi_uidivmod
    system_m031series.o(i.SystemCoreClockUpdate) refers to system_m031series.o(.data) for .data
    system_m031series.o(i.SystemCoreClockUpdate) refers to system_m031series.o(.constdata) for .constdata
    startup_m031series.o(RESET) refers to startup_m031series.o(STACK) for __initial_sp
    startup_m031series.o(RESET) refers to startup_m031series.o(.text) for Reset_Handler
    startup_m031series.o(RESET) refers to retarget.o(.emb_text) for HardFault_Handler
    startup_m031series.o(RESET) refers to porting_misc.o(i.GPCDEF_IRQHandler) for GPCDEF_IRQHandler
    startup_m031series.o(RESET) refers to user.o(i.TMR0_IRQHandler) for TMR0_IRQHandler
    startup_m031series.o(RESET) refers to user.o(i.UART02_IRQHandler) for UART02_IRQHandler
    startup_m031series.o(.text) refers to system_m031series.o(i.SystemInit) for SystemInit
    startup_m031series.o(.text) refers to entry.o(.ARM.Collect$$$$00000000) for __main
    clk.o(i.CLK_DisableModuleClock) refers to clk.o(.constdata) for .constdata
    clk.o(i.CLK_DisablePLL) refers to clk.o(i.CLK_WaitClockReady) for CLK_WaitClockReady
    clk.o(i.CLK_EnableModuleClock) refers to clk.o(.constdata) for .constdata
    clk.o(i.CLK_EnablePLL) refers to clk.o(i.CLK_DisablePLL) for CLK_DisablePLL
    clk.o(i.CLK_EnablePLL) refers to clk.o(i.CLK_WaitClockReady) for CLK_WaitClockReady
    clk.o(i.CLK_EnablePLL) refers to uidiv.o(.text) for __aeabi_uidivmod
    clk.o(i.CLK_GetCPUFreq) refers to system_m031series.o(i.SystemCoreClockUpdate) for SystemCoreClockUpdate
    clk.o(i.CLK_GetCPUFreq) refers to system_m031series.o(.data) for SystemCoreClock
    clk.o(i.CLK_GetHCLKFreq) refers to system_m031series.o(i.SystemCoreClockUpdate) for SystemCoreClockUpdate
    clk.o(i.CLK_GetHCLKFreq) refers to system_m031series.o(.data) for SystemCoreClock
    clk.o(i.CLK_GetPCLK0Freq) refers to system_m031series.o(i.SystemCoreClockUpdate) for SystemCoreClockUpdate
    clk.o(i.CLK_GetPCLK0Freq) refers to system_m031series.o(.data) for SystemCoreClock
    clk.o(i.CLK_GetPCLK1Freq) refers to system_m031series.o(i.SystemCoreClockUpdate) for SystemCoreClockUpdate
    clk.o(i.CLK_GetPCLK1Freq) refers to system_m031series.o(.data) for SystemCoreClock
    clk.o(i.CLK_SetCoreClock) refers to clk.o(i.CLK_WaitClockReady) for CLK_WaitClockReady
    clk.o(i.CLK_SetCoreClock) refers to clk.o(i.CLK_EnablePLL) for CLK_EnablePLL
    clk.o(i.CLK_SetCoreClock) refers to clk.o(i.CLK_SetHCLK) for CLK_SetHCLK
    clk.o(i.CLK_SetHCLK) refers to clk.o(i.CLK_WaitClockReady) for CLK_WaitClockReady
    clk.o(i.CLK_SetHCLK) refers to system_m031series.o(i.SystemCoreClockUpdate) for SystemCoreClockUpdate
    clk.o(i.CLK_SetModuleClock) refers to clk.o(.constdata) for .constdata
    fmc.o(i.FMC_Erase) refers to fmc.o(i.FMC_Erase_SPROM) for FMC_Erase_SPROM
    fmc.o(i.FMC_ReadConfig) refers to fmc.o(i.FMC_Read) for FMC_Read
    fmc.o(i.FMC_WriteConfig) refers to fmc.o(i.FMC_Write) for FMC_Write
    fmc.o(i.FMC_WriteConfig) refers to fmc.o(i.FMC_Read) for FMC_Read
    pdma.o(i.PDMA_Open) refers to pdma.o(.bss) for .bss
    pdma.o(i.PDMA_SetTransferMode) refers to kernel.o(i.__ARM_common_switch8) for __ARM_common_switch8
    pdma.o(i.PDMA_SetTransferMode) refers to pdma.o(.bss) for .bss
    pdma.o(i.PDMA_Trigger) refers to pdma.o(.bss) for .bss
    retarget.o(.emb_text) refers to retarget.o(i.Hard_Fault_Handler) for Hard_Fault_Handler
    retarget.o(i.Hard_Fault_Handler) refers to printf8.o(i.__0printf$8) for __2printf
    retarget.o(i.Hard_Fault_Handler) refers to retarget.o(i.stackDump) for stackDump
    retarget.o(i._ttywrch) refers to retarget.o(i.SendChar) for SendChar
    retarget.o(i.fputc) refers to retarget.o(i.SendChar) for SendChar
    retarget.o(i.stackDump) refers to printf8.o(i.__0printf$8) for __2printf
    spi.o(i.CLK_GetPLLClockFreq) refers to uidiv.o(.text) for __aeabi_uidivmod
    spi.o(i.SPII2S_EnableMCLK) refers to spi.o(i.SPII2S_GetSourceClockFreq) for SPII2S_GetSourceClockFreq
    spi.o(i.SPII2S_EnableMCLK) refers to uidiv.o(.text) for __aeabi_uidivmod
    spi.o(i.SPII2S_GetSourceClockFreq) refers to spi.o(i.CLK_GetPLLClockFreq) for CLK_GetPLLClockFreq
    spi.o(i.SPII2S_GetSourceClockFreq) refers to clk.o(i.CLK_GetHCLKFreq) for CLK_GetHCLKFreq
    spi.o(i.SPII2S_GetSourceClockFreq) refers to uidiv.o(.text) for __aeabi_uidivmod
    spi.o(i.SPII2S_Open) refers to clk.o(i.CLK_GetHCLKFreq) for CLK_GetHCLKFreq
    spi.o(i.SPII2S_Open) refers to uidiv.o(.text) for __aeabi_uidivmod
    spi.o(i.SPII2S_Open) refers to spi.o(i.SPII2S_GetSourceClockFreq) for SPII2S_GetSourceClockFreq
[...]
    LL_REF_ACS_ADDR                          0x0000ba70   Data          16  ll.o(.constdata)
    LL_REF_CRC_INI                           0x0000ba80   Data          12  ll.o(.constdata)
    LL_RF_PARA_TX_WIN_SIZE_MAP               0x0000ba8c   Data          14  ll.o(.constdata)
    LL_RF_PARA_WIN_WIDTH_CNVT                0x0000ba9c   Data          32  ll.o(.constdata)
    LL_RF_DATA_CH                            0x0000babc   Data          74  ll.o(.constdata)
    CH_ADV_CH_HOP_BY_MAP_TABLE               0x0000bb06   Data          32  ll.o(.constdata)
    RAND_INI32                               0x0000bb26   Data          32  ll.o(.constdata)
    LL_ACK_FLOW                              0x0000bb46   Data          16  ll.o(.constdata)
    LL_PR_CONN_ID_PAIR                       0x0000bb56   Data          26  ll.o(.constdata)
    LL_RX_CONN_ID_INIT                       0x0000bb70   Data          26  ll.o(.constdata)
    LL_TX_CONN_ID_INIT                       0x0000bb8a   Data          26  ll.o(.constdata)
    LL_RX_CONN_ID_MASTER_SIDE_ONLY           0x0000bba4   Data          26  ll.o(.constdata)
    LL_RX_CONN_ID_SLAVE_SIDE_ONLY            0x0000bbbe   Data          26  ll.o(.constdata)
    LL_RX_CONN_ID_OP_LENGTH                  0x0000bbd8   Data          26  ll.o(.constdata)
    TAB_ZERO_128                             0x0000bbf2   Data         136  ll.o(.constdata)
    LL_LEN_OFFSET_1M                         0x0000bc7a   Data          17  ll.o(.constdata)
    LL_LEN_OFFSET_2M                         0x0000bc8b   Data           9  ll.o(.constdata)
    LL_fsm                                   0x0000bc94   Data         260  ll.o(.constdata)
    EC_fsm                                   0x0000bd98   Data          40  ll.o(.constdata)
    UUID_BLUETOOTH_BASE                      0x0000bdc0   Data          16  rffunction.o(.constdata)
    r_AES_INI                                0x0000bdd0   Data          16  rffunction.o(.constdata)
    RSP_PAIRING_REQUEST                      0x0000bde0   Data          11  rffunction.o(.constdata)
    LTK_FIXED                                0x0000bdeb   Data          16  rffunction.o(.constdata)
    EDIV_FIXED                               0x0000bdfb   Data           2  rffunction.o(.constdata)
    RAND_FIXED                               0x0000bdfd   Data           8  rffunction.o(.constdata)
    IRK_FIXED                                0x0000be05   Data          16  rffunction.o(.constdata)
    CSRK_FIXED                               0x0000be15   Data          16  rffunction.o(.constdata)
    SEL_STK_GEN_MTHD                         0x0000be25   Data          25  rffunction.o(.constdata)
    txpower_0dbm_reg                         0x0000be3e   Data           4  rf_phy.o(.constdata)
    txpower_4dbm_reg                         0x0000be42   Data           4  rf_phy.o(.constdata)
    txpower_8dbm_reg                         0x0000be46   Data           4  rf_phy.o(.constdata)
    txpower_10dbm_reg                        0x0000be4a   Data           4  rf_phy.o(.constdata)
    Phy_pll_bank_freqIdx                     0x0000be4e   Data           5  rf_phy.o(.constdata)
    RFIP_init_reg                            0x0000be53   Data         128  rf_phy.o(.constdata)
    RFIP_REG_IDX                             0x0000bed3   Data          13  rf_phy.o(.constdata)
    CH_SEL_TABLE_INV                         0x0000bee0   Data          40  rf_phy.o(.constdata)
    R568_lna_agc                             0x0000bf08   Data          32  rf_phy.o(.constdata)
    R568_tia_agc                             0x0000bf28   Data          32  rf_phy.o(.constdata)
    R568_vga_agc                             0x0000bf48   Data          32  rf_phy.o(.constdata)
    TIMELINE24_3750US_IDX                    0x0000bf68   Data          17  rf_phy.o(.constdata)
    LE_EVENT_MASK_INI                        0x0000bf7c   Data           3  hci.o(.constdata)
    EVENT_MASK_INI                           0x0000bf7f   Data           5  hci.o(.constdata)
    HCI_fsm                                  0x0000bf84   Data         100  hci.o(.constdata)
    TAB_SUPPORTED_COMMANDS_MASK              0x0000bfe8   Data          64  hci.o(.constdata)
    TAB_LMP_FEATURES_MASK                    0x0000c028   Data           8  hci.o(.constdata)
    L2CAP_fsm                                0x0000c030   Data           4  l2cap.o(.constdata)
    Prcss_BLE_CODE_SMP                       0x0000c034   Data          48  mmi.o(.constdata)
    Prcss_BLE_OPCODE_ATT                     0x0000c064   Data         124  mmi.o(.constdata)
    Prcss_L2CAP_CID                          0x0000c0e0   Data          28  mmi.o(.constdata)
    __ctype_categories                       0x0000c0fc   Data          64  ctype_c.o(.constdata)
    Region$$Table$$Base                      0x0000c184   Number         0  anon$$obj.o(Region$$Table)
    Region$$Table$$Limit                     0x0000c1a4   Number         0  anon$$obj.o(Region$$Table)
    INFO_FLASHBOND                           0x0000f800   Data        1024  porting_flash.o(.ARM.__AT_0x0000F800)
    DATA_FLASHBOND                           0x0000fc00   Data        1024  porting_flash.o(.ARM.__AT_0x0000FC00)
    SystemCoreClock                          0x20000000   Data           4  system_m031series.o(.data)
    CyclesPerUs                              0x20000004   Data           4  system_m031series.o(.data)
    PllClock                                 0x20000008   Data           4  system_m031series.o(.data)
    __stdout                                 0x2000000c   Data           4  retarget.o(.data)
    appSystemRequest                         0x20000010   Data           1  user.o(.data)
    sltTestCase                              0x20000011   Data           1  user.o(.data)
    connId                                   0x20000012   Data           1  user.o(.data)
    dongleRssiValue                          0x20000013   Data           1  user.o(.data)
    dutRssiValue                             0x20000014   Data           1  user.o(.data)
    att_HDL_GAP_DEVICE_NAME                  0x2000001c   Data           8  profile_tab.o(.data)
    att_HDL_GAP_RECONNECTION_ADDRESS         0x20000024   Data           6  profile_tab.o(.data)
    att_HDL_GATT_SERVICE_CHANGED             0x2000002a   Data           4  profile_tab.o(.data)
    att_HDL_GATT_CLIENT_CHARACTERISTIC_CONFIGURATION 0x2000002e   Data           2  profile_tab.o(.data)
    att_HDL_DATAEXCHANGES_WRITE              0x20000030   Data          20  profile_tab.o(.data)
    att_HDL_DATAEXCHANGES_READINIT           0x20000044   Data          20  profile_tab.o(.data)
    att_HDL_DATAEXCHANGES_READINIT_MEASUREMENT_CLIENT_CHARACTERISTIC_CONFIGURATION 0x20000058   Data           2  profile_tab.o(.data)
    ATTRIBUTE_SERVER_PARAM                   0x2000005c   Data         180  profile_tab.o(.data)
    ATTRIBUTE_SERVER                         0x20000110   Data         180  profile_tab.o(.data)
    ATTRIBUTE_SERVER_PERMISSION              0x200001c4   Data         180  profile_tab.o(.data)
    size_ATTRIBUTE_SERVER                    0x20000278   Data           1  profile_tab.o(.data)
    ATTRIBUTE_SERVER_BOND                    0x2000027c   Data           4  profile_tab.o(.data)
    ATTRIBUTE_SERVER_BOND_PARAM              0x20000280   Data           4  profile_tab.o(.data)
    size_ATTRIBUTE_SERVER_BOND               0x20000284   Data           1  profile_tab.o(.data)
    bleAddr_param                            0x20000285   Data           7  host.o(.data)
    ble_device_param                         0x2000028c   Data           8  host.o(.data)
    MBlk_depth_Remaining                     0x20000294   Data           1  kernel.o(.data)
    MBlk_depth_Rsv                           0x20000295   Data           1  kernel.o(.data)
    MBlk_Free                                0x20000298   Data           4  kernel.o(.data)
    RX_CRC_valid_flag                        0x200002a0   Data           1  ll.o(.data)
    FT_WakeupFlag                            0x200002a1   Data           1  ll.o(.data)
    LL_ConnDataTmpGate                       0x200002a2   Data           1  ll.o(.data)
    LL_ConnID_Remaining                      0x200002a3   Data           1  ll.o(.data)
    TBlk_Free_LL                             0x200002a4   Data           1  ll.o(.data)
    TBlk_InUse_LL                            0x200002a5   Data           1  ll.o(.data)
    LL_SMP_DataCh                            0x200002a6   Data           1  ll.o(.data)
    status_LL_Tmr                            0x200002a7   Data           1  ll.o(.data)
    anchor_LL_Tmr                            0x200002a8   Data           1  ll.o(.data)
    LL_Msg_AdvScnConn                        0x200002a9   Data           1  ll.o(.data)
    LL_Msg_AdvScnConnUpd                     0x200002aa   Data           1  ll.o(.data)
    LL_Msg_AdvScnConnUpdSts                  0x200002ab   Data           1  ll.o(.data)
    RF_Msg_RF0INT                            0x200002ac   Data           1  ll.o(.data)
    LL_DurRxPktAccu                          0x200002ae   Data           2  ll.o(.data)
    LL_Adv_Data_Buf                          0x200002b0   Data           4  ll.o(.data)
    LL_Ref_Default_PHY                       0x200002b4   Data           4  ll.o(.data)
    tblk_LL_pi                               0x200002b8   Data           4  ll.o(.data)
    tblk_LL_pi2                              0x200002bc   Data           4  ll.o(.data)
    LL_conn_pi                               0x200002c0   Data           4  ll.o(.data)
    LL_Slv_Win_Width                         0x200002c4   Data           4  ll.o(.data)
    LL_Slv_Win_Width_Base                    0x200002c8   Data           4  ll.o(.data)
    seedR16                                  0x200002cc   Data           4  ll.o(.data)
    LL_Ref_Acs_Addr_ADVSCN                   0x200002d0   Data           4  ll.o(.data)
    LL_Ref_crc_ini_ADVSCN                    0x200002d4   Data           4  ll.o(.data)
    Ch_ADV_Ch_Hop_Table                      0x200002d8   Data           4  ll.o(.data)
    Ch_ADV_Ch_Hop_TableBuf                   0x200002dc   Data           4  ll.o(.data)
    LL_Ref_ChMap                             0x200002e0   Data           5  ll.o(.data)
    BD_Rand_Addr                             0x200002e5   Data           6  ll.o(.data)
    BD_Rand_AddrBuf                          0x200002eb   Data           6  ll.o(.data)
    LL_ConnDataInTmp                         0x200002f4   Data           8  ll.o(.data)
    LL_ConnBuffPrcs                          0x200002fc   Data           8  ll.o(.data)
    LL_ConnBuffPrcsR                         0x20000304   Data           8  ll.o(.data)
    Tmr37                                    0x20000310   Data           8  ll.o(.data)
    MsgQueueEC                               0x20000318   Data           8  ll.o(.data)
    aTT_MTU                                  0x20000320   Data           5  rffunction.o(.data)
    smp_Authorization                        0x20000325   Data           1  rffunction.o(.data)
    smp_Encryption                           0x20000326   Data           1  rffunction.o(.data)
    smp_Security_Mode                        0x20000327   Data           1  rffunction.o(.data)
    smp_PReq_IO_Capab                        0x20000328   Data           1  rffunction.o(.data)
    smp_PReq_OOB_data                        0x20000329   Data           1  rffunction.o(.data)
    smp_PReq_Init_Key_Distr                  0x2000032a   Data           1  rffunction.o(.data)
    smp_PReq_Resp_Key_Distr                  0x2000032b   Data           1  rffunction.o(.data)
    smp_Phase                                0x2000032c   Data           1  rffunction.o(.data)
    smp_TempDef                              0x2000032d   Data           1  rffunction.o(.data)
    smp_Rand                                 0x2000032e   Data           8  rffunction.o(.data)
    smp_EDIV                                 0x20000336   Data           2  rffunction.o(.data)
    smp_Local_Addr_advTemp                   0x20000338   Data           8  rffunction.o(.data)
    bleEventCallBack                         0x20000340   Data           4  ble_event.o(.data)
    RfVolt_new                               0x20000344   Data           1  rf_phy.o(.data)
    Content_ioInt                            0x20000345   Data           1  rf_phy.o(.data)
    Content_ioInt_exceptTmr                  0x20000346   Data           1  rf_phy.o(.data)
    rssiOffsetValue                          0x20000347   Data           1  rf_phy.o(.data)
    g16MHzClkOut                             0x20000348   Data           1  rf_phy.o(.data)
    rf_initial_flag                          0x20000349   Data           1  rf_phy.o(.data)
    gSleep                                   0x2000034a   Data           1  rf_phy.o(.data)
    LL_Tmr_Ticks_RSV_Wakeup                  0x2000034b   Data           1  rf_phy.o(.data)
    rssi_read_data                           0x2000034d   Data           3  rf_phy.o(.data)
    Timeline24                               0x20000350   Data           4  rf_phy.o(.data)
    Tmr16Interval                            0x20000354   Data           4  rf_phy.o(.data)
    addr_TxFIFO                              0x20000358   Data           4  rf_phy.o(.data)
    Phy_pll_bank                             0x2000035c   Data           5  rf_phy.o(.data)
    Event_Mask2                              0x2000036c   Data           1  hci.o(.data)
    LE_Event_Mask                            0x2000036d   Data           3  hci.o(.data)
    mhcCallBack                              0x20000370   Data           4  hci.o(.data)
    Event_Mask                               0x20000374   Data           5  hci.o(.data)
    ATT_INDICATION_Packet_Sent               0x20000379   Data           1  mmi.o(.data)
    ATT_WRITE_REQUEST_Packet_Sent            0x2000037a   Data           1  mmi.o(.data)
    MsgBlk                                   0x20000460   Data        3120  kernel.o(.bss)
    MsgQueue                                 0x20001090   Data          40  kernel.o(.bss)
    LL_Adv_Para                              0x200010b8   Data          92  ll.o(.bss)
    LL_Adv_Para_UpdBuf                       0x20001114   Data          92  ll.o(.bss)
    LL_Scan_Para                             0x20001170   Data          12  ll.o(.bss)
    LL_Scan_Para_UpdBuf                      0x2000117c   Data          12  ll.o(.bss)
    LL_Conn_Para                             0x20001188   Data         680  ll.o(.bss)
    LL_ConnDataQ                             0x20001430   Data          40  ll.o(.bss)
    LL_ConnCtrlQ                             0x20001458   Data          40  ll.o(.bss)
    LL_ConnDataInQ                           0x20001480   Data          40  ll.o(.bss)
    LL_ConnBuffPt                            0x200014a8   Data          20  ll.o(.bss)
    LL_Init_Para                             0x200014bc   Data          28  ll.o(.bss)
    LL_WhiteList_Para                        0x200014d8   Data          28  ll.o(.bss)
    LL_Para_Interval                         0x200014f4   Data          36  ll.o(.bss)
    LL_Para_IntervalR                        0x20001518   Data         259  ll.o(.bss)
    TmrBlk_LL                                0x2000161c   Data          96  ll.o(.bss)
    mblk_LL_conn_Para                        0x2000167c   Data          20  ll.o(.bss)
    LL_Length_Prefer                         0x20001690   Data          40  ll.o(.bss)
    ram_Tab                                  0x200016b8   Data          48  ll.o(.bss)
    SPIBuffer                                0x200016e8   Data         251  rffunction.o(.bss)
    q_att_HDL_PreWr                          0x200017e3   Data          48  rffunction.o(.bss)
    CmdTimer                                 0x20001814   Data         180  rffunction.o(.bss)
    k_AES_passkey                            0x200018c8   Data          16  rffunction.o(.bss)
    smp_Para_Bond                            0x200018d8   Data          37  rffunction.o(.bss)
    rsp_pairing_request_table                0x200018fd   Data          11  rffunction.o(.bss)
    smp_Local_Addr                           0x20001908   Data          40  rffunction.o(.bss)
    smp_Temp16                               0x20001930   Data          16  rffunction.o(.bss)
    smp_IRKm                                 0x20001940   Data          16  rffunction.o(.bss)
    smp_CSRKm                                0x20001950   Data          16  rffunction.o(.bss)
    r_AES                                    0x20001960   Data          16  rffunction.o(.bss)
    LTK                                      0x20001970   Data          16  rffunction.o(.bss)
    LTK_SEED                                 0x20001980   Data          10  rffunction.o(.bss)
    smp_Para_Bond_tmp                        0x2000198a   Data          70  rffunction.o(.bss)
    SECBuffer                                0x200019d0   Data          42  rffunction.o(.bss)
    RFIP_reg_MEM                             0x200019fa   Data          13  rf_phy.o(.bss)
    CH_PLL_bank_Table                        0x20001a07   Data          40  rf_phy.o(.bss)
    L2CAP_Buf                                0x20001a2f   Data         253  l2cap.o(.bss)
    __initial_sp                             0x20001d30   Data           0  startup_m031series.o(STACK)



==============================================================================

Memory Map of the image

  Image Entry point : 0x000000f1

  Load Region LR_1 (Base: 0x00000000, Size: 0x0000c520, Max: 0xffffffff, ABSOLUTE)

    Execution Region ER_RO (Exec base: 0x00000000, Load base: 0x00000000, Size: 0x0000c1a4, Max: 0xffffffff, ABSOLUTE)

    Exec Addr    Load Addr    Size         Type   Attr      Idx    E Section Name        Object

    0x00000000   0x00000000   0x000000c0   Data   RO          209    RESET               startup_m031series.o
    0x000000c0   0x000000c0   0x00000000   Code   RO         4625  * .ARM.Collect$$$$00000000  mc_p.l(entry.o)
    0x000000c0   0x000000c0   0x00000004   Code   RO         4901    .ARM.Collect$$$$00000001  mc_p.l(entry2.o)
    0x000000c4   0x000000c4   0x00000004   Code   RO         4904    .ARM.Collect$$$$00000004  mc_p.l(entry5.o)
    0x000000c8   0x000000c8   0x00000000   Code   RO         4906    .ARM.Collect$$$$00000008  mc_p.l(entry7b.o)
    0x000000c8   0x000000c8   0x00000000   Code   RO         4908    .ARM.Collect$$$$0000000A  mc_p.l(entry8b.o)
    0x000000c8   0x000000c8   0x00000008   Code   RO         4909    .ARM.Collect$$$$0000000B  mc_p.l(entry9a.o)
    0x000000d0   0x000000d0   0x00000000   Code   RO         4911    .ARM.Collect$$$$0000000D  mc_p.l(entry10a.o)
    0x000000d0   0x000000d0   0x00000000   Code   RO         4913    .ARM.Collect$$$$0000000F  mc_p.l(entry11a.o)
    0x000000d0   0x000000d0   0x00000004   Code   RO         4902    .ARM.Collect$$$$00002712  mc_p.l(entry2.o)
    0x000000d4   0x000000d4   0x0000001c   Code   RO          619    .emb_text           retarget.o
    0x000000f0   0x000000f0   0x0000005c   Code   RO          210  * .text               startup_m031series.o
    0x0000014c   0x0000014c   0x0000002c   Code   RO         4626    .text               mc_p.l(uidiv.o)
    0x00000178   0x00000178   0x00000028   Code   RO         4628    .text               mc_p.l(idiv.o)
    0x000001a0   0x000001a0   0x00000024   Code   RO         4630    .text               mc_p.l(memcpya.o)
    0x000001c4   0x000001c4   0x0000001a   Code   RO         4632    .text               mc_p.l(memcmp.o)
    0x000001de   0x000001de   0x00000002   PAD
    0x000001e0   0x000001e0   0x0000003c   Code   RO         4897    .text               mc_p.l(__0sscanf.o)
    0x0000021c   0x0000021c   0x0000014a   Code   RO         4899    .text               mc_p.l(_scanf_int.o)
    0x00000366   0x00000366   0x00000060   Code   RO         4915    .text               mc_p.l(uldiv.o)
    0x000003c6   0x000003c6   0x0000001e   Code   RO         4917    .text               mc_p.l(_chval.o)
    0x000003e4   0x000003e4   0x0000002c   Code   RO         4919    .text               mc_p.l(scanf_char.o)
    0x00000410   0x00000410   0x00000044   Code   RO         4921    .text               mc_p.l(_sgetc.o)
    0x00000454   0x00000454   0x00000024   Code   RO         4934    .text               mc_p.l(init.o)
    0x00000478   0x00000478   0x00000020   Code   RO         4936    .text               mc_p.l(llshl.o)
    0x00000498   0x00000498   0x00000022   Code   RO         4938    .text               mc_p.l(llushr.o)
    0x000004ba   0x000004ba   0x0000000e   Code   RO         4942    .text               mc_p.l(isspace_c.o)
    0x000004c8   0x000004c8   0x00000338   Code   RO         4944    .text               mc_p.l(_scanf.o)
    0x00000800   0x00000800   0x00000024   Code   RO         4950    .text               mc_p.l(ctype_c.o)
    0x00000824   0x00000824   0x00000094   Code   RO         1800    i.ATT_HDL_Indicate  Rafael_BLE_M0.lib(host.o)
    0x000008b8   0x000008b8   0x00000080   Code   RO         1801    i.ATT_HDL_Notify    Rafael_BLE_M0.lib(host.o)
    0x00000938   0x00000938   0x00000002   Code   RO         1346    i.ATT_HDL_Rd_NULL   profile_tab.o
    0x0000093a   0x0000093a   0x0000000c   Code   RO         1347    i.ATT_HDL_Wr_DATAEXCHANGE_WRITE  profile_tab.o
    0x00000946   0x00000946   0x00000002   Code   RO         1348    i.ATT_HDL_Wr_NULL   profile_tab.o
    0x00000948   0x00000948   0x00000080   Code   RO         1243    i.App_SetBleAdvAddress  user.o
    0x000009c8   0x000009c8   0x00000038   Code   RO         1244    i.BLEDemo_InitMessage  user.o
    0x00000a00   0x00000a00   0x00000040   Code   RO         1245    i.BLEDemo_UartRxDataHandler  user.o
    0x00000a40   0x00000a40   0x00000014   Code   RO         1246    i.BleApp_Init       user.o
    0x00000a54   0x00000a54   0x00000064   Code   RO         1247    i.BleApp_Main       user.o
    0x00000ab8   0x00000ab8   0x00000060   Code   RO         1248    i.BleDataExcahngeService_Callback  user.o
    0x00000b18   0x00000b18   0x00000060   Code   RO         1249    i.BleEvent_Callback  user.o
    0x00000b78   0x00000b78   0x0000000c   Code   RO         4011    i.BleMHC_PostEvent  Rafael_BLE_M0.lib(hci.o)
    0x00000b84   0x00000b84   0x0000000c   Code   RO         3602    i.BleTxFIFOAddr_Get  Rafael_BLE_M0.lib(rf_phy.o)
    0x00000b90   0x00000b90   0x0000003c   Code   RO         2387    i.Ble_EC_Chk_Isr    Rafael_BLE_M0.lib(ll.o)
    0x00000bcc   0x00000bcc   0x000000b4   Code   RO         2093    i.Ble_Kernel_Root   Rafael_BLE_M0.lib(kernel.o)
    0x00000c80   0x00000c80   0x0000006c   Code   RO         3603    i.Ble_SW_Init       Rafael_BLE_M0.lib(rf_phy.o)
    0x00000cec   0x00000cec   0x00000044   Code   RO         1250    i.Ble_Slave_AdvInit  user.o
    0x00000d30   0x00000d30   0x0000000c   Code   RO         1251    i.Ble_Slave_StartADV  user.o
    0x00000d3c   0x00000d3c   0x00000030   Code   RO          222    i.CLK_EnableModuleClock  clk.o
    0x00000d6c   0x00000d6c   0x00000010   Code   RO          225    i.CLK_EnableXtalRC  clk.o
    0x00000d7c   0x00000d7c   0x00000010   Code   RO          227    i.CLK_GetHCLKFreq   clk.o
    0x00000d8c   0x00000d8c   0x00000020   Code   RO          230    i.CLK_GetPCLK0Freq  clk.o
    0x00000dac   0x00000dac   0x00000020   Code   RO          231    i.CLK_GetPCLK1Freq  clk.o
    0x00000dcc   0x00000dcc   0x00000058   Code   RO          697    i.CLK_GetPLLClockFreq  spi.o
    0x00000e24   0x00000e24   0x00000058   Code   RO         1011    i.CLK_GetPLLClockFreq  uart.o
    0x00000e7c   0x00000e7c   0x00000050   Code   RO          235    i.CLK_SetHCLK       clk.o
    0x00000ecc   0x00000ecc   0x00000070   Code   RO          236    i.CLK_SetModuleClock  clk.o
    0x00000f3c   0x00000f3c   0x00000024   Code   RO         1135    i.CLK_SysTickDelay  main.o
    0x00000f60   0x00000f60   0x00000024   Code   RO         1538    i.CLK_SysTickDelay  porting_misc.o
    0x00000f84   0x00000f84   0x0000002c   Code   RO          238    i.CLK_WaitClockReady  clk.o
    0x00000fb0   0x00000fb0   0x00000038   Code   RO         2097    i.CheckMsgBlk_L2_wSizeUsed_Isr  Rafael_BLE_M0.lib(kernel.o)
    0x00000fe8   0x00000fe8   0x00000020   Code   RO         2098    i.CheckMsgQueue     Rafael_BLE_M0.lib(kernel.o)
    0x00001008   0x00001008   0x00000014   Code   RO         4222    i.CheckValid_L2CAP_Buf  Rafael_BLE_M0.lib(l2cap.o)
    0x0000101c   0x0000101c   0x0000000c   Code   RO         3604    i.ChipId_Get        Rafael_BLE_M0.lib(rf_phy.o)
    0x00001028   0x00001028   0x000000e8   Code   RO         2388    i.ECHC_LE_Ctrl_Pkt  Rafael_BLE_M0.lib(ll.o)
    0x00001110   0x00001110   0x0000000c   Code   RO         2108    i.ErrorEntry        Rafael_BLE_M0.lib(kernel.o)
    0x0000111c   0x0000111c   0x00000010   Code   RO          378    i.FMC_Close         fmc.o
    0x0000112c   0x0000112c   0x00000040   Code   RO          379    i.FMC_Erase         fmc.o
    0x0000116c   0x0000116c   0x00000038   Code   RO          381    i.FMC_Erase_SPROM   fmc.o
    0x000011a4   0x000011a4   0x00000010   Code   RO          384    i.FMC_Open          fmc.o
    0x000011b4   0x000011b4   0x0000001c   Code   RO          390    i.FMC_Write         fmc.o
    0x000011d0   0x000011d0   0x00000020   Code   RO         2109    i.FreeMsgBlk        Rafael_BLE_M0.lib(kernel.o)
    0x000011f0   0x000011f0   0x0000001c   Code   RO         2110    i.FreeMsgBlk_Isr    Rafael_BLE_M0.lib(kernel.o)
    0x0000120c   0x0000120c   0x00000030   Code   RO         2111    i.FreeMsgBlks       Rafael_BLE_M0.lib(kernel.o)
    0x0000123c   0x0000123c   0x00000024   Code   RO         2112    i.FreeMsgBlks_Isr   Rafael_BLE_M0.lib(kernel.o)
    0x00001260   0x00001260   0x00000020   Code   RO         1539    i.GPCDEF_IRQHandler  porting_misc.o
    0x00001280   0x00001280   0x0000001c   Code   RO          497    i.GPIO_DisableInt   gpio.o
    0x0000129c   0x0000129c   0x0000001a   Code   RO          498    i.GPIO_EnableInt    gpio.o
    0x000012b6   0x000012b6   0x00000028   Code   RO          499    i.GPIO_SetMode      gpio.o
    0x000012de   0x000012de   0x00000002   PAD
    0x000012e0   0x000012e0   0x00000028   Code   RO         2113    i.GetMsgBlk         Rafael_BLE_M0.lib(kernel.o)
    0x00001308   0x00001308   0x00000020   Code   RO         2114    i.GetMsgBlk_Isr     Rafael_BLE_M0.lib(kernel.o)
    0x00001328   0x00001328   0x00000054   Code   RO         2115    i.GetMsgBlk_L1_wSize_Isr  Rafael_BLE_M0.lib(kernel.o)
    0x0000137c   0x0000137c   0x00000054   Code   RO         2116    i.GetMsgBlk_L2_wSize  Rafael_BLE_M0.lib(kernel.o)
    0x000013d0   0x000013d0   0x00000024   Code   RO         4012    i.HCI_Root          Rafael_BLE_M0.lib(hci.o)
    0x000013f4   0x000013f4   0x0000003c   Code   RO         2390    i.HCLL_Disconnect   Rafael_BLE_M0.lib(ll.o)
    0x00001430   0x00001430   0x00000002   Code   RO         2391    i.HCLL_Host_Buffer_Size  Rafael_BLE_M0.lib(ll.o)
    0x00001432   0x00001432   0x00000002   Code   RO         2392    i.HCLL_Host_Num_of_Completed_Packets  Rafael_BLE_M0.lib(ll.o)
    0x00001434   0x00001434   0x00000002   Code   RO         2393    i.HCLL_LE_ACL_Data_Pkt  Rafael_BLE_M0.lib(ll.o)
    0x00001436   0x00001436   0x00000004   Code   RO         2394    i.HCLL_LE_ACL_Data_Pkt_Extend  Rafael_BLE_M0.lib(ll.o)
    0x0000143a   0x0000143a   0x00000002   PAD
    0x0000143c   0x0000143c   0x0000008c   Code   RO         2395    i.HCLL_LE_Add_Device_to_White_List  Rafael_BLE_M0.lib(ll.o)
    0x000014c8   0x000014c8   0x00000048   Code   RO         2396    i.HCLL_LE_Clear_White_List  Rafael_BLE_M0.lib(ll.o)
    0x00001510   0x00001510   0x000000d4   Code   RO         2397    i.HCLL_LE_Conn_update  Rafael_BLE_M0.lib(ll.o)
    0x000015e4   0x000015e4   0x00000180   Code   RO         2398    i.HCLL_LE_Create_Conn  Rafael_BLE_M0.lib(ll.o)
    0x00001764   0x00001764   0x00000058   Code   RO         2399    i.HCLL_LE_Create_conn_cancel  Rafael_BLE_M0.lib(ll.o)
    0x000017bc   0x000017bc   0x000000b4   Code   RO         2400    i.HCLL_LE_Ctrl_Pkt  Rafael_BLE_M0.lib(ll.o)
    0x00001870   0x00001870   0x00000024   Code   RO         2401    i.HCLL_LE_Encrypt   Rafael_BLE_M0.lib(ll.o)
    0x00001894   0x00001894   0x0000005c   Code   RO         2402    i.HCLL_LE_Long_term_key_req_neg_reply  Rafael_BLE_M0.lib(ll.o)
    0x000018f0   0x000018f0   0x00000024   Code   RO         2403    i.HCLL_LE_Long_term_key_req_reply  Rafael_BLE_M0.lib(ll.o)
    0x00001914   0x00001914   0x00000024   Code   RO         2404    i.HCLL_LE_Rand      Rafael_BLE_M0.lib(ll.o)
    0x00001938   0x00001938   0x00000004   Code   RO         2405    i.HCLL_LE_Read_Adv_Ch_Tx_Pwr  Rafael_BLE_M0.lib(ll.o)
    0x0000193c   0x0000193c   0x00000024   Code   RO         2406    i.HCLL_LE_Read_Buffer_Size  Rafael_BLE_M0.lib(ll.o)
    0x00001960   0x00001960   0x00000048   Code   RO         2407    i.HCLL_LE_Read_Local_Supported_Feat  Rafael_BLE_M0.lib(ll.o)
    0x000019a8   0x000019a8   0x00000044   Code   RO         2408    i.HCLL_LE_Read_Phy  Rafael_BLE_M0.lib(ll.o)
    0x000019ec   0x000019ec   0x00000050   Code   RO         2409    i.HCLL_LE_Read_Remote_Used_Feat  Rafael_BLE_M0.lib(ll.o)
    0x00001a3c   0x00001a3c   0x0000001c   Code   RO         2410    i.HCLL_LE_Read_White_List_Size  Rafael_BLE_M0.lib(ll.o)
    0x00001a58   0x00001a58   0x0000003c   Code   RO         2411    i.HCLL_LE_Read_ch_map  Rafael_BLE_M0.lib(ll.o)
    0x00001a94   0x00001a94   0x00000002   Code   RO         2412    i.HCLL_LE_Read_supported_states  Rafael_BLE_M0.lib(ll.o)
    0x00001a96   0x00001a96   0x00000002   Code   RO         2413    i.HCLL_LE_Receiver_test  Rafael_BLE_M0.lib(ll.o)
    0x00001a98   0x00001a98   0x00000004   Code   RO         2414    i.HCLL_LE_Remote_conn_param_req_neg_reply  Rafael_BLE_M0.lib(ll.o)
    0x00001a9c   0x00001a9c   0x00000004   Code   RO         2415    i.HCLL_LE_Remote_conn_param_req_reply  Rafael_BLE_M0.lib(ll.o)
    0x00001aa0   0x00001aa0   0x00000070   Code   RO         2416    i.HCLL_LE_Rmv_Device_from_White_List  Rafael_BLE_M0.lib(ll.o)
    0x00001b10   0x00001b10   0x0000005c   Code   RO         2417    i.HCLL_LE_Set_Adv_Data  Rafael_BLE_M0.lib(ll.o)
    0x00001b6c   0x00001b6c   0x0000009c   Code   RO         2418    i.HCLL_LE_Set_Adv_Param  Rafael_BLE_M0.lib(ll.o)
    0x00001c08   0x00001c08   0x00000130   Code   RO         2419    i.HCLL_LE_Set_Advertise_Enable  Rafael_BLE_M0.lib(ll.o)
    0x00001d38   0x00001d38   0x0000007c   Code   RO         2420    i.HCLL_LE_Set_Data_Length  Rafael_BLE_M0.lib(ll.o)
    0x00001db4   0x00001db4   0x00000060   Code   RO         2421    i.HCLL_LE_Set_Default_Phy  Rafael_BLE_M0.lib(ll.o)
    0x00001e14   0x00001e14   0x0000002c   Code   RO         2422    i.HCLL_LE_Set_Event_Mask  Rafael_BLE_M0.lib(ll.o)
    0x00001e40   0x00001e40   0x00000078   Code   RO         2423    i.HCLL_LE_Set_Host_Ch_Classification  Rafael_BLE_M0.lib(ll.o)
    0x00001eb8   0x00001eb8   0x0000009c   Code   RO         2424    i.HCLL_LE_Set_Phy   Rafael_BLE_M0.lib(ll.o)
    0x00001f54   0x00001f54   0x00000054   Code   RO         2425    i.HCLL_LE_Set_Random_Address  Rafael_BLE_M0.lib(ll.o)
    0x00001fa8   0x00001fa8   0x0000005c   Code   RO         2426    i.HCLL_LE_Set_Scan_Response_Data  Rafael_BLE_M0.lib(ll.o)
    0x00002004   0x00002004   0x0000004c   Code   RO         2427    i.HCLL_LE_Set_scan_enable  Rafael_BLE_M0.lib(ll.o)
    0x00002050   0x00002050   0x00000090   Code   RO         2428    i.HCLL_LE_Set_scan_param  Rafael_BLE_M0.lib(ll.o)
    0x000020e0   0x000020e0   0x00000024   Code   RO         2429    i.HCLL_LE_Start_encryption  Rafael_BLE_M0.lib(ll.o)
    0x00002104   0x00002104   0x00000002   Code   RO         2430    i.HCLL_LE_Test_end  Rafael_BLE_M0.lib(ll.o)
    0x00002106   0x00002106   0x00000002   Code   RO         2431    i.HCLL_LE_Transmitter_test  Rafael_BLE_M0.lib(ll.o)
    0x00002108   0x00002108   0x0000002c   Code   RO         2432    i.HCLL_Read_BD_Addr  Rafael_BLE_M0.lib(ll.o)
    0x00002134   0x00002134   0x00000002   Code   RO         2433    i.HCLL_Read_Le_Host_Support  Rafael_BLE_M0.lib(ll.o)
    0x00002136   0x00002136   0x00000002   PAD
    0x00002138   0x00002138   0x00000050   Code   RO         2434    i.HCLL_Read_Local_Supported_Cmd  Rafael_BLE_M0.lib(ll.o)
    0x00002188   0x00002188   0x0000002c   Code   RO         2435    i.HCLL_Read_Local_Supported_Feat  Rafael_BLE_M0.lib(ll.o)
    0x000021b4   0x000021b4   0x0000002c   Code   RO         2436    i.HCLL_Read_Local_Ver_Info  Rafael_BLE_M0.lib(ll.o)
    0x000021e0   0x000021e0   0x00000030   Code   RO         2437    i.HCLL_Read_Remote_Ver_Info  Rafael_BLE_M0.lib(ll.o)
    0x00002210   0x00002210   0x00000002   Code   RO         2438    i.HCLL_Read_Transmit_Pwr_Level  Rafael_BLE_M0.lib(ll.o)
    0x00002212   0x00002212   0x00000002   Code   RO         2439    i.HCLL_Read_authen_payload_timeout  Rafael_BLE_M0.lib(ll.o)
    0x00002214   0x00002214   0x00000002   Code   RO         2440    i.HCLL_Read_buffer_size  Rafael_BLE_M0.lib(ll.o)
    0x00002216   0x00002216   0x00000002   PAD
    0x00002218   0x00002218   0x00000034   Code   RO         2441    i.HCLL_Read_rssi    Rafael_BLE_M0.lib(ll.o)
    0x0000224c   0x0000224c   0x00000008   Code   RO         2442    i.HCLL_Reset        Rafael_BLE_M0.lib(ll.o)
    0x00002254   0x00002254   0x00000002   Code   RO         2443    i.HCLL_Set_Ctrler_to_Host_Flow_Ctrl  Rafael_BLE_M0.lib(ll.o)
    0x00002256   0x00002256   0x00000002   PAD
    0x00002258   0x00002258   0x0000003c   Code   RO         2444    i.HCLL_Set_Event_Mask  Rafael_BLE_M0.lib(ll.o)
    0x00002294   0x00002294   0x00000024   Code   RO         2445    i.HCLL_Set_Event_Mask_Page_2  Rafael_BLE_M0.lib(ll.o)
    0x000022b8   0x000022b8   0x00000002   Code   RO         2446    i.HCLL_Write_Le_Host_Support  Rafael_BLE_M0.lib(ll.o)
    0x000022ba   0x000022ba   0x00000002   Code   RO         2447    i.HCLL_Write_authen_payload_timeout  Rafael_BLE_M0.lib(ll.o)
    0x000022bc   0x000022bc   0x00000018   Code   RO         1805    i.HSPF_Att_Read     Rafael_BLE_M0.lib(host.o)
    0x000022d4   0x000022d4   0x0000001c   Code   RO         1806    i.HSPF_Att_Write    Rafael_BLE_M0.lib(host.o)
    0x000022f0   0x000022f0   0x00000028   Code   RO          620    i.Hard_Fault_Handler  retarget.o
    0x00002318   0x00002318   0x00000024   Code   RO         1807    i.Host_Root         Rafael_BLE_M0.lib(host.o)
    0x0000233c   0x0000233c   0x0000004c   Code   RO         2119    i.KernelInit        Rafael_BLE_M0.lib(kernel.o)
    0x00002388   0x00002388   0x00000020   Code   RO         2120    i.Knl_CodeComp      Rafael_BLE_M0.lib(kernel.o)
    0x000023a8   0x000023a8   0x00000012   Code   RO         2122    i.Knl_CodeCpy       Rafael_BLE_M0.lib(kernel.o)
    0x000023ba   0x000023ba   0x0000001e   Code   RO         2124    i.Knl_CodeCpyInv_Isr  Rafael_BLE_M0.lib(kernel.o)
    0x000023d8   0x000023d8   0x00000012   Code   RO         2125    i.Knl_CodeCpy_Isr   Rafael_BLE_M0.lib(kernel.o)
    0x000023ea   0x000023ea   0x00000020   Code   RO         2126    i.Knl_MemComp       Rafael_BLE_M0.lib(kernel.o)
    0x0000240a   0x0000240a   0x00000020   Code   RO         2127    i.Knl_MemComp_Isr   Rafael_BLE_M0.lib(kernel.o)
    0x0000242a   0x0000242a   0x00000012   Code   RO         2128    i.Knl_MemCpy        Rafael_BLE_M0.lib(kernel.o)
    0x0000243c   0x0000243c   0x0000001e   Code   RO         2129    i.Knl_MemCpyInv     Rafael_BLE_M0.lib(kernel.o)
    0x0000245a   0x0000245a   0x0000001e   Code   RO         2130    i.Knl_MemCpyInv_Isr  Rafael_BLE_M0.lib(kernel.o)
    0x00002478   0x00002478   0x0000001a   Code   RO         2131    i.Knl_MemCpy_Fwd    Rafael_BLE_M0.lib(kernel.o)
    0x00002492   0x00002492   0x00000012   Code   RO         2132    i.Knl_MemCpy_Isr    Rafael_BLE_M0.lib(kernel.o)
    0x000024a4   0x000024a4   0x00000024   Code   RO         4223    i.L2CAP_Root        Rafael_BLE_M0.lib(l2cap.o)
    0x000024c8   0x000024c8   0x000001d8   Code   RO         2448    i.LLEC_LE_CCM_Manual  Rafael_BLE_M0.lib(ll.o)
    0x000026a0   0x000026a0   0x00000030   Code   RO         2449    i.LLEC_LE_Encrypt   Rafael_BLE_M0.lib(ll.o)
    0x000026d0   0x000026d0   0x0000005c   Code   RO         2450    i.LLEC_LE_Long_term_key_req_reply  Rafael_BLE_M0.lib(ll.o)
    0x0000272c   0x0000272c   0x0000004c   Code   RO         2451    i.LLEC_LE_Rand      Rafael_BLE_M0.lib(ll.o)
    0x00002778   0x00002778   0x00000084   Code   RO         2452    i.LLEC_LE_Start_encryption  Rafael_BLE_M0.lib(ll.o)
    0x000027fc   0x000027fc   0x0000001a   Code   RO         2453    i.LLHC_ERR_CODE_Invalid_Lmp_Parameters  Rafael_BLE_M0.lib(ll.o)
    0x00002816   0x00002816   0x0000001a   Code   RO         2454    i.LLHC_ERR_CODE_Unknown_Hci_Command  Rafael_BLE_M0.lib(ll.o)
    0x00002830   0x00002830   0x00000384   Code   RO         2455    i.LLHC_LE_Ctrl_Pkt  Rafael_BLE_M0.lib(ll.o)
    0x00002bb4   0x00002bb4   0x00000068   Code   RO         2456    i.LLHeaderRdy_Isr   Rafael_BLE_M0.lib(ll.o)
    0x00002c1c   0x00002c1c   0x0000000c   Code   RO         3605    i.LLTimeline_Get    Rafael_BLE_M0.lib(rf_phy.o)
    0x00002c28   0x00002c28   0x0000011c   Code   RO         2457    i.LLTimerFIFOGetSend_Isr  Rafael_BLE_M0.lib(ll.o)
    0x00002d44   0x00002d44   0x00001478   Code   RO         2458    i.LLTimer_Isr       Rafael_BLE_M0.lib(ll.o)
    0x000041bc   0x000041bc   0x00000044   Code   RO         2459    i.LLTimer_TmrRefUpd_Isr  Rafael_BLE_M0.lib(ll.o)
    0x00004200   0x00004200   0x0000025c   Code   RO         2460    i.LLWTRFIFOGet_Isr  Rafael_BLE_M0.lib(ll.o)
    0x0000445c   0x0000445c   0x00000024   Code   RO         2461    i.LLWTR_Buffer_nAck_Isr  Rafael_BLE_M0.lib(ll.o)
    0x00004480   0x00004480   0x00000064   Code   RO         2462    i.LLWTR_Buffer_wAck_Isr  Rafael_BLE_M0.lib(ll.o)
    0x000044e4   0x000044e4   0x00001024   Code   RO         2463    i.LLWTR_Isr         Rafael_BLE_M0.lib(ll.o)
    0x00005508   0x00005508   0x0000004c   Code   RO         2464    i.LLWTR_MDset       Rafael_BLE_M0.lib(ll.o)
    0x00005554   0x00005554   0x000003c0   Code   RO         2465    i.LLWTR_Rx2Hc       Rafael_BLE_M0.lib(ll.o)
    0x00005914   0x00005914   0x000002f8   Code   RO         2467    i.LL_Buffer_To_FIFO_Isr  Rafael_BLE_M0.lib(ll.o)
    0x00005c0c   0x00005c0c   0x00000018   Code   RO         2468    i.LL_CheckConnExist  Rafael_BLE_M0.lib(ll.o)
    0x00005c24   0x00005c24   0x000000a0   Code   RO         2469    i.LL_Data2ConnTxFIFO  Rafael_BLE_M0.lib(ll.o)
    0x00005cc4   0x00005cc4   0x00000074   Code   RO         2470    i.LL_Data2ConnTxFIFO_smp  Rafael_BLE_M0.lib(ll.o)
    0x00005d38   0x00005d38   0x00000050   Code   RO         2471    i.LL_Data2ConnTxFIFO_smp_Isr  Rafael_BLE_M0.lib(ll.o)
    0x00005d88   0x00005d88   0x0000007c   Code   RO         2472    i.LL_EventCounter_Map_Upd  Rafael_BLE_M0.lib(ll.o)
    0x00005e04   0x00005e04   0x000000d8   Code   RO         2473    i.LL_GPIO_Isr       Rafael_BLE_M0.lib(ll.o)
    0x00005edc   0x00005edc   0x0000001c   Code   RO         2474    i.LL_GetMasterFreeConnID  Rafael_BLE_M0.lib(ll.o)
    0x00005ef8   0x00005ef8   0x0000001c   Code   RO         2475    i.LL_GetSlaveFreeConnID  Rafael_BLE_M0.lib(ll.o)
    0x00005f14   0x00005f14   0x00000020   Code   RO         2476    i.LL_MsgBlk_LL_conn_Para_Rls  Rafael_BLE_M0.lib(ll.o)
    0x00005f34   0x00005f34   0x00000038   Code   RO         2477    i.LL_Msg_CTRL_PKT   Rafael_BLE_M0.lib(ll.o)
    0x00005f6c   0x00005f6c   0x00000038   Code   RO         2478    i.LL_Msg_CTRL_PKT_Isr  Rafael_BLE_M0.lib(ll.o)
    0x00005fa4   0x00005fa4   0x0000001e   Code   RO         2480    i.LL_Msg_Event_Encrypt_Change  Rafael_BLE_M0.lib(ll.o)
    0x00005fc2   0x00005fc2   0x0000001e   Code   RO         2481    i.LL_Msg_Event_Le_Data_Length_Change  Rafael_BLE_M0.lib(ll.o)
    0x00005fe0   0x00005fe0   0x00000020   Code   RO         2482    i.LL_Msg_Event_Le_PHY_Update_Complete  Rafael_BLE_M0.lib(ll.o)
    0x00006000   0x00006000   0x0000001a   Code   RO         2483    i.LL_Msg_Event_Status  Rafael_BLE_M0.lib(ll.o)
    0x0000601a   0x0000601a   0x00000002   PAD
    0x0000601c   0x0000601c   0x0000009c   Code   RO         2486    i.LL_Queue_To_Buffer_Isr  Rafael_BLE_M0.lib(ll.o)
    0x000060b8   0x000060b8   0x000000dc   Code   RO         2487    i.LL_ReleaseConnID  Rafael_BLE_M0.lib(ll.o)
    0x00006194   0x00006194   0x000000f4   Code   RO         2488    i.LL_ReleaseConnID_Isr  Rafael_BLE_M0.lib(ll.o)
    0x00006288   0x00006288   0x00000054   Code   RO         2489    i.LL_RfChRemap      Rafael_BLE_M0.lib(ll.o)
    0x000062dc   0x000062dc   0x00000024   Code   RO         2490    i.LL_Root           Rafael_BLE_M0.lib(ll.o)
    0x00006300   0x00006300   0x00000054   Code   RO         2491    i.LL_RxEnter_Isr    Rafael_BLE_M0.lib(ll.o)
    0x00006354   0x00006354   0x0000001c   Code   RO         2493    i.LL_Slv_Win_Width_Incr  Rafael_BLE_M0.lib(ll.o)
    0x00006370   0x00006370   0x00000030   Code   RO         2495    i.LL_SvPrToutAccu_Incr  Rafael_BLE_M0.lib(ll.o)
    0x000063a0   0x000063a0   0x0000002c   Code   RO         2496    i.LL_TmrBlk_Pt_PairRst  Rafael_BLE_M0.lib(ll.o)
    0x000063cc   0x000063cc   0x00000038   Code   RO         2497    i.LL_TmrBlk_Rls     Rafael_BLE_M0.lib(ll.o)
    0x00006404   0x00006404   0x00000020   Code   RO         2498    i.LL_TmrBlk_Rls_NxtIntvl  Rafael_BLE_M0.lib(ll.o)
    0x00006424   0x00006424   0x00000048   Code   RO         2499    i.LL_TmrBlk_Rls_Pair  Rafael_BLE_M0.lib(ll.o)
    0x0000646c   0x0000646c   0x00000078   Code   RO         2500    i.LL_Tmr_FIFO_ADVrpt  Rafael_BLE_M0.lib(ll.o)
    0x000064e4   0x000064e4   0x00000058   Code   RO         2501    i.LL_TxEnter_Isr    Rafael_BLE_M0.lib(ll.o)
    0x0000653c   0x0000653c   0x00000044   Code   RO         2502    i.LL_smp_SKD_IV_genIn  Rafael_BLE_M0.lib(ll.o)
    0x00006580   0x00006580   0x0000001c   Code   RO         1540    i.MCU_GpioIntDisable  porting_misc.o
    0x0000659c   0x0000659c   0x0000003c   Code   RO         1541    i.MCU_GpioIntEnable  porting_misc.o
    0x000065d8   0x000065d8   0x0000002c   Code   RO         1542    i.MCU_GpioPinInit   porting_misc.o
    0x00006604   0x00006604   0x00000024   Code   RO         1543    i.MCU_GpioReset     porting_misc.o
    0x00006628   0x00006628   0x0000001c   Code   RO         1544    i.MCU_GpioResetInit  porting_misc.o
    0x00006644   0x00006644   0x00000058   Code   RO         1668    i.MCU_SpiInit       porting_spi.o
    0x0000669c   0x0000669c   0x00000048   Code   RO         1136    i.MCU_Timer0Enable  main.o
    0x000066e4   0x000066e4   0x00000058   Code   RO         1546    i.MCU_WDTmr_En      porting_misc.o
    0x0000673c   0x0000673c   0x00000004   Code   RO         2503    i.MEC_HCI_Null      Rafael_BLE_M0.lib(ll.o)
    0x00006740   0x00006740   0x00000224   Code   RO         3570    i.MHC_Callback      Rafael_BLE_M0.lib(ble_event.o)
    0x00006964   0x00006964   0x00000002   Code   RO         4013    i.MHC_Event_Authen_Payload_Timeout_Expired  Rafael_BLE_M0.lib(hci.o)
    0x00006966   0x00006966   0x00000002   PAD
    0x00006968   0x00006968   0x000000ac   Code   RO         4014    i.MHC_Event_Cmd_Complete  Rafael_BLE_M0.lib(hci.o)
    0x00006a14   0x00006a14   0x0000001c   Code   RO         4015    i.MHC_Event_Cmd_Status  Rafael_BLE_M0.lib(hci.o)
    0x00006a30   0x00006a30   0x00000002   Code   RO         4016    i.MHC_Event_Data_Buffer_Overflow  Rafael_BLE_M0.lib(hci.o)
    0x00006a32   0x00006a32   0x00000002   PAD
    0x00006a34   0x00006a34   0x00000034   Code   RO         4017    i.MHC_Event_Disconn_Complete  Rafael_BLE_M0.lib(hci.o)
    0x00006a68   0x00006a68   0x00000100   Code   RO         4018    i.MHC_Event_Encrypt_Change  Rafael_BLE_M0.lib(hci.o)
    0x00006b68   0x00006b68   0x0000005c   Code   RO         4019    i.MHC_Event_Encrypt_Key_Refresh_Complete  Rafael_BLE_M0.lib(hci.o)
    0x00006bc4   0x00006bc4   0x00000004   Code   RO         4020    i.MHC_Event_HCI_Raw  Rafael_BLE_M0.lib(hci.o)
    0x00006bc8   0x00006bc8   0x00000002   Code   RO         4021    i.MHC_Event_Hardware_Error  Rafael_BLE_M0.lib(hci.o)
    0x00006bca   0x00006bca   0x00000002   PAD
    0x00006bcc   0x00006bcc   0x00000034   Code   RO         4022    i.MHC_Event_Le_Adv_Report  Rafael_BLE_M0.lib(hci.o)
    0x00006c00   0x00006c00   0x00000084   Code   RO         4023    i.MHC_Event_Le_Conn_Complete  Rafael_BLE_M0.lib(hci.o)
    0x00006c84   0x00006c84   0x00000030   Code   RO         4024    i.MHC_Event_Le_Conn_Update_Complete  Rafael_BLE_M0.lib(hci.o)
    0x00006cb4   0x00006cb4   0x0000002c   Code   RO         4025    i.MHC_Event_Le_Data_Length_Change  Rafael_BLE_M0.lib(hci.o)
    0x00006ce0   0x00006ce0   0x00000130   Code   RO         4026    i.MHC_Event_Le_Long_Term_Key_Req  Rafael_BLE_M0.lib(hci.o)
    0x00006e10   0x00006e10   0x00000034   Code   RO         4027    i.MHC_Event_Le_PHY_Update_Complete  Rafael_BLE_M0.lib(hci.o)
    0x00006e44   0x00006e44   0x0000001c   Code   RO         4028    i.MHC_Event_Le_Read_Remote_Used_Features_Complete  Rafael_BLE_M0.lib(hci.o)
    0x00006e60   0x00006e60   0x00000002   Code   RO         4029    i.MHC_Event_Le_Remote_Conn_param_Req_Event  Rafael_BLE_M0.lib(hci.o)
    0x00006e62   0x00006e62   0x00000002   PAD
    0x00006e64   0x00006e64   0x00000014   Code   RO         4030    i.MHC_Event_Le_Wait_Passkey_Confrim  Rafael_BLE_M0.lib(hci.o)
    0x00006e78   0x00006e78   0x00000002   Code   RO         4031    i.MHC_Event_Null    Rafael_BLE_M0.lib(hci.o)
    0x00006e7a   0x00006e7a   0x00000004   Code   RO         4032    i.MHC_Event_Num_Of_Completed_Pckts  Rafael_BLE_M0.lib(hci.o)
    0x00006e7e   0x00006e7e   0x00000002   PAD
    0x00006e80   0x00006e80   0x00000010   Code   RO         4033    i.MHC_Event_Read_Remote_Ver_Info_Complete  Rafael_BLE_M0.lib(hci.o)
    0x00006e90   0x00006e90   0x00000014   Code   RO         4034    i.MHC_Event_STK_Gen_Method  Rafael_BLE_M0.lib(hci.o)
    0x00006ea4   0x00006ea4   0x00000014   Code   RO         4035    i.MHC_Evnet_Auth_Status  Rafael_BLE_M0.lib(hci.o)
    0x00006eb8   0x00006eb8   0x00000044   Code   RO         4036    i.MHC_LE_ACL_Data_Pkt  Rafael_BLE_M0.lib(hci.o)
    0x00006efc   0x00006efc   0x00000004   Code   RO         4037    i.MHC_LE_ACL_Data_Pkt_Extend  Rafael_BLE_M0.lib(hci.o)
    0x00006f00   0x00006f00   0x00000002   Code   RO         1808    i.MHS_Event_Null    Rafael_BLE_M0.lib(host.o)
    0x00006f02   0x00006f02   0x00000002   Code   RO         4224    i.ML2CAP_Event_Null  Rafael_BLE_M0.lib(l2cap.o)
    0x00006f04   0x00006f04   0x00000004   Code   RO         2504    i.MLL_HCI_Null      Rafael_BLE_M0.lib(ll.o)
    0x00006f08   0x00006f08   0x00000004   Code   RO         2505    i.MLL_LE_Ctrl_Pkt   Rafael_BLE_M0.lib(ll.o)
    0x00006f0c   0x00006f0c   0x00000018   Code   RO         2506    i.MLL_LL_CHN_Map_Upd  Rafael_BLE_M0.lib(ll.o)
    0x00006f24   0x00006f24   0x0000001c   Code   RO         2507    i.MLL_LL_Enc_Req    Rafael_BLE_M0.lib(ll.o)
    0x00006f40   0x00006f40   0x00000044   Code   RO         1137    i.NVIC_SetPriority  main.o
    0x00006f84   0x00006f84   0x00000030   Code   RO          534    i.PDMA_Open         pdma.o
    0x00006fb4   0x00006fb4   0x00000016   Code   RO          535    i.PDMA_SetBurstType  pdma.o
    0x00006fca   0x00006fca   0x00000022   Code   RO          537    i.PDMA_SetTransferAddr  pdma.o
    0x00006fec   0x00006fec   0x000000c4   Code   RO          539    i.PDMA_SetTransferMode  pdma.o
    0x000070b0   0x000070b0   0x00000034   Code   RO         4273    i.PassEC_BLE_CODE_SMP  Rafael_BLE_M0.lib(mmi.o)
    0x000070e4   0x000070e4   0x00000024   Code   RO         4274    i.Prcss_BLE_CODE_SMP_Encryption_Information  Rafael_BLE_M0.lib(mmi.o)
    0x00007108   0x00007108   0x00000004   Code   RO         4275    i.Prcss_BLE_CODE_SMP_Identity_Address_Information  Rafael_BLE_M0.lib(mmi.o)
    0x0000710c   0x0000710c   0x00000024   Code   RO         4276    i.Prcss_BLE_CODE_SMP_Identity_Information  Rafael_BLE_M0.lib(mmi.o)
    0x00007130   0x00007130   0x0000003c   Code   RO         4277    i.Prcss_BLE_CODE_SMP_Master_Identification  Rafael_BLE_M0.lib(mmi.o)
    0x0000716c   0x0000716c   0x00000060   Code   RO         4278    i.Prcss_BLE_CODE_SMP_Pairing_Confirm  Rafael_BLE_M0.lib(mmi.o)
    0x000071cc   0x000071cc   0x00000034   Code   RO         4279    i.Prcss_BLE_CODE_SMP_Pairing_Failed  Rafael_BLE_M0.lib(mmi.o)
    0x00007200   0x00007200   0x00000018   Code   RO         4280    i.Prcss_BLE_CODE_SMP_Pairing_Random  Rafael_BLE_M0.lib(mmi.o)
    0x00007218   0x00007218   0x000000f8   Code   RO         4281    i.Prcss_BLE_CODE_SMP_Pairing_Request  Rafael_BLE_M0.lib(mmi.o)
    0x00007310   0x00007310   0x00000004   Code   RO         4282    i.Prcss_BLE_CODE_SMP_Pairing_Response  Rafael_BLE_M0.lib(mmi.o)
    0x00007314   0x00007314   0x00000004   Code   RO         4283    i.Prcss_BLE_CODE_SMP_Reserved  Rafael_BLE_M0.lib(mmi.o)
    0x00007318   0x00007318   0x00000004   Code   RO         4284    i.Prcss_BLE_CODE_SMP_Security_Request  Rafael_BLE_M0.lib(mmi.o)
    0x0000731c   0x0000731c   0x00000024   Code   RO         4285    i.Prcss_BLE_CODE_SMP_Signing_Information  Rafael_BLE_M0.lib(mmi.o)
    0x00007340   0x00007340   0x00000004   Code   RO         4286    i.Prcss_L2CAP_CID_AMP_MANAGER_PROTOCOL  Rafael_BLE_M0.lib(mmi.o)
    0x00007344   0x00007344   0x00000044   Code   RO         4287    i.Prcss_L2CAP_CID_ATTRIBUTE_PROTOCOL  Rafael_BLE_M0.lib(mmi.o)
    0x00007388   0x00007388   0x00000004   Code   RO         4288    i.Prcss_L2CAP_CID_CONNECTIONLESS_CHANNEL  Rafael_BLE_M0.lib(mmi.o)
    0x0000738c   0x0000738c   0x00000004   Code   RO         4289    i.Prcss_L2CAP_CID_L2CAP_SIGNALING_CHANNEL  Rafael_BLE_M0.lib(mmi.o)
    0x00007390   0x00007390   0x00000050   Code   RO         4290    i.Prcss_L2CAP_CID_LE_L2CAP_SIGNALING_CHANNEL  Rafael_BLE_M0.lib(mmi.o)
    0x000073e0   0x000073e0   0x00000004   Code   RO         4291    i.Prcss_L2CAP_CID_NULL_IDENTIFIER  Rafael_BLE_M0.lib(mmi.o)
    0x000073e4   0x000073e4   0x00000028   Code   RO         4292    i.Prcss_L2CAP_CID_SECURITY_MANAGER_PROTOCOL  Rafael_BLE_M0.lib(mmi.o)
    0x0000740c   0x0000740c   0x00000004   Code   RO         4293    i.Prcss_OPCODE_ATT_Error_Response  Rafael_BLE_M0.lib(mmi.o)
    0x00007410   0x00007410   0x00000054   Code   RO         4294    i.Prcss_OPCODE_ATT_Exchange_MTU_Request  Rafael_BLE_M0.lib(mmi.o)
    0x00007464   0x00007464   0x00000030   Code   RO         4295    i.Prcss_OPCODE_ATT_Exchange_MTU_Response  Rafael_BLE_M0.lib(mmi.o)
    0x00007494   0x00007494   0x000000fc   Code   RO         4296    i.Prcss_OPCODE_ATT_Execute_Write_Request  Rafael_BLE_M0.lib(mmi.o)
    0x00007590   0x00007590   0x00000004   Code   RO         4297    i.Prcss_OPCODE_ATT_Execute_Write_Response  Rafael_BLE_M0.lib(mmi.o)
    0x00007594   0x00007594   0x0000014c   Code   RO         4298    i.Prcss_OPCODE_ATT_Find_By_Type_Value_Request  Rafael_BLE_M0.lib(mmi.o)
    0x000076e0   0x000076e0   0x00000004   Code   RO         4299    i.Prcss_OPCODE_ATT_Find_By_Type_Value_Response  Rafael_BLE_M0.lib(mmi.o)
    0x000076e4   0x000076e4   0x00000158   Code   RO         4300    i.Prcss_OPCODE_ATT_Find_Information_Request  Rafael_BLE_M0.lib(mmi.o)
    0x0000783c   0x0000783c   0x00000004   Code   RO         4301    i.Prcss_OPCODE_ATT_Find_Information_Response  Rafael_BLE_M0.lib(mmi.o)
    0x00007840   0x00007840   0x00000010   Code   RO         4302    i.Prcss_OPCODE_ATT_Handle_Value_Confirmation  Rafael_BLE_M0.lib(mmi.o)
    0x00007850   0x00007850   0x00000004   Code   RO         4303    i.Prcss_OPCODE_ATT_Handle_Value_Indication  Rafael_BLE_M0.lib(mmi.o)
    0x00007854   0x00007854   0x00000004   Code   RO         4304    i.Prcss_OPCODE_ATT_Handle_Value_Notification  Rafael_BLE_M0.lib(mmi.o)
    0x00007858   0x00007858   0x00000004   Code   RO         4305    i.Prcss_OPCODE_ATT_NULL  Rafael_BLE_M0.lib(mmi.o)
    0x0000785c   0x0000785c   0x00000108   Code   RO         4306    i.Prcss_OPCODE_ATT_Prepare_Write_Request  Rafael_BLE_M0.lib(mmi.o)
    0x00007964   0x00007964   0x00000004   Code   RO         4307    i.Prcss_OPCODE_ATT_Prepare_Write_Response  Rafael_BLE_M0.lib(mmi.o)
    0x00007968   0x00007968   0x00000118   Code   RO         4308    i.Prcss_OPCODE_ATT_Read_Blob_Request  Rafael_BLE_M0.lib(mmi.o)
    0x00007a80   0x00007a80   0x00000004   Code   RO         4309    i.Prcss_OPCODE_ATT_Read_Blob_Response  Rafael_BLE_M0.lib(mmi.o)
    0x00007a84   0x00007a84   0x00000258   Code   RO         4310    i.Prcss_OPCODE_ATT_Read_By_Type_Request  Rafael_BLE_M0.lib(mmi.o)
    0x00007cdc   0x00007cdc   0x00000004   Code   RO         4311    i.Prcss_OPCODE_ATT_Read_By_Type_Response  Rafael_BLE_M0.lib(mmi.o)
    0x00007ce0   0x00007ce0   0x00000020   Code   RO         4312    i.Prcss_OPCODE_ATT_Read_Multiple_Request  Rafael_BLE_M0.lib(mmi.o)
    0x00007d00   0x00007d00   0x00000004   Code   RO         4313    i.Prcss_OPCODE_ATT_Read_Multiple_Response  Rafael_BLE_M0.lib(mmi.o)
    0x00007d04   0x00007d04   0x00000124   Code   RO         4314    i.Prcss_OPCODE_ATT_Read_Request  Rafael_BLE_M0.lib(mmi.o)
    0x00007e28   0x00007e28   0x00000004   Code   RO         4315    i.Prcss_OPCODE_ATT_Read_Response  Rafael_BLE_M0.lib(mmi.o)
    0x00007e2c   0x00007e2c   0x000002d4   Code   RO         4316    i.Prcss_OPCODE_ATT_Read_by_Group_Type_Request  Rafael_BLE_M0.lib(mmi.o)
    0x00008100   0x00008100   0x00000004   Code   RO         4317    i.Prcss_OPCODE_ATT_Read_by_Group_Type_Response  Rafael_BLE_M0.lib(mmi.o)
    0x00008104   0x00008104   0x0000022c   Code   RO         4319    i.Prcss_OPCODE_ATT_Write_Command  Rafael_BLE_M0.lib(mmi.o)
    0x00008330   0x00008330   0x0000026c   Code   RO         4320    i.Prcss_OPCODE_ATT_Write_Request  Rafael_BLE_M0.lib(mmi.o)
    0x0000859c   0x0000859c   0x0000000c   Code   RO         4321    i.Prcss_OPCODE_ATT_Write_Response  Rafael_BLE_M0.lib(mmi.o)
    0x000085a8   0x000085a8   0x0000001c   Code   RO         3607    i.RF_CCM_AES_Mode_set  Rafael_BLE_M0.lib(rf_phy.o)
    0x000085c4   0x000085c4   0x0000000e   Code   RO         3608    i.RF_CRCInit        Rafael_BLE_M0.lib(rf_phy.o)
    0x000085d2   0x000085d2   0x00000014   Code   RO         3609    i.RF_CRCchk         Rafael_BLE_M0.lib(rf_phy.o)
    0x000085e6   0x000085e6   0x00000002   PAD
    0x000085e8   0x000085e8   0x0000002c   Code   RO         3610    i.RF_DC_Rstr_Isr    Rafael_BLE_M0.lib(rf_phy.o)
    0x00008614   0x00008614   0x00000060   Code   RO         3613    i.RF_Get_LastRssi   Rafael_BLE_M0.lib(rf_phy.o)
    0x00008674   0x00008674   0x00000010   Code   RO         3616    i.RF_Header_Rdy_intOn  Rafael_BLE_M0.lib(rf_phy.o)
    0x00008684   0x00008684   0x00000170   Code   RO         3617    i.RF_Init           Rafael_BLE_M0.lib(rf_phy.o)
    0x000087f4   0x000087f4   0x00000014   Code   RO         3618    i.RF_IntReset       Rafael_BLE_M0.lib(rf_phy.o)
    0x00008808   0x00008808   0x00000018   Code   RO         3620    i.RF_LE_HeaderStsLen_Tx  Rafael_BLE_M0.lib(rf_phy.o)
    0x00008820   0x00008820   0x0000002c   Code   RO         1138    i.RF_Open           main.o
    0x0000884c   0x0000884c   0x0000000e   Code   RO         3621    i.RF_PLL_VCO_Bank_set  Rafael_BLE_M0.lib(rf_phy.o)
    0x0000885a   0x0000885a   0x00000002   PAD
    0x0000885c   0x0000885c   0x00000044   Code   RO         3622    i.RF_PowerSaving_En_Isr  Rafael_BLE_M0.lib(rf_phy.o)
    0x000088a0   0x000088a0   0x0000000c   Code   RO         3625    i.RF_RxLengthLimit  Rafael_BLE_M0.lib(rf_phy.o)
    0x000088ac   0x000088ac   0x00000084   Code   RO         3626    i.RF_Set_TxPowerLevel_Isr  Rafael_BLE_M0.lib(rf_phy.o)
    0x00008930   0x00008930   0x00000098   Code   RO         1547    i.RF_SpiIoMapping   porting_misc.o
    0x000089c8   0x000089c8   0x00000030   Code   RO         3627    i.RF_SymbolRate_Patch_1M_2M  Rafael_BLE_M0.lib(rf_phy.o)
    0x000089f8   0x000089f8   0x00000024   Code   RO         3628    i.RF_SymbolRate_set  Rafael_BLE_M0.lib(rf_phy.o)
    0x00008a1c   0x00008a1c   0x000000d4   Code   RO         3632    i.RF_Tmr_Periodic_initial  Rafael_BLE_M0.lib(rf_phy.o)
    0x00008af0   0x00008af0   0x0000005c   Code   RO         3633    i.RF_Tmr_Periodic_set_ISR  Rafael_BLE_M0.lib(rf_phy.o)
    0x00008b4c   0x00008b4c   0x00000018   Code   RO         3634    i.RF_TxAutoAckOff   Rafael_BLE_M0.lib(rf_phy.o)
    0x00008b64   0x00008b64   0x00000018   Code   RO         3635    i.RF_TxAutoAckOn    Rafael_BLE_M0.lib(rf_phy.o)
    0x00008b7c   0x00008b7c   0x00000018   Code   RO         3636    i.RF_TxFIFO_ADVData_set  Rafael_BLE_M0.lib(rf_phy.o)
    0x00008b94   0x00008b94   0x00000018   Code   RO         3637    i.RF_TxFIFO_ADVaddr_set  Rafael_BLE_M0.lib(rf_phy.o)
    0x00008bac   0x00008bac   0x00000020   Code   RO         3638    i.RF_TxFIFO_LeData_set  Rafael_BLE_M0.lib(rf_phy.o)
    0x00008bcc   0x00008bcc   0x0000001c   Code   RO         3639    i.RF_TxFIFO_LeData_wIdx_set  Rafael_BLE_M0.lib(rf_phy.o)
    0x00008be8   0x00008be8   0x0000001c   Code   RO         3640    i.RF_TxFIFO_OriginAddr_set  Rafael_BLE_M0.lib(rf_phy.o)
    0x00008c04   0x00008c04   0x00000064   Code   RO         3641    i.RF_Voltage_Det    Rafael_BLE_M0.lib(rf_phy.o)
    0x00008c68   0x00008c68   0x00000014   Code   RO         3642    i.RF_WTR_EnChk      Rafael_BLE_M0.lib(rf_phy.o)
    0x00008c7c   0x00008c7c   0x00000018   Code   RO         3645    i.RF_WTR_intOff     Rafael_BLE_M0.lib(rf_phy.o)
    0x00008c94   0x00008c94   0x00000018   Code   RO         3646    i.RF_WTR_intOn      Rafael_BLE_M0.lib(rf_phy.o)
    0x00008cac   0x00008cac   0x00000034   Code   RO         2508    i.RF_cmpFIFO_BDAddr  Rafael_BLE_M0.lib(ll.o)
    0x00008ce0   0x00008ce0   0x00000044   Code   RO         2509    i.RF_cmpFIFO_WhiteList  Rafael_BLE_M0.lib(ll.o)
    0x00008d24   0x00008d24   0x000001d4   Code   RO         1252    i.RT568_SystemTest  user.o
    0x00008ef8   0x00008ef8   0x00000024   Code   RO         2133    i.RcvMsgBlk         Rafael_BLE_M0.lib(kernel.o)
    0x00008f1c   0x00008f1c   0x0000000c   Code   RO         4225    i.Rls_L2CAP_Buf     Rafael_BLE_M0.lib(l2cap.o)
    0x00008f28   0x00008f28   0x00000034   Code   RO         4322    i.SMEC_LE_CODE_SMP_Pairing_Confirm  Rafael_BLE_M0.lib(mmi.o)
    0x00008f5c   0x00008f5c   0x000000a0   Code   RO         4323    i.SMEC_LE_CODE_SMP_Pairing_Random  Rafael_BLE_M0.lib(mmi.o)
    0x00008ffc   0x00008ffc   0x00000090   Code   RO         4324    i.SMEC_LE_SMP_Key_Gen  Rafael_BLE_M0.lib(mmi.o)
    0x0000908c   0x0000908c   0x0000007c   Code   RO         1669    i.SPI_1BYT_SetRx    porting_spi.o
    0x00009108   0x00009108   0x0000008c   Code   RO         1670    i.SPI_1BYT_SetRx_Isr  porting_spi.o
    0x00009194   0x00009194   0x0000004c   Code   RO         1671    i.SPI_1BYT_SetTx    porting_spi.o
    0x000091e0   0x000091e0   0x00000044   Code   RO         1672    i.SPI_1BYT_SetTx_Isr  porting_spi.o
    0x00009224   0x00009224   0x0000005c   Code   RO         1673    i.SPI_2BYT_SetTx_Isr  porting_spi.o
    0x00009280   0x00009280   0x00000014   Code   RO          712    i.SPI_EnableAutoSS  spi.o
    0x00009294   0x00009294   0x00000040   Code   RO         1548    i.SPI_GPIO_Init     porting_misc.o
    0x000092d4   0x000092d4   0x0000011c   Code   RO          717    i.SPI_Open          spi.o
    0x000093f0   0x000093f0   0x00000098   Code   RO         1674    i.SPI_PDMA_Init     porting_spi.o
    0x00009488   0x00009488   0x000000cc   Code   RO         1675    i.SPI_PDMA_SetRx_Isr  porting_spi.o
    0x00009554   0x00009554   0x00000084   Code   RO         1676    i.SPI_PDMA_SetTx    porting_spi.o
    0x000095d8   0x000095d8   0x00000048   Code   RO         1677    i.SPI_PDMA_waitFinish  porting_spi.o
    0x00009620   0x00009620   0x000000b0   Code   RO         1139    i.SYS_Init          main.o
    0x000096d0   0x000096d0   0x0000001a   Code   RO          859    i.SYS_ResetModule   sys.o
    0x000096ea   0x000096ea   0x00000002   PAD
    0x000096ec   0x000096ec   0x0000001c   Code   RO         1550    i.SYS_UnlockReg     porting_misc.o
    0x00009708   0x00009708   0x0000001c   Code   RO         1742    i.SYS_UnlockReg     porting_flash.o
    0x00009724   0x00009724   0x00000020   Code   RO          622    i.SendChar          retarget.o
    0x00009744   0x00009744   0x00000020   Code   RO         2134    i.SndMsgBlk         Rafael_BLE_M0.lib(kernel.o)
    0x00009764   0x00009764   0x0000001c   Code   RO         2510    i.SndMsgBlkEC       Rafael_BLE_M0.lib(ll.o)
    0x00009780   0x00009780   0x0000001c   Code   RO         2135    i.SndMsgBlk_Isr     Rafael_BLE_M0.lib(kernel.o)
    0x0000979c   0x0000979c   0x00000030   Code   RO         2137    i.SndMsgBlks_Isr    Rafael_BLE_M0.lib(kernel.o)
    0x000097cc   0x000097cc   0x00000094   Code   RO            3    i.SystemCoreClockUpdate  system_m031series.o
    0x00009860   0x00009860   0x00000038   Code   RO            4    i.SystemInit        system_m031series.o
    0x00009898   0x00009898   0x00000070   Code   RO          932    i.TIMER_GetModuleClock  timer.o
    0x00009908   0x00009908   0x00000040   Code   RO          933    i.TIMER_Open        timer.o
    0x00009948   0x00009948   0x00000030   Code   RO         1253    i.TMR0_IRQHandler   user.o
    0x00009978   0x00009978   0x00000024   Code   RO         1777    i.Tiny_Delay        porting_lltimer.o
    0x0000999c   0x0000999c   0x00000048   Code   RO         1254    i.UART02_IRQHandler  user.o
    0x000099e4   0x000099e4   0x00000028   Code   RO         1140    i.UART0_Init        main.o
    0x00009a0c   0x00009a0c   0x00000014   Code   RO         1141    i.UART1_Init        main.o
    0x00009a20   0x00009a20   0x0000001c   Code   RO         1552    i.UART1_SendData    porting_misc.o
    0x00009a3c   0x00009a3c   0x00000008   Code   RO         1017    i.UART_EnableInt    uart.o
    0x00009a44   0x00009a44   0x000000e4   Code   RO         1018    i.UART_Open         uart.o
    0x00009b28   0x00009b28   0x0000002e   Code   RO         1025    i.UART_Write        uart.o
    0x00009b56   0x00009b56   0x00000002   PAD
    0x00009b58   0x00009b58   0x0000001c   Code   RO         1115    i.WDT_Open          wdt.o
    0x00009b74   0x00009b74   0x00000020   Code   RO         4843    i.__0printf$8       mc_p.l(printf8.o)
    0x00009b94   0x00009b94   0x0000001a   Code   RO         2368    i.__ARM_common_switch8  Rafael_BLE_M0.lib(kernel.o)
    0x00009bae   0x00009bae   0x0000000e   Code   RO         4954    i.__scatterload_copy  mc_p.l(handlers.o)
    0x00009bbc   0x00009bbc   0x00000002   Code   RO         4955    i.__scatterload_null  mc_p.l(handlers.o)
    0x00009bbe   0x00009bbe   0x0000000e   Code   RO         4956    i.__scatterload_zeroinit  mc_p.l(handlers.o)
    0x00009bcc   0x00009bcc   0x00000428   Code   RO         4850    i._printf_core      mc_p.l(printf8.o)
    0x00009ff4   0x00009ff4   0x00000020   Code   RO         4851    i._printf_post_padding  mc_p.l(printf8.o)
    0x0000a014   0x0000a014   0x0000002c   Code   RO         4852    i._printf_pre_padding  mc_p.l(printf8.o)
    0x0000a040   0x0000a040   0x00000084   Code   RO         3196    i.checkBLE_CmdTimer  Rafael_BLE_M0.lib(rffunction.o)
    0x0000a0c4   0x0000a0c4   0x0000005c   Code   RO         3197    i.chkBLE_ATTRIBUTE_PERMISSION_Read  Rafael_BLE_M0.lib(rffunction.o)
    0x0000a120   0x0000a120   0x0000005c   Code   RO         3198    i.chkBLE_ATTRIBUTE_PERMISSION_Write  Rafael_BLE_M0.lib(rffunction.o)
    0x0000a17c   0x0000a17c   0x00000004   Code   RO         3199    i.chkBLE_ATT_Chr_AcssRd_ByUser  Rafael_BLE_M0.lib(rffunction.o)
    0x0000a180   0x0000a180   0x00000004   Code   RO         3200    i.chkBLE_ATT_Chr_AcssWr_ByUser  Rafael_BLE_M0.lib(rffunction.o)
    0x0000a184   0x0000a184   0x00000014   Code   RO         2511    i.chkBLE_LL_State_Adv  Rafael_BLE_M0.lib(ll.o)
    0x0000a198   0x0000a198   0x00000014   Code   RO         2512    i.chkBLE_LL_State_Init  Rafael_BLE_M0.lib(ll.o)
    0x0000a1ac   0x0000a1ac   0x00000014   Code   RO         2513    i.chkBLE_LL_State_Scan  Rafael_BLE_M0.lib(ll.o)
    0x0000a1c0   0x0000a1c0   0x00000018   Code   RO         3201    i.chkIfBLE_ATT_Chr_Acss_ByUser  Rafael_BLE_M0.lib(rffunction.o)
    0x0000a1d8   0x0000a1d8   0x00000030   Code   RO         3202    i.clearBLE_CmdTimer  Rafael_BLE_M0.lib(rffunction.o)
    0x0000a208   0x0000a208   0x00000484   Code   RO         1473    i.cmd_FlashBond     bonding_storage.o
    0x0000a68c   0x0000a68c   0x00000014   Code   RO         1474    i.ersDATA_FLASHBOND  bonding_storage.o
    0x0000a6a0   0x0000a6a0   0x00000014   Code   RO         1475    i.ersINFO_FLASHBOND  bonding_storage.o
    0x0000a6b4   0x0000a6b4   0x000000a4   Code   RO         1476    i.fil_DATA_FLASHBONDwEXST_PBID  bonding_storage.o
    0x0000a758   0x0000a758   0x000000b4   Code   RO         1477    i.fil_INFO_FLASHBONDwEXST_PBID  bonding_storage.o
    0x0000a80c   0x0000a80c   0x00000040   Code   RO         1743    i.flash_erase_internal_use  porting_flash.o
    0x0000a84c   0x0000a84c   0x00000040   Code   RO         1744    i.flash_program_internal_use  porting_flash.o
    0x0000a88c   0x0000a88c   0x0000000c   Code   RO          626    i.fputc             retarget.o
    0x0000a898   0x0000a898   0x0000001c   Code   RO         3203    i.getBLE_ATTRIBUTE_TYPE_Size  Rafael_BLE_M0.lib(rffunction.o)
    0x0000a8b4   0x0000a8b4   0x00000020   Code   RO         3204    i.getBLE_ATTRIBUTE_Value_DynmcLngth  Rafael_BLE_M0.lib(rffunction.o)
    0x0000a8d4   0x0000a8d4   0x00000014   Code   RO         3205    i.getBLE_CmdTimerEvent  Rafael_BLE_M0.lib(rffunction.o)
    0x0000a8e8   0x0000a8e8   0x00000032   Code   RO         3391    i.getBLE_RssiValue  Rafael_BLE_M0.lib(ble_cmd.o)
    0x0000a91a   0x0000a91a   0x00000002   PAD
    0x0000a91c   0x0000a91c   0x00000080   Code   RO         3206    i.initBLE_AttServParamter  Rafael_BLE_M0.lib(rffunction.o)
    0x0000a99c   0x0000a99c   0x00000040   Code   RO         4325    i.initBLEsmp        Rafael_BLE_M0.lib(mmi.o)
    0x0000a9dc   0x0000a9dc   0x00000038   Code   RO         4326    i.initBLEsmp_Re     Rafael_BLE_M0.lib(mmi.o)
    0x0000aa14   0x0000aa14   0x00000014   Code   RO         4327    i.initBLEsw         Rafael_BLE_M0.lib(mmi.o)
    0x0000aa28   0x0000aa28   0x00000014   Code   RO         1809    i.initBleDeviceParam  Rafael_BLE_M0.lib(host.o)
    0x0000aa3c   0x0000aa3c   0x00000034   Code   RO         4038    i.initHCI           Rafael_BLE_M0.lib(hci.o)
    0x0000aa70   0x0000aa70   0x00000018   Code   RO         3648    i.initInt           Rafael_BLE_M0.lib(rf_phy.o)
    0x0000aa88   0x0000aa88   0x0000000c   Code   RO         4226    i.initL2CAP         Rafael_BLE_M0.lib(l2cap.o)
    0x0000aa94   0x0000aa94   0x00000138   Code   RO         2514    i.initLL            Rafael_BLE_M0.lib(ll.o)
    0x0000abcc   0x0000abcc   0x0000000c   Code   RO         4039    i.initLLCallBack    Rafael_BLE_M0.lib(hci.o)
    0x0000abd8   0x0000abd8   0x00000018   Code   RO         3207    i.init_q_att_HDL_PreWr  Rafael_BLE_M0.lib(rffunction.o)
    0x0000abf0   0x0000abf0   0x0000009c   Code   RO         1142    i.main              main.o
    0x0000ac8c   0x0000ac8c   0x00000038   Code   RO         1478    i.mark_PID_DATA_FLASHBOND  bonding_storage.o
    0x0000acc4   0x0000acc4   0x00000038   Code   RO         1479    i.mark_PID_INFO_FLASHBOND  bonding_storage.o
    0x0000acfc   0x0000acfc   0x00000064   Code   RO         3649    i.rafael_pll_bank_get  Rafael_BLE_M0.lib(rf_phy.o)
    0x0000ad60   0x0000ad60   0x00000130   Code   RO         3650    i.rafael_pll_calibration  Rafael_BLE_M0.lib(rf_phy.o)
    0x0000ae90   0x0000ae90   0x00000028   Code   RO         3651    i.rafael_reset_phy_fsm  Rafael_BLE_M0.lib(rf_phy.o)
    0x0000aeb8   0x0000aeb8   0x00000024   Code   RO         3652    i.rafael_reset_phy_fsm_Isr  Rafael_BLE_M0.lib(rf_phy.o)
    0x0000aedc   0x0000aedc   0x00000038   Code   RO         3392    i.setBLE_AdvData    Rafael_BLE_M0.lib(ble_cmd.o)
    0x0000af14   0x0000af14   0x00000038   Code   RO         3394    i.setBLE_AdvEnable  Rafael_BLE_M0.lib(ble_cmd.o)
    0x0000af4c   0x0000af4c   0x000000d4   Code   RO         3395    i.setBLE_AdvParam   Rafael_BLE_M0.lib(ble_cmd.o)
    0x0000b020   0x0000b020   0x0000006c   Code   RO         3396    i.setBLE_BleDeviceAddr  Rafael_BLE_M0.lib(ble_cmd.o)
    0x0000b08c   0x0000b08c   0x00000030   Code   RO         3208    i.setBLE_CmdTimer   Rafael_BLE_M0.lib(rffunction.o)
    0x0000b0bc   0x0000b0bc   0x0000000e   Code   RO         3209    i.setBLE_ConnTxData  Rafael_BLE_M0.lib(rffunction.o)
    0x0000b0ca   0x0000b0ca   0x00000030   Code   RO         3210    i.setBLE_ConnTxData_ATT_ERROR_RESPONSE  Rafael_BLE_M0.lib(rffunction.o)
    0x0000b0fa   0x0000b0fa   0x0000003e   Code   RO         3211    i.setBLE_ConnTxData_SMP  Rafael_BLE_M0.lib(rffunction.o)
    0x0000b138   0x0000b138   0x0000003e   Code   RO         3212    i.setBLE_ConnTxData_SMP_Isr  Rafael_BLE_M0.lib(rffunction.o)
    0x0000b176   0x0000b176   0x0000003c   Code   RO         3402    i.setBLE_Disconnect  Rafael_BLE_M0.lib(ble_cmd.o)
    0x0000b1b2   0x0000b1b2   0x00000002   PAD
    0x0000b1b4   0x0000b1b4   0x00000018   Code   RO         3571    i.setBLE_RegisterBleEvent  Rafael_BLE_M0.lib(ble_event.o)
    0x0000b1cc   0x0000b1cc   0x00000020   Code   RO         3653    i.setChannel_BLE    Rafael_BLE_M0.lib(rf_phy.o)
    0x0000b1ec   0x0000b1ec   0x0000000c   Code   RO         3658    i.smpAES_En         Rafael_BLE_M0.lib(rf_phy.o)
    0x0000b1f8   0x0000b1f8   0x00000048   Code   RO         3659    i.smpAES_inInv      Rafael_BLE_M0.lib(rf_phy.o)
    0x0000b240   0x0000b240   0x00000018   Code   RO         3660    i.smpAES_in_PlainText  Rafael_BLE_M0.lib(rf_phy.o)
    0x0000b258   0x0000b258   0x0000000e   Code   RO         3661    i.smpAES_in_key     Rafael_BLE_M0.lib(rf_phy.o)
    0x0000b266   0x0000b266   0x00000022   Code   RO         3662    i.smpAES_out        Rafael_BLE_M0.lib(rf_phy.o)
    0x0000b288   0x0000b288   0x00000030   Code   RO         3663    i.smpAES_outInv     Rafael_BLE_M0.lib(rf_phy.o)
    0x0000b2b8   0x0000b2b8   0x000000c4   Code   RO         3213    i.smpC1             Rafael_BLE_M0.lib(rffunction.o)
    0x0000b37c   0x0000b37c   0x00000018   Code   RO         3214    i.smpPasskey_init   Rafael_BLE_M0.lib(rffunction.o)
    0x0000b394   0x0000b394   0x0000002c   Code   RO         3215    i.smpPasskey_set    Rafael_BLE_M0.lib(rffunction.o)
    0x0000b3c0   0x0000b3c0   0x0000002c   Code   RO         3216    i.smpS1             Rafael_BLE_M0.lib(rffunction.o)
    0x0000b3ec   0x0000b3ec   0x000000b8   Code   RO         1555    i.spiGpioWriteReg   porting_misc.o
    0x0000b4a4   0x0000b4a4   0x000000a8   Code   RO          628    i.stackDump         retarget.o
    0x0000b54c   0x0000b54c   0x00000020   Data   RO            5    .constdata          system_m031series.o
    0x0000b56c   0x0000b56c   0x00000038   Data   RO          239    .constdata          clk.o
    0x0000b5a4   0x0000b5a4   0x00000020   Data   RO          936    .constdata          timer.o
    0x0000b5c4   0x0000b5c4   0x00000048   Data   RO         1026    .constdata          uart.o
    0x0000b60c   0x0000b60c   0x00000060   Data   RO         1256    .constdata          user.o
    0x0000b66c   0x0000b66c   0x00000007   Data   RO         1349    .constdata          profile_tab.o
    0x0000b673   0x0000b673   0x00000007   Data   RO         1350    .constdata          profile_tab.o
    0x0000b67a   0x0000b67a   0x0000000a   Data   RO         1351    .constdata          profile_tab.o
    0x0000b684   0x0000b684   0x0000000d   Data   RO         1352    .constdata          profile_tab.o
    0x0000b691   0x0000b691   0x0000000a   Data   RO         1353    .constdata          profile_tab.o
    0x0000b69b   0x0000b69b   0x00000007   Data   RO         1354    .constdata          profile_tab.o
    0x0000b6a2   0x0000b6a2   0x0000000a   Data   RO         1355    .constdata          profile_tab.o
    0x0000b6ac   0x0000b6ac   0x0000000b   Data   RO         1356    .constdata          profile_tab.o
    0x0000b6b7   0x0000b6b7   0x0000000a   Data   RO         1357    .constdata          profile_tab.o
    0x0000b6c1   0x0000b6c1   0x00000006   Data   RO         1358    .constdata          profile_tab.o
    0x0000b6c7   0x0000b6c7   0x0000000a   Data   RO         1359    .constdata          profile_tab.o
    0x0000b6d1   0x0000b6d1   0x0000000d   Data   RO         1360    .constdata          profile_tab.o
    0x0000b6de   0x0000b6de   0x00000007   Data   RO         1361    .constdata          profile_tab.o
    0x0000b6e5   0x0000b6e5   0x0000000a   Data   RO         1362    .constdata          profile_tab.o
    0x0000b6ef   0x0000b6ef   0x00000009   Data   RO         1363    .constdata          profile_tab.o
    0x0000b6f8   0x0000b6f8   0x00000007   Data   RO         1364    .constdata          profile_tab.o
    0x0000b6ff   0x0000b6ff   0x00000007   Data   RO         1365    .constdata          profile_tab.o
    0x0000b706   0x0000b706   0x0000000a   Data   RO         1366    .constdata          profile_tab.o
    0x0000b710   0x0000b710   0x00000009   Data   RO         1367    .constdata          profile_tab.o
    0x0000b719   0x0000b719   0x0000000c   Data   RO         1368    .constdata          profile_tab.o
    0x0000b725   0x0000b725   0x0000000a   Data   RO         1369    .constdata          profile_tab.o
    0x0000b72f   0x0000b72f   0x0000000b   Data   RO         1370    .constdata          profile_tab.o
    0x0000b73a   0x0000b73a   0x0000000c   Data   RO         1371    .constdata          profile_tab.o
    0x0000b746   0x0000b746   0x0000000a   Data   RO         1372    .constdata          profile_tab.o
    0x0000b750   0x0000b750   0x0000000d   Data   RO         1373    .constdata          profile_tab.o
    0x0000b75d   0x0000b75d   0x0000000a   Data   RO         1374    .constdata          profile_tab.o
    0x0000b767   0x0000b767   0x00000009   Data   RO         1375    .constdata          profile_tab.o
    0x0000b770   0x0000b770   0x0000000c   Data   RO         1376    .constdata          profile_tab.o
    0x0000b77c   0x0000b77c   0x0000000a   Data   RO         1377    .constdata          profile_tab.o
    0x0000b786   0x0000b786   0x0000000b   Data   RO         1378    .constdata          profile_tab.o
    0x0000b791   0x0000b791   0x0000000c   Data   RO         1379    .constdata          profile_tab.o
    0x0000b79d   0x0000b79d   0x0000000a   Data   RO         1380    .constdata          profile_tab.o
    0x0000b7a7   0x0000b7a7   0x00000008   Data   RO         1381    .constdata          profile_tab.o
    0x0000b7af   0x0000b7af   0x0000000c   Data   RO         1382    .constdata          profile_tab.o
    0x0000b7bb   0x0000b7bb   0x0000000a   Data   RO         1383    .constdata          profile_tab.o
    0x0000b7c5   0x0000b7c5   0x00000009   Data   RO         1384    .constdata          profile_tab.o
    0x0000b7ce   0x0000b7ce   0x0000000c   Data   RO         1385    .constdata          profile_tab.o
    0x0000b7da   0x0000b7da   0x0000000a   Data   RO         1386    .constdata          profile_tab.o
    0x0000b7e4   0x0000b7e4   0x0000000c   Data   RO         1387    .constdata          profile_tab.o
    0x0000b7f0   0x0000b7f0   0x00000015   Data   RO         1388    .constdata          profile_tab.o
    0x0000b805   0x0000b805   0x00000018   Data   RO         1389    .constdata          profile_tab.o
    0x0000b81d   0x0000b81d   0x00000027   Data   RO         1390    .constdata          profile_tab.o
    0x0000b844   0x0000b844   0x00000018   Data   RO         1391    .constdata          profile_tab.o
    0x0000b85c   0x0000b85c   0x00000027   Data   RO         1392    .constdata          profile_tab.o
    0x0000b883   0x0000b883   0x00000007   Data   RO         1393    .constdata          profile_tab.o
    0x0000b88a   0x0000b88a   0x00000002   Data   RO         1394    .constdata          profile_tab.o
    0x0000b88c   0x0000b88c   0x00000002   Data   RO         1395    .constdata          profile_tab.o
    0x0000b88e   0x0000b88e   0x00000002   Data   RO         1398    .constdata          profile_tab.o
    0x0000b890   0x0000b890   0x00000002   Data   RO         1401    .constdata          profile_tab.o
    0x0000b892   0x0000b892   0x00000002   Data   RO         1402    .constdata          profile_tab.o
    0x0000b894   0x0000b894   0x00000002   Data   RO         1403    .constdata          profile_tab.o
    0x0000b896   0x0000b896   0x00000002   Data   RO         1404    .constdata          profile_tab.o
    0x0000b898   0x0000b898   0x00000002   Data   RO         1405    .constdata          profile_tab.o
    0x0000b89a   0x0000b89a   0x00000002   Data   RO         1406    .constdata          profile_tab.o
    0x0000b89c   0x0000b89c   0x00000002   Data   RO         1407    .constdata          profile_tab.o
    0x0000b89e   0x0000b89e   0x00000002   Data   RO         1408    .constdata          profile_tab.o
    0x0000b8a0   0x0000b8a0   0x00000002   Data   RO         1409    .constdata          profile_tab.o
    0x0000b8a2   0x0000b8a2   0x00000002   Data   RO         1410    .constdata          profile_tab.o
    0x0000b8a4   0x0000b8a4   0x00000002   Data   RO         1411    .constdata          profile_tab.o
    0x0000b8a6   0x0000b8a6   0x00000002   Data   RO         1412    .constdata          profile_tab.o
    0x0000b8a8   0x0000b8a8   0x00000002   Data   RO         1413    .constdata          profile_tab.o
    0x0000b8aa   0x0000b8aa   0x00000002   Data   RO         1414    .constdata          profile_tab.o
    0x0000b8ac   0x0000b8ac   0x00000002   Data   RO         1415    .constdata          profile_tab.o
    0x0000b8ae   0x0000b8ae   0x00000002   Data   RO         1416    .constdata          profile_tab.o
    0x0000b8b0   0x0000b8b0   0x00000002   Data   RO         1417    .constdata          profile_tab.o
    0x0000b8b2   0x0000b8b2   0x00000002   Data   RO         1418    .constdata          profile_tab.o
    0x0000b8b4   0x0000b8b4   0x00000002   Data   RO         1419    .constdata          profile_tab.o
    0x0000b8b6   0x0000b8b6   0x00000002   PAD
    0x0000b8b8   0x0000b8b8   0x000000b4   Data   RO         1420    .constdata          profile_tab.o
    0x0000b96c   0x0000b96c   0x000000b4   Data   RO         1421    .constdata          profile_tab.o
    0x0000ba20   0x0000ba20   0x0000000c   Data   RO         1811    .constdata          Rafael_BLE_M0.lib(host.o)
    0x0000ba2c   0x0000ba2c   0x00000394   Data   RO         2520    .constdata          Rafael_BLE_M0.lib(ll.o)
    0x0000bdc0   0x0000bdc0   0x00000010   Data   RO         3226    .constdata          Rafael_BLE_M0.lib(rffunction.o)
    0x0000bdd0   0x0000bdd0   0x00000010   Data   RO         3228    .constdata          Rafael_BLE_M0.lib(rffunction.o)
    0x0000bde0   0x0000bde0   0x0000000b   Data   RO         3229    .constdata          Rafael_BLE_M0.lib(rffunction.o)
    0x0000bdeb   0x0000bdeb   0x00000010   Data   RO         3232    .constdata          Rafael_BLE_M0.lib(rffunction.o)
    0x0000bdfb   0x0000bdfb   0x00000002   Data   RO         3233    .constdata          Rafael_BLE_M0.lib(rffunction.o)
    0x0000bdfd   0x0000bdfd   0x00000008   Data   RO         3234    .constdata          Rafael_BLE_M0.lib(rffunction.o)
    0x0000be05   0x0000be05   0x00000010   Data   RO         3235    .constdata          Rafael_BLE_M0.lib(rffunction.o)
    0x0000be15   0x0000be15   0x00000010   Data   RO         3236    .constdata          Rafael_BLE_M0.lib(rffunction.o)
    0x0000be25   0x0000be25   0x00000019   Data   RO         3237    .constdata          Rafael_BLE_M0.lib(rffunction.o)
    0x0000be3e   0x0000be3e   0x0000012a   Data   RO         3666    .constdata          Rafael_BLE_M0.lib(rf_phy.o)
    0x0000bf68   0x0000bf68   0x00000011   Data   RO         3667    .constdata          Rafael_BLE_M0.lib(rf_phy.o)
    0x0000bf79   0x0000bf79   0x00000003   PAD
    0x0000bf7c   0x0000bf7c   0x0000006c   Data   RO         4041    .constdata          Rafael_BLE_M0.lib(hci.o)
    0x0000bfe8   0x0000bfe8   0x00000040   Data   RO         4042    .constdata          Rafael_BLE_M0.lib(hci.o)
    0x0000c028   0x0000c028   0x00000008   Data   RO         4043    .constdata          Rafael_BLE_M0.lib(hci.o)
    0x0000c030   0x0000c030   0x00000004   Data   RO         4228    .constdata          Rafael_BLE_M0.lib(l2cap.o)
    0x0000c034   0x0000c034   0x000000ac   Data   RO         4328    .constdata          Rafael_BLE_M0.lib(mmi.o)
    0x0000c0e0   0x0000c0e0   0x0000001c   Data   RO         4329    .constdata          Rafael_BLE_M0.lib(mmi.o)
    0x0000c0fc   0x0000c0fc   0x00000040   Data   RO         4951    .constdata          mc_p.l(ctype_c.o)
    0x0000c13c   0x0000c13c   0x00000048   Data   RO         1257    .conststring        user.o
    0x0000c184   0x0000c184   0x00000020   Data   RO         4953    Region$$Table       anon$$obj.o


    Execution Region ER_RW (Exec base: 0x20000000, Load base: 0x0000c1a4, Size: 0x0000037c, Max: 0xffffffff, ABSOLUTE)

    Exec Addr    Load Addr    Size         Type   Attr      Idx    E Section Name        Object

    0x20000000   0x0000c1a4   0x0000000c   Data   RW            6    .data               system_m031series.o
    0x2000000c   0x0000c1b0   0x00000004   Data   RW          629    .data               retarget.o
    0x20000010   0x0000c1b4   0x0000000c   Data   RW         1258    .data               user.o
    0x2000001c   0x0000c1c0   0x00000008   Data   RW         1422    .data               profile_tab.o
    0x20000024   0x0000c1c8   0x00000006   Data   RW         1423    .data               profile_tab.o
    0x2000002a   0x0000c1ce   0x00000004   Data   RW         1424    .data               profile_tab.o
    0x2000002e   0x0000c1d2   0x00000002   Data   RW         1425    .data               profile_tab.o
    0x20000030   0x0000c1d4   0x00000014   Data   RW         1426    .data               profile_tab.o
    0x20000044   0x0000c1e8   0x00000014   Data   RW         1427    .data               profile_tab.o
    0x20000058   0x0000c1fc   0x00000002   Data   RW         1428    .data               profile_tab.o
    0x2000005a   0x0000c1fe   0x00000002   PAD
    0x2000005c   0x0000c200   0x000000b4   Data   RW         1429    .data               profile_tab.o
    0x20000110   0x0000c2b4   0x000000b4   Data   RW         1430    .data               profile_tab.o
    0x200001c4   0x0000c368   0x000000b4   Data   RW         1431    .data               profile_tab.o
    0x20000278   0x0000c41c   0x00000001   Data   RW         1432    .data               profile_tab.o
    0x20000279   0x0000c41d   0x00000003   PAD
    0x2000027c   0x0000c420   0x00000004   Data   RW         1433    .data               profile_tab.o
    0x20000280   0x0000c424   0x00000004   Data   RW         1434    .data               profile_tab.o
    0x20000284   0x0000c428   0x00000001   Data   RW         1435    .data               profile_tab.o
    0x20000285   0x0000c429   0x00000007   Data   RW         1812    .data               Rafael_BLE_M0.lib(host.o)
    0x2000028c   0x0000c430   0x00000008   Data   RW         1813    .data               Rafael_BLE_M0.lib(host.o)
    0x20000294   0x0000c438   0x00000008   Data   RW         2139    .data               Rafael_BLE_M0.lib(kernel.o)
    0x2000029c   0x0000c440   0x00000004   PAD
    0x200002a0   0x0000c444   0x00000080   Data   RW         2522    .data               Rafael_BLE_M0.lib(ll.o)
    0x20000320   0x0000c4c4   0x00000005   Data   RW         3238    .data               Rafael_BLE_M0.lib(rffunction.o)
    0x20000325   0x0000c4c9   0x00000007   Data   RW         3240    .data               Rafael_BLE_M0.lib(rffunction.o)
    0x2000032c   0x0000c4d0   0x00000001   Data   RW         3241    .data               Rafael_BLE_M0.lib(rffunction.o)
    0x2000032d   0x0000c4d1   0x00000001   Data   RW         3242    .data               Rafael_BLE_M0.lib(rffunction.o)
    0x2000032e   0x0000c4d2   0x00000008   Data   RW         3243    .data               Rafael_BLE_M0.lib(rffunction.o)
    0x20000336   0x0000c4da   0x00000002   Data   RW         3244    .data               Rafael_BLE_M0.lib(rffunction.o)
    0x20000338   0x0000c4dc   0x00000008   Data   RW         3247    .data               Rafael_BLE_M0.lib(rffunction.o)
    0x20000340   0x0000c4e4   0x00000004   Data   RW         3572    .data               Rafael_BLE_M0.lib(ble_event.o)
    0x20000344   0x0000c4e8   0x00000028   Data   RW         3671    .data               Rafael_BLE_M0.lib(rf_phy.o)
    0x2000036c   0x0000c510   0x0000000d   Data   RW         4044    .data               Rafael_BLE_M0.lib(hci.o)
    0x20000379   0x0000c51d   0x00000002   Data   RW         4330    .data               Rafael_BLE_M0.lib(mmi.o)


    Execution Region ER_ZI (Exec base: 0x2000037c, Load base: 0x0000c520, Size: 0x000019b4, Max: 0xffffffff, ABSOLUTE)

    Exec Addr    Load Addr    Size         Type   Attr      Idx    E Section Name        Object

    0x2000037c        -       0x00000009   Zero   RW          541    .bss                pdma.o
    0x20000385        -       0x000000da   Zero   RW         1255    .bss                user.o
    0x2000045f   0x0000c520   0x00000001   PAD
    0x20000460        -       0x00000c58   Zero   RW         2138    .bss                Rafael_BLE_M0.lib(kernel.o)
    0x200010b8        -       0x00000600   Zero   RW         2518    .bss                Rafael_BLE_M0.lib(ll.o)
    0x200016b8        -       0x00000030   Zero   RW         2519    .bss                Rafael_BLE_M0.lib(ll.o)
    0x200016e8        -       0x00000248   Zero   RW         3217    .bss                Rafael_BLE_M0.lib(rffunction.o)
    0x20001930        -       0x00000010   Zero   RW         3218    .bss                Rafael_BLE_M0.lib(rffunction.o)
    0x20001940        -       0x00000010   Zero   RW         3219    .bss                Rafael_BLE_M0.lib(rffunction.o)
    0x20001950        -       0x00000010   Zero   RW         3220    .bss                Rafael_BLE_M0.lib(rffunction.o)
    0x20001960        -       0x00000010   Zero   RW         3221    .bss                Rafael_BLE_M0.lib(rffunction.o)
    0x20001970        -       0x00000010   Zero   RW         3222    .bss                Rafael_BLE_M0.lib(rffunction.o)
    0x20001980        -       0x0000000a   Zero   RW         3223    .bss                Rafael_BLE_M0.lib(rffunction.o)
    0x2000198a        -       0x00000046   Zero   RW         3224    .bss                Rafael_BLE_M0.lib(rffunction.o)
    0x200019d0        -       0x0000002a   Zero   RW         3225    .bss                Rafael_BLE_M0.lib(rffunction.o)
    0x200019fa        -       0x00000035   Zero   RW         3665    .bss                Rafael_BLE_M0.lib(rf_phy.o)
    0x20001a2f        -       0x000000fd   Zero   RW         4227    .bss                Rafael_BLE_M0.lib(l2cap.o)
    0x20001b2c   0x0000c520   0x00000004   PAD
    0x20001b30        -       0x00000200   Zero   RW          207    STACK               startup_m031series.o



  Load Region LR$$.ARM.__AT_0x0000F800 (Base: 0x0000f800, Size: 0x00000400, Max: 0x00000400, ABSOLUTE)

    Execution Region ER$$.ARM.__AT_0x0000F800 (Exec base: 0x0000f800, Load base: 0x0000f800, Size: 0x00000400, Max: 0x00000400, ABSOLUTE, UNINIT)

    Exec Addr    Load Addr    Size         Type   Attr      Idx    E Section Name        Object

    0x0000f800   0x0000f800   0x00000400   Data   RO         1745    .ARM.__AT_0x0000F800  porting_flash.o



  Load Region LR$$.ARM.__AT_0x0000FC00 (Base: 0x0000fc00, Size: 0x00000400, Max: 0x00000400, ABSOLUTE)

    Execution Region ER$$.ARM.__AT_0x0000FC00 (Exec base: 0x0000fc00, Load base: 0x0000fc00, Size: 0x00000400, Max: 0x00000400, ABSOLUTE, UNINIT)

    Exec Addr    Load Addr    Size         Type   Attr      Idx    E Section Name        Object

    0x0000fc00   0x0000fc00   0x00000400   Data   RO         1746    .ARM.__AT_0x0000FC00  porting_flash.o


==============================================================================

Image component sizes


      Code (inc. data)   RO Data    RW Data    ZI Data      Debug   Object Name

      1652         80          0          0          0       7738   bonding_storage.o
       380         62         56          0          0       5579   clk.o
       180         26          0          0          0       3346   fmc.o
        94          6          0          0          0       2302   gpio.o
       612        136          0          0          0      23313   main.o
       300         20          0          0          9       3702   pdma.o
       156         24       2048          0          0       2784   porting_flash.o
        36          8          0          0          0      21393   porting_lltimer.o
       808        112          0          0          0      16857   porting_misc.o
      1148        170          0          0          0       7663   porting_spi.o
        16          0        946        612          0      11765   profile_tab.o
       280        132          0          4          0       4927   retarget.o
       392         40          0          0          0       3114   spi.o
        92         42        192          0        512        756   startup_m031series.o
        26          0          0          0          0        546   sys.o
       204         38         32         12          0     133423   system_m031series.o
       176         16         32          0          0       2132   timer.o
       370         48         72          0          0       3754   uart.o
      1228        376        168         12        218      14052   user.o
        28          6          0          0          0        687   wdt.o

    ----------------------------------------------------------------------
      8184       1342       3580        645        740     269833   Object Totals
         0          0         32          0          0          0   (incl. Generated)
         6          0          2          5          1          0   (incl. Padding)

    ----------------------------------------------------------------------

      Code (inc. data)   RO Data    RW Data    ZI Data      Debug   Library Member Name

       542         16          0          0          0       5104   ble_cmd.o
       572         38          0          4          0       4537   ble_event.o
      1538        310        180         13          0      44805   hci.o
       386         42         12         15          0      47940   host.o
      1194        106          0          8       3160      18749   kernel.o
        82         16          4          0        253       4038   l2cap.o
     21206       1468        916        128       1584     136091   ll.o
      5864        592        200          2          0      39969   mmi.o
      2480        268        315         40         53      53115   rf_phy.o
      1170        118        126         32        786      27605   rffunction.o
        60         10          0          0          0         84   __0sscanf.o
        30          0          0          0          0         60   _chval.o
       824         12          0          0          0         84   _scanf.o
       330          0          0          0          0         84   _scanf_int.o
        68          0          0          0          0         76   _sgetc.o
        36          4         64          0          0         60   ctype_c.o
         0          0          0          0          0          0   entry.o
         0          0          0          0          0          0   entry10a.o
         0          0          0          0          0          0   entry11a.o
         8          4          0          0          0          0   entry2.o
         4          0          0          0          0          0   entry5.o
         0          0          0          0          0          0   entry7b.o
         0          0          0          0          0          0   entry8b.o
         8          4          0          0          0          0   entry9a.o
        30          0          0          0          0          0   handlers.o
        40          0          0          0          0         72   idiv.o
        36          8          0          0          0         68   init.o
        14          0          0          0          0         68   isspace_c.o
        32          0          0          0          0         68   llshl.o
        34          0          0          0          0         68   llushr.o
        26          0          0          0          0         72   memcmp.o
        36          0          0          0          0         60   memcpya.o
      1172         52          0          0          0        324   printf8.o
        44          8          0          0          0         84   scanf_char.o
        44          0          0          0          0         72   uidiv.o
        96          0          0          0          0         84   uldiv.o

    ----------------------------------------------------------------------
     38036       3076       1820        247       5840     383441   Library Totals
        30          0          3          5          4          0   (incl. Padding)

    ----------------------------------------------------------------------

      Code (inc. data)   RO Data    RW Data    ZI Data      Debug   Library Name

     35034       2974       1753        242       5836     381953   Rafael_BLE_M0.lib
      2972        102         64          0          0       1488   mc_p.l

    ----------------------------------------------------------------------
     38036       3076       1820        247       5840     383441   Library Totals

    ----------------------------------------------------------------------

==============================================================================


      Code (inc. data)   RO Data    RW Data    ZI Data      Debug   

     46220       4418       5400        892       6580     634718   Grand Totals
     46220       4418       5400        892       6580     634718   ELF Image Totals
     46220       4418       5400        892          0          0   ROM Totals

==============================================================================

    Total RO  Size (Code + RO Data)                51620 (  50.41kB)
    Total RW  Size (RW Data + ZI Data)              7472 (   7.30kB)
    Total ROM Size (Code + RO Data + RW Data)      52512 (  51.28kB)

==============================================================================

