Component: ARM Compiler 5.06 update 6 (build 750) Tool: armlink [4d35ed]

==============================================================================

Small function inlining results

Inlined total of 0 calls.

==============================================================================

Section Cross References

    system_m031series.o(i.SystemCoreClockUpdate) refers to uidiv.o(.text) for __aeabi_uidivmod
    system_m031series.o(i.SystemCoreClockUpdate) refers to system_m031series.o(.data) for .data
    system_m031series.o(i.SystemCoreClockUpdate) refers to system_m031series.o(.constdata) for .constdata
    startup_m031series.o(RESET) refers to startup_m031series.o(STACK) for __initial_sp
    startup_m031series.o(RESET) refers to startup_m031series.o(.text) for Reset_Handler
    startup_m031series.o(RESET) refers to retarget.o(.emb_text) for HardFault_Handler
    startup_m031series.o(RESET) refers to porting_misc.o(i.GPCDEF_IRQHandler) for GPCDEF_IRQHandler
    startup_m031series.o(RESET) refers to user.o(i.UART02_IRQHandler) for UART02_IRQHandler
    startup_m031series.o(RESET) refers to user.o(i.UART13_IRQHandler) for UART13_IRQHandler
    startup_m031series.o(.text) refers to system_m031series.o(i.SystemInit) for SystemInit
    startup_m031series.o(.text) refers to entry.o(.ARM.Collect$$$$00000000) for __main
    clk.o(i.CLK_DisableModuleClock) refers to clk.o(.constdata) for .constdata
    clk.o(i.CLK_DisablePLL) refers to clk.o(i.CLK_WaitClockReady) for CLK_WaitClockReady
    clk.o(i.CLK_EnableModuleClock) refers to clk.o(.constdata) for .constdata
    clk.o(i.CLK_EnablePLL) refers to clk.o(i.CLK_DisablePLL) for CLK_DisablePLL
    clk.o(i.CLK_EnablePLL) refers to clk.o(i.CLK_WaitClockReady) for CLK_WaitClockReady
    clk.o(i.CLK_EnablePLL) refers to uidiv.o(.text) for __aeabi_uidivmod
    clk.o(i.CLK_GetCPUFreq) refers to system_m031series.o(i.SystemCoreClockUpdate) for SystemCoreClockUpdate
    clk.o(i.CLK_GetCPUFreq) refers to system_m031series.o(.data) for SystemCoreClock
    clk.o(i.CLK_GetHCLKFreq) refers to system_m031series.o(i.SystemCoreClockUpdate) for SystemCoreClockUpdate
    clk.o(i.CLK_GetHCLKFreq) refers to system_m031series.o(.data) for SystemCoreClock
    clk.o(i.CLK_GetPCLK0Freq) refers to system_m031series.o(i.SystemCoreClockUpdate) for SystemCoreClockUpdate
    clk.o(i.CLK_GetPCLK0Freq) refers to system_m031series.o(.data) for SystemCoreClock
    clk.o(i.CLK_GetPCLK1Freq) refers to system_m031series.o(i.SystemCoreClockUpdate) for SystemCoreClockUpdate
    clk.o(i.CLK_GetPCLK1Freq) refers to system_m031series.o(.data) for SystemCoreClock
    clk.o(i.CLK_SetCoreClock) refers to clk.o(i.CLK_WaitClockReady) for CLK_WaitClockReady
    clk.o(i.CLK_SetCoreClock) refers to clk.o(i.CLK_EnablePLL) for CLK_EnablePLL
    clk.o(i.CLK_SetCoreClock) refers to clk.o(i.CLK_SetHCLK) for CLK_SetHCLK
    clk.o(i.CLK_SetHCLK) refers to clk.o(i.CLK_WaitClockReady) for CLK_WaitClockReady
    clk.o(i.CLK_SetHCLK) refers to system_m031series.o(i.SystemCoreClockUpdate) for SystemCoreClockUpdate
    clk.o(i.CLK_SetModuleClock) refers to clk.o(.constdata) for .constdata
    pdma.o(i.PDMA_Open) refers to pdma.o(.bss) for .bss
    pdma.o(i.PDMA_SetTransferMode) refers to kernel.o(i.__ARM_common_switch8) for __ARM_common_switch8
    pdma.o(i.PDMA_SetTransferMode) refers to pdma.o(.bss) for .bss
    pdma.o(i.PDMA_Trigger) refers to pdma.o(.bss) for .bss
    retarget.o(.emb_text) refers to retarget.o(i.Hard_Fault_Handler) for Hard_Fault_Handler
    retarget.o(i.Hard_Fault_Handler) refers to printf8.o(i.__0printf$8) for __2printf
    retarget.o(i.Hard_Fault_Handler) refers to retarget.o(i.stackDump) for stackDump
    retarget.o(i._ttywrch) refers to retarget.o(i.SendChar) for SendChar
    retarget.o(i.fputc) refers to retarget.o(i.SendChar) for SendChar
    retarget.o(i.stackDump) refers to printf8.o(i.__0printf$8) for __2printf
    spi.o(i.CLK_GetPLLClockFreq) refers to uidiv.o(.text) for __aeabi_uidivmod
    spi.o(i.SPII2S_EnableMCLK) refers to spi.o(i.SPII2S_GetSourceClockFreq) for SPII2S_GetSourceClockFreq
    spi.o(i.SPII2S_EnableMCLK) refers to uidiv.o(.text) for __aeabi_uidivmod
    spi.o(i.SPII2S_GetSourceClockFreq) refers to spi.o(i.CLK_GetPLLClockFreq) for CLK_GetPLLClockFreq
    spi.o(i.SPII2S_GetSourceClockFreq) refers to clk.o(i.CLK_GetHCLKFreq) for CLK_GetHCLKFreq
    spi.o(i.SPII2S_GetSourceClockFreq) refers to uidiv.o(.text) for __aeabi_uidivmod
    spi.o(i.SPII2S_Open) refers to clk.o(i.CLK_GetHCLKFreq) for CLK_GetHCLKFreq
    spi.o(i.SPII2S_Open) refers to uidiv.o(.text) for __aeabi_uidivmod
    spi.o(i.SPII2S_Open) refers to spi.o(i.SPII2S_GetSourceClockFreq) for SPII2S_GetSourceClockFreq
    spi.o(i.SPI_GetBusClock) refers to clk.o(i.CLK_GetHCLKFreq) for CLK_GetHCLKFreq
    spi.o(i.SPI_GetBusClock) refers to uidiv.o(.text) for __aeabi_uidivmod
    spi.o(i.SPI_GetBusClock) refers to spi.o(i.CLK_GetPLLClockFreq) for CLK_GetPLLClockFreq
[...]
    ATT_HDL_DIS_CHARACTERISTIC_HARDWARE_REVISION_STRING 0x00009dbd   Data          10  profile_tab.o(.constdata)
    ATT_HDL_DIS_HARDWARE_REVISION_STRING     0x00009dc7   Data           8  profile_tab.o(.constdata)
    ATT_HDL_DIS_HARDWARE_REVISION_STRING_PRESENTATION_FORMAT 0x00009dcf   Data          12  profile_tab.o(.constdata)
    ATT_HDL_DIS_CHARACTERISTIC_SOFTWARE_REVISION_STRING 0x00009ddb   Data          10  profile_tab.o(.constdata)
    ATT_HDL_DIS_SOFTWARE_REVISION_STRING     0x00009de5   Data           9  profile_tab.o(.constdata)
    ATT_HDL_DIS_SOFTWARE_REVISION_STRING_PRESENTATION_FORMAT 0x00009dee   Data          12  profile_tab.o(.constdata)
    ATT_HDL_DIS_CHARACTERISTIC_PNP_ID        0x00009dfa   Data          10  profile_tab.o(.constdata)
    ATT_HDL_DIS_PNP_ID                       0x00009e04   Data          12  profile_tab.o(.constdata)
    ATT_PERMISSION_NULL                      0x00009e10   Data           2  profile_tab.o(.constdata)
    ATT_PERMISSION_PRIMARY_SERVICE           0x00009e12   Data           2  profile_tab.o(.constdata)
    ATT_PERMISSION_CHARACTERISTIC            0x00009e14   Data           2  profile_tab.o(.constdata)
    ATT_PERMISSION_CHARACTERISTIC_PRESENTATION_FORMAT 0x00009e16   Data           2  profile_tab.o(.constdata)
    ATT_PERMISSION_HDL_GAP_DEVICE_NAME_INIT  0x00009e18   Data           2  profile_tab.o(.constdata)
    ATT_PERMISSION_HDL_GAP_APPEARANCE        0x00009e1a   Data           2  profile_tab.o(.constdata)
    ATT_PERMISSION_HDL_GAP_RECONNECTION_ADDRESS_INIT 0x00009e1c   Data           2  profile_tab.o(.constdata)
    ATT_PERMISSION_HDL_GAP_PERIPHERAL_PRIVACY_FLAG 0x00009e1e   Data           2  profile_tab.o(.constdata)
    ATT_PERMISSION_HDL_GAP_PERIPHERAL_PREFERRED_CONNECTION_PARAMETERS 0x00009e20   Data           2  profile_tab.o(.constdata)
    ATT_PERMISSION_HDL_GATT_SERVICE_CHANGED_INIT 0x00009e22   Data           2  profile_tab.o(.constdata)
    ATT_PERMISSION_HDL_GATT_CLIENT_CHARACTERISTIC_CONFIGURATION_INIT 0x00009e24   Data           2  profile_tab.o(.constdata)
    ATT_PERMISSION_HDL_DIS_SERIAL_NUMBER_STRING 0x00009e26   Data           2  profile_tab.o(.constdata)
    ATT_PERMISSION_HDL_DIS_MANUFACTURER_NAME_STRING 0x00009e28   Data           2  profile_tab.o(.constdata)
    ATT_PERMISSION_HDL_DIS_SYSTEM_ID         0x00009e2a   Data           2  profile_tab.o(.constdata)
    ATT_PERMISSION_HDL_DIS_FIRMWARE_REVISION_STRING 0x00009e2c   Data           2  profile_tab.o(.constdata)
    ATT_PERMISSION_HDL_DIS_MODEL_NUMBER_STRING 0x00009e2e   Data           2  profile_tab.o(.constdata)
    ATT_PERMISSION_HDL_DIS_HARDWARE_REVISION_STRING 0x00009e30   Data           2  profile_tab.o(.constdata)
    ATT_PERMISSION_HDL_DIS_SOFTWARE_REVISION_STRING 0x00009e32   Data           2  profile_tab.o(.constdata)
    ATT_PERMISSION_HDL_DIS_PNP_ID            0x00009e34   Data           2  profile_tab.o(.constdata)
    ATT_Write                                0x00009e38   Data         156  profile_tab.o(.constdata)
    ATT_Read                                 0x00009ed4   Data         156  profile_tab.o(.constdata)
    LL_DEFAULT_PHY                           0x00009f70   Data           4  ll.o(.constdata)
    CH_ADV_SEL_TABLE                         0x00009f74   Data           4  ll.o(.constdata)
    LL_ACK_FLOW_RE_TO                        0x00009f78   Data           4  ll.o(.constdata)
    LL_CHMAP_DEFAUT                          0x00009f7c   Data           5  ll.o(.constdata)
    LL_VERSION                               0x00009f81   Data           5  ll.o(.constdata)
    TABLE_CONV_ADV_TYPE_HCI_LL               0x00009f86   Data           5  ll.o(.constdata)
    LL_DUR_RSV                               0x00009f8b   Data           7  ll.o(.constdata)
    LE_LOCAL_VER_INFO                        0x00009f92   Data           8  ll.o(.constdata)
    LL_FEATURE                               0x00009f9a   Data           8  ll.o(.constdata)
    LL_LENGTH_DEFAULT                        0x00009fa2   Data           8  ll.o(.constdata)
    LL_RF_PARA_TX_WIN_SIZE_MAP               0x00009faa   Data          14  ll.o(.constdata)
    LL_RF_PARA_WIN_WIDTH_CNVT                0x00009fb8   Data          32  ll.o(.constdata)
    LL_RF_DATA_CH                            0x00009fd8   Data          74  ll.o(.constdata)
    CH_ADV_CH_HOP_BY_MAP_TABLE               0x0000a022   Data          32  ll.o(.constdata)
    RAND_INI32                               0x0000a042   Data          32  ll.o(.constdata)
    LL_ACK_FLOW                              0x0000a062   Data          16  ll.o(.constdata)
    LL_PR_CONN_ID_PAIR                       0x0000a072   Data          26  ll.o(.constdata)
    LL_RX_CONN_ID_INIT                       0x0000a08c   Data          26  ll.o(.constdata)
    LL_TX_CONN_ID_INIT                       0x0000a0a6   Data          26  ll.o(.constdata)
    LL_RX_CONN_ID_SLAVE_SIDE_ONLY            0x0000a0c0   Data          26  ll.o(.constdata)
    LL_RX_CONN_ID_OP_LENGTH                  0x0000a0da   Data          26  ll.o(.constdata)
    TAB_ZERO_128                             0x0000a0f4   Data         136  ll.o(.constdata)
    LL_LEN_OFFSET_1M                         0x0000a17c   Data          17  ll.o(.constdata)
    LL_LEN_OFFSET_2M                         0x0000a18d   Data           9  ll.o(.constdata)
    LL_fsm                                   0x0000a198   Data         260  ll.o(.constdata)
    EC_fsm                                   0x0000a29c   Data          40  ll.o(.constdata)
    Phy_pll_bank_freqIdx                     0x0000a2c4   Data           5  rf_phy.o(.constdata)
    RFIP_init_reg                            0x0000a2c9   Data         128  rf_phy.o(.constdata)
    RFIP_REG_IDX                             0x0000a349   Data          13  rf_phy.o(.constdata)
    CH_SEL_TABLE_INV                         0x0000a356   Data          40  rf_phy.o(.constdata)
    R568_lna_agc                             0x0000a37e   Data          32  rf_phy.o(.constdata)
    R568_tia_agc                             0x0000a39e   Data          32  rf_phy.o(.constdata)
    R568_vga_agc                             0x0000a3be   Data          32  rf_phy.o(.constdata)
    LE_EVENT_MASK_INI                        0x0000a3e0   Data           3  hci.o(.constdata)
    EVENT_MASK_INI                           0x0000a3e3   Data           5  hci.o(.constdata)
    HCI_fsm                                  0x0000a3e8   Data         100  hci.o(.constdata)
    TAB_SUPPORTED_COMMANDS_MASK              0x0000a44c   Data          64  hci.o(.constdata)
    TAB_LMP_FEATURES_MASK                    0x0000a48c   Data           8  hci.o(.constdata)
    HS_fsm                                   0x0000a494   Data          12  host.o(.constdata)
    L2CAP_fsm                                0x0000a4a0   Data           4  l2cap.o(.constdata)
    Prcss_BLE_CODE_SMP                       0x0000a4a4   Data          48  mmi.o(.constdata)
    Prcss_BLE_OPCODE_ATT                     0x0000a4d4   Data         124  mmi.o(.constdata)
    Prcss_L2CAP_CID                          0x0000a550   Data          28  mmi.o(.constdata)
    UUID_BLUETOOTH_BASE                      0x0000a56c   Data          16  rffunction.o(.constdata)
    __ctype_categories                       0x0000a57c   Data          64  ctype_c.o(.constdata)
    Region$$Table$$Base                      0x0000a604   Number         0  anon$$obj.o(Region$$Table)
    Region$$Table$$Limit                     0x0000a624   Number         0  anon$$obj.o(Region$$Table)
    SystemCoreClock                          0x20000000   Data           4  system_m031series.o(.data)
    CyclesPerUs                              0x20000004   Data           4  system_m031series.o(.data)
    PllClock                                 0x20000008   Data           4  system_m031series.o(.data)
    __stdout                                 0x2000000c   Data           4  retarget.o(.data)
    appSystemRequest                         0x20000010   Data           1  user.o(.data)
    bleFtTestCase                            0x20000013   Data           1  user.o(.data)
    dongleRssi                               0x20000014   Data           1  ft_func.o(.data)
    att_HDL_GAP_DEVICE_NAME                  0x20000020   Data           8  profile_tab.o(.data)
    att_HDL_GAP_RECONNECTION_ADDRESS         0x20000028   Data           6  profile_tab.o(.data)
    att_HDL_GATT_SERVICE_CHANGED             0x2000002e   Data           4  profile_tab.o(.data)
    att_HDL_GATT_CLIENT_CHARACTERISTIC_CONFIGURATION 0x20000032   Data           2  profile_tab.o(.data)
    ATTRIBUTE_SERVER_PARAM                   0x20000034   Data         156  profile_tab.o(.data)
    ATTRIBUTE_SERVER                         0x200000d0   Data         156  profile_tab.o(.data)
    ATTRIBUTE_SERVER_PERMISSION              0x2000016c   Data         156  profile_tab.o(.data)
    size_ATTRIBUTE_SERVER                    0x20000208   Data           1  profile_tab.o(.data)
    MBlk_depth_Remaining                     0x2000020c   Data           1  kernel.o(.data)
    MBlk_depth_Rsv                           0x2000020d   Data           1  kernel.o(.data)
    MBlk_Free                                0x20000210   Data           4  kernel.o(.data)
    RX_CRC_valid_flag                        0x20000218   Data           1  ll.o(.data)
    FT_WakeupFlag                            0x20000219   Data           1  ll.o(.data)
    LL_ConnDataTmpGate                       0x2000021a   Data           1  ll.o(.data)
    LL_ConnID_Remaining                      0x2000021b   Data           1  ll.o(.data)
    TBlk_Free_LL                             0x2000021c   Data           1  ll.o(.data)
    TBlk_InUse_LL                            0x2000021d   Data           1  ll.o(.data)
    LL_SMP_DataCh                            0x2000021e   Data           1  ll.o(.data)
    status_LL_Tmr                            0x2000021f   Data           1  ll.o(.data)
    anchor_LL_Tmr                            0x20000220   Data           1  ll.o(.data)
    LL_Msg_AdvScnConn                        0x20000221   Data           1  ll.o(.data)
    LL_Msg_AdvScnConnUpd                     0x20000222   Data           1  ll.o(.data)
    LL_Msg_AdvScnConnUpdSts                  0x20000223   Data           1  ll.o(.data)
    RF_Msg_RF0INT                            0x20000224   Data           1  ll.o(.data)
    LL_DurRxPktAccu                          0x20000226   Data           2  ll.o(.data)
    LL_ConnBuffPt                            0x20000228   Data           4  ll.o(.data)
    LL_Adv_Data_Buf                          0x2000022c   Data           4  ll.o(.data)
    LL_Ref_Default_PHY                       0x20000230   Data           4  ll.o(.data)
    tblk_LL_pi                               0x20000234   Data           4  ll.o(.data)
    tblk_LL_pi2                              0x20000238   Data           4  ll.o(.data)
    LL_conn_pi                               0x2000023c   Data           4  ll.o(.data)
    mblk_LL_conn_Para                        0x20000240   Data           4  ll.o(.data)
    LL_Slv_Win_Width                         0x20000244   Data           4  ll.o(.data)
    LL_Slv_Win_Width_Base                    0x20000248   Data           4  ll.o(.data)
    seedR16                                  0x2000024c   Data           4  ll.o(.data)
    LL_Ref_Acs_Addr_ADVSCN                   0x20000250   Data           4  ll.o(.data)
    LL_Ref_crc_ini_ADVSCN                    0x20000254   Data           4  ll.o(.data)
    Ch_ADV_Ch_Hop_Table                      0x20000258   Data           4  ll.o(.data)
    Ch_ADV_Ch_Hop_TableBuf                   0x2000025c   Data           4  ll.o(.data)
    LL_Ref_ChMap                             0x20000260   Data           5  ll.o(.data)
    BD_Rand_Addr                             0x20000265   Data           6  ll.o(.data)
    BD_Rand_AddrBuf                          0x2000026b   Data           6  ll.o(.data)
    LL_ConnDataQ                             0x20000274   Data           8  ll.o(.data)
    LL_ConnCtrlQ                             0x2000027c   Data           8  ll.o(.data)
    LL_ConnDataInQ                           0x20000284   Data           8  ll.o(.data)
    LL_ConnDataInTmp                         0x2000028c   Data           8  ll.o(.data)
    LL_ConnBuffPrcs                          0x20000294   Data           8  ll.o(.data)
    LL_ConnBuffPrcsR                         0x2000029c   Data           8  ll.o(.data)
    Tmr37                                    0x200002a8   Data           8  ll.o(.data)
    LL_Length_Prefer                         0x200002b0   Data           8  ll.o(.data)
    MsgQueueEC                               0x200002b8   Data           8  ll.o(.data)
    RfVolt_new                               0x200002c0   Data           1  rf_phy.o(.data)
    Content_ioInt                            0x200002c1   Data           1  rf_phy.o(.data)
    Content_ioInt_exceptTmr                  0x200002c2   Data           1  rf_phy.o(.data)
    rssiOffsetValue                          0x200002c3   Data           1  rf_phy.o(.data)
    g16MHzClkOut                             0x200002c4   Data           1  rf_phy.o(.data)
    rf_initial_flag                          0x200002c5   Data           1  rf_phy.o(.data)
    gSleep                                   0x200002c6   Data           1  rf_phy.o(.data)
    LL_Tmr_Ticks_RSV_Wakeup                  0x200002c7   Data           1  rf_phy.o(.data)
    rssi_read_data                           0x200002c9   Data           3  rf_phy.o(.data)
    Timeline24                               0x200002cc   Data           4  rf_phy.o(.data)
    Tmr16Interval                            0x200002d0   Data           4  rf_phy.o(.data)
    addr_TxFIFO                              0x200002d4   Data           4  rf_phy.o(.data)
    txpower_0dbm_reg                         0x200002d8   Data           4  rf_phy.o(.data)
    txpower_4dbm_reg                         0x200002dc   Data           4  rf_phy.o(.data)
    txpower_8dbm_reg                         0x200002e0   Data           4  rf_phy.o(.data)
    txpower_10dbm_reg                        0x200002e4   Data           4  rf_phy.o(.data)
    Phy_pll_bank                             0x200002e8   Data           5  rf_phy.o(.data)
    Event_Mask2                              0x200002f8   Data           1  hci.o(.data)
    LE_Event_Mask                            0x200002f9   Data           3  hci.o(.data)
    mhcCallBack                              0x200002fc   Data           4  hci.o(.data)
    Event_Mask                               0x20000300   Data           5  hci.o(.data)
    bleAddr_param                            0x20000305   Data           7  host.o(.data)
    ble_device_param                         0x2000030c   Data           8  host.o(.data)
    ATT_INDICATION_Packet_Sent               0x20000314   Data           1  mmi.o(.data)
    ATT_WRITE_REQUEST_Packet_Sent            0x20000315   Data           1  mmi.o(.data)
    r_AES_INI                                0x20000316   Data          16  rffunction.o(.data)
    RSP_PAIRING_REQUEST                      0x20000326   Data          11  rffunction.o(.data)
    LTK_FIXED                                0x20000331   Data          16  rffunction.o(.data)
    EDIV_FIXED                               0x20000341   Data           2  rffunction.o(.data)
    RAND_FIXED                               0x20000343   Data           8  rffunction.o(.data)
    IRK_FIXED                                0x2000034b   Data          16  rffunction.o(.data)
    CSRK_FIXED                               0x2000035b   Data          16  rffunction.o(.data)
    SEL_STK_GEN_MTHD                         0x2000036b   Data          25  rffunction.o(.data)
    aTT_MTU                                  0x20000384   Data           1  rffunction.o(.data)
    smp_Authorization                        0x20000385   Data           1  rffunction.o(.data)
    smp_Encryption                           0x20000386   Data           1  rffunction.o(.data)
    smp_Security_Mode                        0x20000387   Data           1  rffunction.o(.data)
    smp_PReq_IO_Capab                        0x20000388   Data           1  rffunction.o(.data)
    smp_PReq_OOB_data                        0x20000389   Data           1  rffunction.o(.data)
    smp_PReq_Init_Key_Distr                  0x2000038a   Data           1  rffunction.o(.data)
    smp_PReq_Resp_Key_Distr                  0x2000038b   Data           1  rffunction.o(.data)
    smp_Local_Addr                           0x2000038c   Data           8  rffunction.o(.data)
    smp_Phase                                0x20000394   Data           1  rffunction.o(.data)
    smp_TempDef                              0x20000395   Data           1  rffunction.o(.data)
    smp_Rand                                 0x20000396   Data           8  rffunction.o(.data)
    smp_EDIV                                 0x2000039e   Data           2  rffunction.o(.data)
    smp_Local_Addr_advTemp                   0x200003a0   Data           8  rffunction.o(.data)
    MsgBlk                                   0x20000568   Data        2340  kernel.o(.bss)
    MsgQueue                                 0x20000e8c   Data          40  kernel.o(.bss)
    LL_Adv_Para                              0x20000eb4   Data          92  ll.o(.bss)
    LL_Adv_Para_UpdBuf                       0x20000f10   Data          92  ll.o(.bss)
    LL_Scan_Para                             0x20000f6c   Data          12  ll.o(.bss)
    LL_Scan_Para_UpdBuf                      0x20000f78   Data          12  ll.o(.bss)
    LL_Conn_Para                             0x20000f84   Data         136  ll.o(.bss)
    LL_Init_Para                             0x2000100c   Data          28  ll.o(.bss)
    LL_WhiteList_Para                        0x20001028   Data          28  ll.o(.bss)
    LL_Para_Interval                         0x20001044   Data          36  ll.o(.bss)
    LL_Para_IntervalR                        0x20001068   Data         259  ll.o(.bss)
    TmrBlk_LL                                0x2000116c   Data          32  ll.o(.bss)
    ram_Tab                                  0x2000118c   Data          48  ll.o(.bss)
    RFIP_reg_MEM                             0x200011bc   Data          13  rf_phy.o(.bss)
    CH_PLL_bank_Table                        0x200011c9   Data          40  rf_phy.o(.bss)
    L2CAP_Buf                                0x200011f1   Data         253  l2cap.o(.bss)
    SPIBuffer                                0x200012f0   Data         251  rffunction.o(.bss)
    q_att_HDL_PreWr                          0x200013eb   Data          48  rffunction.o(.bss)
    CmdTimer                                 0x2000141c   Data          36  rffunction.o(.bss)
    k_AES_passkey                            0x20001440   Data          16  rffunction.o(.bss)
    smp_Para_Bond                            0x20001450   Data          37  rffunction.o(.bss)
    rsp_pairing_request_table                0x20001475   Data          11  rffunction.o(.bss)
    smp_Temp16                               0x20001480   Data          16  rffunction.o(.bss)
    smp_IRKm                                 0x20001490   Data          16  rffunction.o(.bss)
    smp_CSRKm                                0x200014a0   Data          16  rffunction.o(.bss)
    r_AES                                    0x200014b0   Data          16  rffunction.o(.bss)
    LTK                                      0x200014c0   Data          16  rffunction.o(.bss)
    LTK_SEED                                 0x200014d0   Data          10  rffunction.o(.bss)
    SECBuffer                                0x200014da   Data          42  rffunction.o(.bss)
    __initial_sp                             0x20001708   Data           0  startup_m031series.o(STACK)



==============================================================================

Memory Map of the image

  Image Entry point : 0x000000f1

  Load Region LR_1 (Base: 0x00000000, Size: 0x0000a9cc, Max: 0xffffffff, ABSOLUTE)

    Execution Region ER_RO (Exec base: 0x00000000, Load base: 0x00000000, Size: 0x0000a624, Max: 0xffffffff, ABSOLUTE)

    Exec Addr    Load Addr    Size         Type   Attr      Idx    E Section Name        Object

    0x00000000   0x00000000   0x000000c0   Data   RO          209    RESET               startup_m031series.o
    0x000000c0   0x000000c0   0x00000000   Code   RO         4504  * .ARM.Collect$$$$00000000  mc_p.l(entry.o)
    0x000000c0   0x000000c0   0x00000004   Code   RO         4782    .ARM.Collect$$$$00000001  mc_p.l(entry2.o)
    0x000000c4   0x000000c4   0x00000004   Code   RO         4785    .ARM.Collect$$$$00000004  mc_p.l(entry5.o)
    0x000000c8   0x000000c8   0x00000000   Code   RO         4787    .ARM.Collect$$$$00000008  mc_p.l(entry7b.o)
    0x000000c8   0x000000c8   0x00000000   Code   RO         4789    .ARM.Collect$$$$0000000A  mc_p.l(entry8b.o)
    0x000000c8   0x000000c8   0x00000008   Code   RO         4790    .ARM.Collect$$$$0000000B  mc_p.l(entry9a.o)
    0x000000d0   0x000000d0   0x00000000   Code   RO         4792    .ARM.Collect$$$$0000000D  mc_p.l(entry10a.o)
    0x000000d0   0x000000d0   0x00000000   Code   RO         4794    .ARM.Collect$$$$0000000F  mc_p.l(entry11a.o)
    0x000000d0   0x000000d0   0x00000004   Code   RO         4783    .ARM.Collect$$$$00002712  mc_p.l(entry2.o)
    0x000000d4   0x000000d4   0x0000001c   Code   RO          501    .emb_text           retarget.o
    0x000000f0   0x000000f0   0x0000005c   Code   RO          210  * .text               startup_m031series.o
    0x0000014c   0x0000014c   0x0000002c   Code   RO         4505    .text               mc_p.l(uidiv.o)
    0x00000178   0x00000178   0x00000028   Code   RO         4507    .text               mc_p.l(idiv.o)
    0x000001a0   0x000001a0   0x00000024   Code   RO         4509    .text               mc_p.l(memcpya.o)
    0x000001c4   0x000001c4   0x0000001e   Code   RO         4513    .text               mc_p.l(strncmp.o)
    0x000001e2   0x000001e2   0x00000002   PAD
    0x000001e4   0x000001e4   0x0000003c   Code   RO         4778    .text               mc_p.l(__0sscanf.o)
    0x00000220   0x00000220   0x0000014a   Code   RO         4780    .text               mc_p.l(_scanf_int.o)
    0x0000036a   0x0000036a   0x00000060   Code   RO         4796    .text               mc_p.l(uldiv.o)
    0x000003ca   0x000003ca   0x0000001e   Code   RO         4798    .text               mc_p.l(_chval.o)
    0x000003e8   0x000003e8   0x0000002c   Code   RO         4800    .text               mc_p.l(scanf_char.o)
    0x00000414   0x00000414   0x00000044   Code   RO         4802    .text               mc_p.l(_sgetc.o)
    0x00000458   0x00000458   0x00000024   Code   RO         4815    .text               mc_p.l(init.o)
    0x0000047c   0x0000047c   0x00000020   Code   RO         4817    .text               mc_p.l(llshl.o)
    0x0000049c   0x0000049c   0x00000022   Code   RO         4819    .text               mc_p.l(llushr.o)
    0x000004be   0x000004be   0x0000000e   Code   RO         4823    .text               mc_p.l(isspace_c.o)
    0x000004cc   0x000004cc   0x00000338   Code   RO         4825    .text               mc_p.l(_scanf.o)
    0x00000804   0x00000804   0x00000024   Code   RO         4831    .text               mc_p.l(ctype_c.o)
    0x00000828   0x00000828   0x00000002   Code   RO         1404    i.ATT_HDL_Rd_NULL   profile_tab.o
    0x0000082a   0x0000082a   0x00000002   Code   RO         1405    i.ATT_HDL_Wr_NULL   profile_tab.o
    0x0000082c   0x0000082c   0x00000124   Code   RO         1234    i.BLEDemo_InitMessage  user.o
    0x00000950   0x00000950   0x00000038   Code   RO         1235    i.BLEDemo_UartRxDataHandler  user.o
    0x00000988   0x00000988   0x00000008   Code   RO         1236    i.BleApp_Init       user.o
    0x00000990   0x00000990   0x00000064   Code   RO         1237    i.BleApp_Main       user.o
    0x000009f4   0x000009f4   0x0000000c   Code   RO         3387    i.BleMHC_PostEvent  Rafael_BLE_MM32F032xx_s.lib(hci.o)
    0x00000a00   0x00000a00   0x0000000c   Code   RO         2971    i.BleTxFIFOAddr_Get  Rafael_BLE_MM32F032xx_s.lib(rf_phy.o)
    0x00000a0c   0x00000a0c   0x0000003c   Code   RO         2166    i.Ble_EC_Chk_Isr    Rafael_BLE_MM32F032xx_s.lib(ll.o)
    0x00000a48   0x00000a48   0x000000b4   Code   RO         1727    i.Ble_Kernel_Root   Rafael_BLE_MM32F032xx_s.lib(kernel.o)
    0x00000afc   0x00000afc   0x00000044   Code   RO         2972    i.Ble_SW_Init       Rafael_BLE_MM32F032xx_s.lib(rf_phy.o)
    0x00000b40   0x00000b40   0x00000030   Code   RO          222    i.CLK_EnableModuleClock  clk.o
    0x00000b70   0x00000b70   0x00000010   Code   RO          225    i.CLK_EnableXtalRC  clk.o
    0x00000b80   0x00000b80   0x00000010   Code   RO          227    i.CLK_GetHCLKFreq   clk.o
    0x00000b90   0x00000b90   0x00000020   Code   RO          230    i.CLK_GetPCLK0Freq  clk.o
    0x00000bb0   0x00000bb0   0x00000020   Code   RO          231    i.CLK_GetPCLK1Freq  clk.o
    0x00000bd0   0x00000bd0   0x00000058   Code   RO          579    i.CLK_GetPLLClockFreq  spi.o
    0x00000c28   0x00000c28   0x00000058   Code   RO          893    i.CLK_GetPLLClockFreq  uart.o
    0x00000c80   0x00000c80   0x00000050   Code   RO          235    i.CLK_SetHCLK       clk.o
    0x00000cd0   0x00000cd0   0x00000070   Code   RO          236    i.CLK_SetModuleClock  clk.o
    0x00000d40   0x00000d40   0x00000024   Code   RO         1135    i.CLK_SysTickDelay  main.o
    0x00000d64   0x00000d64   0x00000024   Code   RO         1238    i.CLK_SysTickDelay  user.o
    0x00000d88   0x00000d88   0x00000024   Code   RO         1312    i.CLK_SysTickDelay  ft_func.o
    0x00000dac   0x00000dac   0x00000024   Code   RO         1534    i.CLK_SysTickDelay  porting_misc.o
    0x00000dd0   0x00000dd0   0x0000002c   Code   RO          238    i.CLK_WaitClockReady  clk.o
    0x00000dfc   0x00000dfc   0x00000034   Code   RO         1731    i.CheckMsgBlk_L2_wSizeUsed_Isr  Rafael_BLE_MM32F032xx_s.lib(kernel.o)
    0x00000e30   0x00000e30   0x00000020   Code   RO         1732    i.CheckMsgQueue     Rafael_BLE_MM32F032xx_s.lib(kernel.o)
    0x00000e50   0x00000e50   0x00000014   Code   RO         3723    i.CheckValid_L2CAP_Buf  Rafael_BLE_MM32F032xx_s.lib(l2cap.o)
    0x00000e64   0x00000e64   0x0000000c   Code   RO         2973    i.ChipId_Get        Rafael_BLE_MM32F032xx_s.lib(rf_phy.o)
    0x00000e70   0x00000e70   0x000000e8   Code   RO         2167    i.ECHC_LE_Ctrl_Pkt  Rafael_BLE_MM32F032xx_s.lib(ll.o)
    0x00000f58   0x00000f58   0x0000000c   Code   RO         1742    i.ErrorEntry        Rafael_BLE_MM32F032xx_s.lib(kernel.o)
    0x00000f64   0x00000f64   0x00000020   Code   RO         1743    i.FreeMsgBlk        Rafael_BLE_MM32F032xx_s.lib(kernel.o)
    0x00000f84   0x00000f84   0x0000001c   Code   RO         1744    i.FreeMsgBlk_Isr    Rafael_BLE_MM32F032xx_s.lib(kernel.o)
    0x00000fa0   0x00000fa0   0x00000030   Code   RO         1745    i.FreeMsgBlks       Rafael_BLE_MM32F032xx_s.lib(kernel.o)
    0x00000fd0   0x00000fd0   0x00000024   Code   RO         1746    i.FreeMsgBlks_Isr   Rafael_BLE_MM32F032xx_s.lib(kernel.o)
    0x00000ff4   0x00000ff4   0x00000020   Code   RO         1535    i.GPCDEF_IRQHandler  porting_misc.o
    0x00001014   0x00001014   0x0000001c   Code   RO          376    i.GPIO_DisableInt   gpio.o
    0x00001030   0x00001030   0x0000001a   Code   RO          377    i.GPIO_EnableInt    gpio.o
    0x0000104a   0x0000104a   0x00000028   Code   RO          378    i.GPIO_SetMode      gpio.o
    0x00001072   0x00001072   0x00000002   PAD
    0x00001074   0x00001074   0x00000028   Code   RO         1747    i.GetMsgBlk         Rafael_BLE_MM32F032xx_s.lib(kernel.o)
    0x0000109c   0x0000109c   0x00000020   Code   RO         1748    i.GetMsgBlk_Isr     Rafael_BLE_MM32F032xx_s.lib(kernel.o)
    0x000010bc   0x000010bc   0x00000054   Code   RO         1749    i.GetMsgBlk_L1_wSize_Isr  Rafael_BLE_MM32F032xx_s.lib(kernel.o)
    0x00001110   0x00001110   0x00000054   Code   RO         1750    i.GetMsgBlk_L2_wSize  Rafael_BLE_MM32F032xx_s.lib(kernel.o)
    0x00001164   0x00001164   0x00000024   Code   RO         3388    i.HCI_Root          Rafael_BLE_MM32F032xx_s.lib(hci.o)
    0x00001188   0x00001188   0x00000038   Code   RO         2169    i.HCLL_Disconnect   Rafael_BLE_MM32F032xx_s.lib(ll.o)
    0x000011c0   0x000011c0   0x00000002   Code   RO         2170    i.HCLL_Host_Buffer_Size  Rafael_BLE_MM32F032xx_s.lib(ll.o)
    0x000011c2   0x000011c2   0x00000002   Code   RO         2171    i.HCLL_Host_Num_of_Completed_Packets  Rafael_BLE_MM32F032xx_s.lib(ll.o)
    0x000011c4   0x000011c4   0x00000002   Code   RO         2172    i.HCLL_LE_ACL_Data_Pkt  Rafael_BLE_MM32F032xx_s.lib(ll.o)
    0x000011c6   0x000011c6   0x00000004   Code   RO         2173    i.HCLL_LE_ACL_Data_Pkt_Extend  Rafael_BLE_MM32F032xx_s.lib(ll.o)
    0x000011ca   0x000011ca   0x00000002   PAD
    0x000011cc   0x000011cc   0x0000008c   Code   RO         2174    i.HCLL_LE_Add_Device_to_White_List  Rafael_BLE_MM32F032xx_s.lib(ll.o)
    0x00001258   0x00001258   0x00000048   Code   RO         2175    i.HCLL_LE_Clear_White_List  Rafael_BLE_MM32F032xx_s.lib(ll.o)
    0x000012a0   0x000012a0   0x000000d4   Code   RO         2176    i.HCLL_LE_Conn_update  Rafael_BLE_MM32F032xx_s.lib(ll.o)
    0x00001374   0x00001374   0x00000002   Code   RO         2177    i.HCLL_LE_Create_Conn  Rafael_BLE_MM32F032xx_s.lib(ll.o)
    0x00001376   0x00001376   0x00000002   Code   RO         2178    i.HCLL_LE_Create_conn_cancel  Rafael_BLE_MM32F032xx_s.lib(ll.o)
    0x00001378   0x00001378   0x000000b4   Code   RO         2179    i.HCLL_LE_Ctrl_Pkt  Rafael_BLE_MM32F032xx_s.lib(ll.o)
    0x0000142c   0x0000142c   0x00000024   Code   RO         2180    i.HCLL_LE_Encrypt   Rafael_BLE_MM32F032xx_s.lib(ll.o)
    0x00001450   0x00001450   0x0000005c   Code   RO         2181    i.HCLL_LE_Long_term_key_req_neg_reply  Rafael_BLE_MM32F032xx_s.lib(ll.o)
    0x000014ac   0x000014ac   0x00000024   Code   RO         2182    i.HCLL_LE_Long_term_key_req_reply  Rafael_BLE_MM32F032xx_s.lib(ll.o)
    0x000014d0   0x000014d0   0x00000024   Code   RO         2183    i.HCLL_LE_Rand      Rafael_BLE_MM32F032xx_s.lib(ll.o)
    0x000014f4   0x000014f4   0x00000004   Code   RO         2184    i.HCLL_LE_Read_Adv_Ch_Tx_Pwr  Rafael_BLE_MM32F032xx_s.lib(ll.o)
    0x000014f8   0x000014f8   0x00000024   Code   RO         2185    i.HCLL_LE_Read_Buffer_Size  Rafael_BLE_MM32F032xx_s.lib(ll.o)
    0x0000151c   0x0000151c   0x00000048   Code   RO         2186    i.HCLL_LE_Read_Local_Supported_Feat  Rafael_BLE_MM32F032xx_s.lib(ll.o)
    0x00001564   0x00001564   0x00000044   Code   RO         2187    i.HCLL_LE_Read_Phy  Rafael_BLE_MM32F032xx_s.lib(ll.o)
    0x000015a8   0x000015a8   0x00000044   Code   RO         2188    i.HCLL_LE_Read_Remote_Used_Feat  Rafael_BLE_MM32F032xx_s.lib(ll.o)
    0x000015ec   0x000015ec   0x0000001c   Code   RO         2189    i.HCLL_LE_Read_White_List_Size  Rafael_BLE_MM32F032xx_s.lib(ll.o)
    0x00001608   0x00001608   0x0000003c   Code   RO         2190    i.HCLL_LE_Read_ch_map  Rafael_BLE_MM32F032xx_s.lib(ll.o)
    0x00001644   0x00001644   0x00000002   Code   RO         2191    i.HCLL_LE_Read_supported_states  Rafael_BLE_MM32F032xx_s.lib(ll.o)
    0x00001646   0x00001646   0x00000002   Code   RO         2192    i.HCLL_LE_Receiver_test  Rafael_BLE_MM32F032xx_s.lib(ll.o)
    0x00001648   0x00001648   0x00000004   Code   RO         2193    i.HCLL_LE_Remote_conn_param_req_neg_reply  Rafael_BLE_MM32F032xx_s.lib(ll.o)
    0x0000164c   0x0000164c   0x00000004   Code   RO         2194    i.HCLL_LE_Remote_conn_param_req_reply  Rafael_BLE_MM32F032xx_s.lib(ll.o)
    0x00001650   0x00001650   0x00000070   Code   RO         2195    i.HCLL_LE_Rmv_Device_from_White_List  Rafael_BLE_MM32F032xx_s.lib(ll.o)
    0x000016c0   0x000016c0   0x0000005c   Code   RO         2196    i.HCLL_LE_Set_Adv_Data  Rafael_BLE_MM32F032xx_s.lib(ll.o)
    0x0000171c   0x0000171c   0x0000009c   Code   RO         2197    i.HCLL_LE_Set_Adv_Param  Rafael_BLE_MM32F032xx_s.lib(ll.o)
    0x000017b8   0x000017b8   0x0000012c   Code   RO         2198    i.HCLL_LE_Set_Advertise_Enable  Rafael_BLE_MM32F032xx_s.lib(ll.o)
    0x000018e4   0x000018e4   0x0000007c   Code   RO         2199    i.HCLL_LE_Set_Data_Length  Rafael_BLE_MM32F032xx_s.lib(ll.o)
    0x00001960   0x00001960   0x00000060   Code   RO         2200    i.HCLL_LE_Set_Default_Phy  Rafael_BLE_MM32F032xx_s.lib(ll.o)
    0x000019c0   0x000019c0   0x0000002c   Code   RO         2201    i.HCLL_LE_Set_Event_Mask  Rafael_BLE_MM32F032xx_s.lib(ll.o)
    0x000019ec   0x000019ec   0x00000002   Code   RO         2202    i.HCLL_LE_Set_Host_Ch_Classification  Rafael_BLE_MM32F032xx_s.lib(ll.o)
    0x000019ee   0x000019ee   0x00000002   PAD
    0x000019f0   0x000019f0   0x00000098   Code   RO         2203    i.HCLL_LE_Set_Phy   Rafael_BLE_MM32F032xx_s.lib(ll.o)
    0x00001a88   0x00001a88   0x00000054   Code   RO         2204    i.HCLL_LE_Set_Random_Address  Rafael_BLE_MM32F032xx_s.lib(ll.o)
    0x00001adc   0x00001adc   0x0000005c   Code   RO         2205    i.HCLL_LE_Set_Scan_Response_Data  Rafael_BLE_MM32F032xx_s.lib(ll.o)
    0x00001b38   0x00001b38   0x0000004c   Code   RO         2206    i.HCLL_LE_Set_scan_enable  Rafael_BLE_MM32F032xx_s.lib(ll.o)
    0x00001b84   0x00001b84   0x00000090   Code   RO         2207    i.HCLL_LE_Set_scan_param  Rafael_BLE_MM32F032xx_s.lib(ll.o)
    0x00001c14   0x00001c14   0x00000024   Code   RO         2208    i.HCLL_LE_Start_encryption  Rafael_BLE_MM32F032xx_s.lib(ll.o)
    0x00001c38   0x00001c38   0x00000002   Code   RO         2209    i.HCLL_LE_Test_end  Rafael_BLE_MM32F032xx_s.lib(ll.o)
    0x00001c3a   0x00001c3a   0x00000002   Code   RO         2210    i.HCLL_LE_Transmitter_test  Rafael_BLE_MM32F032xx_s.lib(ll.o)
    0x00001c3c   0x00001c3c   0x0000002c   Code   RO         2211    i.HCLL_Read_BD_Addr  Rafael_BLE_MM32F032xx_s.lib(ll.o)
    0x00001c68   0x00001c68   0x00000002   Code   RO         2212    i.HCLL_Read_Le_Host_Support  Rafael_BLE_MM32F032xx_s.lib(ll.o)
    0x00001c6a   0x00001c6a   0x00000002   PAD
    0x00001c6c   0x00001c6c   0x00000050   Code   RO         2213    i.HCLL_Read_Local_Supported_Cmd  Rafael_BLE_MM32F032xx_s.lib(ll.o)
    0x00001cbc   0x00001cbc   0x0000002c   Code   RO         2214    i.HCLL_Read_Local_Supported_Feat  Rafael_BLE_MM32F032xx_s.lib(ll.o)
    0x00001ce8   0x00001ce8   0x0000002c   Code   RO         2215    i.HCLL_Read_Local_Ver_Info  Rafael_BLE_MM32F032xx_s.lib(ll.o)
    0x00001d14   0x00001d14   0x00000030   Code   RO         2216    i.HCLL_Read_Remote_Ver_Info  Rafael_BLE_MM32F032xx_s.lib(ll.o)
    0x00001d44   0x00001d44   0x00000002   Code   RO         2217    i.HCLL_Read_Transmit_Pwr_Level  Rafael_BLE_MM32F032xx_s.lib(ll.o)
    0x00001d46   0x00001d46   0x00000002   Code   RO         2218    i.HCLL_Read_authen_payload_timeout  Rafael_BLE_MM32F032xx_s.lib(ll.o)
    0x00001d48   0x00001d48   0x00000002   Code   RO         2219    i.HCLL_Read_buffer_size  Rafael_BLE_MM32F032xx_s.lib(ll.o)
    0x00001d4a   0x00001d4a   0x00000002   PAD
    0x00001d4c   0x00001d4c   0x00000034   Code   RO         2220    i.HCLL_Read_rssi    Rafael_BLE_MM32F032xx_s.lib(ll.o)
    0x00001d80   0x00001d80   0x0000001a   Code   RO         2221    i.HCLL_Reset        Rafael_BLE_MM32F032xx_s.lib(ll.o)
    0x00001d9a   0x00001d9a   0x00000002   Code   RO         2222    i.HCLL_Set_Ctrler_to_Host_Flow_Ctrl  Rafael_BLE_MM32F032xx_s.lib(ll.o)
    0x00001d9c   0x00001d9c   0x0000003c   Code   RO         2223    i.HCLL_Set_Event_Mask  Rafael_BLE_MM32F032xx_s.lib(ll.o)
    0x00001dd8   0x00001dd8   0x00000024   Code   RO         2224    i.HCLL_Set_Event_Mask_Page_2  Rafael_BLE_MM32F032xx_s.lib(ll.o)
    0x00001dfc   0x00001dfc   0x00000002   Code   RO         2225    i.HCLL_Write_Le_Host_Support  Rafael_BLE_MM32F032xx_s.lib(ll.o)
    0x00001dfe   0x00001dfe   0x00000002   Code   RO         2226    i.HCLL_Write_authen_payload_timeout  Rafael_BLE_MM32F032xx_s.lib(ll.o)
    0x00001e00   0x00001e00   0x00000018   Code   RO         3640    i.HSPF_Att_Read     Rafael_BLE_MM32F032xx_s.lib(host.o)
    0x00001e18   0x00001e18   0x0000001c   Code   RO         3641    i.HSPF_Att_Write    Rafael_BLE_MM32F032xx_s.lib(host.o)
    0x00001e34   0x00001e34   0x00000028   Code   RO          502    i.Hard_Fault_Handler  retarget.o
    0x00001e5c   0x00001e5c   0x00000024   Code   RO         3642    i.Host_Root         Rafael_BLE_MM32F032xx_s.lib(host.o)
    0x00001e80   0x00001e80   0x0000004c   Code   RO         1753    i.KernelInit        Rafael_BLE_MM32F032xx_s.lib(kernel.o)
    0x00001ecc   0x00001ecc   0x00000020   Code   RO         1754    i.Knl_CodeComp      Rafael_BLE_MM32F032xx_s.lib(kernel.o)
    0x00001eec   0x00001eec   0x00000012   Code   RO         1756    i.Knl_CodeCpy       Rafael_BLE_MM32F032xx_s.lib(kernel.o)
    0x00001efe   0x00001efe   0x0000001e   Code   RO         1758    i.Knl_CodeCpyInv_Isr  Rafael_BLE_MM32F032xx_s.lib(kernel.o)
    0x00001f1c   0x00001f1c   0x00000012   Code   RO         1759    i.Knl_CodeCpy_Isr   Rafael_BLE_MM32F032xx_s.lib(kernel.o)
    0x00001f2e   0x00001f2e   0x00000020   Code   RO         1760    i.Knl_MemComp       Rafael_BLE_MM32F032xx_s.lib(kernel.o)
    0x00001f4e   0x00001f4e   0x00000020   Code   RO         1761    i.Knl_MemComp_Isr   Rafael_BLE_MM32F032xx_s.lib(kernel.o)
    0x00001f6e   0x00001f6e   0x00000012   Code   RO         1762    i.Knl_MemCpy        Rafael_BLE_MM32F032xx_s.lib(kernel.o)
    0x00001f80   0x00001f80   0x0000001e   Code   RO         1763    i.Knl_MemCpyInv     Rafael_BLE_MM32F032xx_s.lib(kernel.o)
    0x00001f9e   0x00001f9e   0x0000001e   Code   RO         1764    i.Knl_MemCpyInv_Isr  Rafael_BLE_MM32F032xx_s.lib(kernel.o)
    0x00001fbc   0x00001fbc   0x0000001a   Code   RO         1765    i.Knl_MemCpy_Fwd    Rafael_BLE_MM32F032xx_s.lib(kernel.o)
    0x00001fd6   0x00001fd6   0x00000012   Code   RO         1766    i.Knl_MemCpy_Isr    Rafael_BLE_MM32F032xx_s.lib(kernel.o)
    0x00001fe8   0x00001fe8   0x00000024   Code   RO         3724    i.L2CAP_Root        Rafael_BLE_MM32F032xx_s.lib(l2cap.o)
    0x0000200c   0x0000200c   0x000001cc   Code   RO         2227    i.LLEC_LE_CCM_Manual  Rafael_BLE_MM32F032xx_s.lib(ll.o)
    0x000021d8   0x000021d8   0x00000030   Code   RO         2228    i.LLEC_LE_Encrypt   Rafael_BLE_MM32F032xx_s.lib(ll.o)
    0x00002208   0x00002208   0x0000005c   Code   RO         2229    i.LLEC_LE_Long_term_key_req_reply  Rafael_BLE_MM32F032xx_s.lib(ll.o)
    0x00002264   0x00002264   0x0000004c   Code   RO         2230    i.LLEC_LE_Rand      Rafael_BLE_MM32F032xx_s.lib(ll.o)
    0x000022b0   0x000022b0   0x00000084   Code   RO         2231    i.LLEC_LE_Start_encryption  Rafael_BLE_MM32F032xx_s.lib(ll.o)
    0x00002334   0x00002334   0x0000001a   Code   RO         2232    i.LLHC_ERR_CODE_Invalid_Lmp_Parameters  Rafael_BLE_MM32F032xx_s.lib(ll.o)
    0x0000234e   0x0000234e   0x0000001a   Code   RO         2233    i.LLHC_ERR_CODE_Unknown_Hci_Command  Rafael_BLE_MM32F032xx_s.lib(ll.o)
    0x00002368   0x00002368   0x0000034c   Code   RO         2234    i.LLHC_LE_Ctrl_Pkt  Rafael_BLE_MM32F032xx_s.lib(ll.o)
    0x000026b4   0x000026b4   0x00000068   Code   RO         2235    i.LLHeaderRdy_Isr   Rafael_BLE_MM32F032xx_s.lib(ll.o)
    0x0000271c   0x0000271c   0x0000000c   Code   RO         2974    i.LLTimeline_Get    Rafael_BLE_MM32F032xx_s.lib(rf_phy.o)
    0x00002728   0x00002728   0x0000011c   Code   RO         2236    i.LLTimerFIFOGetSend_Isr  Rafael_BLE_MM32F032xx_s.lib(ll.o)
    0x00002844   0x00002844   0x00000f54   Code   RO         2237    i.LLTimer_Isr       Rafael_BLE_MM32F032xx_s.lib(ll.o)
    0x00003798   0x00003798   0x00000044   Code   RO         2238    i.LLTimer_TmrRefUpd_Isr  Rafael_BLE_MM32F032xx_s.lib(ll.o)
    0x000037dc   0x000037dc   0x0000025c   Code   RO         2239    i.LLWTRFIFOGet_Isr  Rafael_BLE_MM32F032xx_s.lib(ll.o)
    0x00003a38   0x00003a38   0x00000064   Code   RO         2241    i.LLWTR_Buffer_wAck_Isr  Rafael_BLE_MM32F032xx_s.lib(ll.o)
    0x00003a9c   0x00003a9c   0x000008e2   Code   RO         2242    i.LLWTR_Isr         Rafael_BLE_MM32F032xx_s.lib(ll.o)
    0x0000437e   0x0000437e   0x00000002   PAD
    0x00004380   0x00004380   0x0000004c   Code   RO         2243    i.LLWTR_MDset       Rafael_BLE_MM32F032xx_s.lib(ll.o)
    0x000043cc   0x000043cc   0x000003a0   Code   RO         2244    i.LLWTR_Rx2Hc       Rafael_BLE_MM32F032xx_s.lib(ll.o)
    0x0000476c   0x0000476c   0x000002e4   Code   RO         2246    i.LL_Buffer_To_FIFO_Isr  Rafael_BLE_MM32F032xx_s.lib(ll.o)
    0x00004a50   0x00004a50   0x00000018   Code   RO         2247    i.LL_CheckConnExist  Rafael_BLE_MM32F032xx_s.lib(ll.o)
    0x00004a68   0x00004a68   0x000000a0   Code   RO         2248    i.LL_Data2ConnTxFIFO  Rafael_BLE_MM32F032xx_s.lib(ll.o)
    0x00004b08   0x00004b08   0x00000074   Code   RO         2249    i.LL_Data2ConnTxFIFO_smp  Rafael_BLE_MM32F032xx_s.lib(ll.o)
    0x00004b7c   0x00004b7c   0x00000050   Code   RO         2250    i.LL_Data2ConnTxFIFO_smp_Isr  Rafael_BLE_MM32F032xx_s.lib(ll.o)
    0x00004bcc   0x00004bcc   0x0000007c   Code   RO         2251    i.LL_EventCounter_Map_Upd  Rafael_BLE_MM32F032xx_s.lib(ll.o)
    0x00004c48   0x00004c48   0x000000d8   Code   RO         2252    i.LL_GPIO_Isr       Rafael_BLE_MM32F032xx_s.lib(ll.o)
    0x00004d20   0x00004d20   0x0000001c   Code   RO         2253    i.LL_GetSlaveFreeConnID  Rafael_BLE_MM32F032xx_s.lib(ll.o)
    0x00004d3c   0x00004d3c   0x00000020   Code   RO         2254    i.LL_MsgBlk_LL_conn_Para_Rls  Rafael_BLE_MM32F032xx_s.lib(ll.o)
    0x00004d5c   0x00004d5c   0x00000038   Code   RO         2255    i.LL_Msg_CTRL_PKT   Rafael_BLE_MM32F032xx_s.lib(ll.o)
    0x00004d94   0x00004d94   0x00000038   Code   RO         2256    i.LL_Msg_CTRL_PKT_Isr  Rafael_BLE_MM32F032xx_s.lib(ll.o)
    0x00004dcc   0x00004dcc   0x0000001e   Code   RO         2258    i.LL_Msg_Event_Encrypt_Change  Rafael_BLE_MM32F032xx_s.lib(ll.o)
    0x00004dea   0x00004dea   0x0000001e   Code   RO         2259    i.LL_Msg_Event_Le_Data_Length_Change  Rafael_BLE_MM32F032xx_s.lib(ll.o)
    0x00004e08   0x00004e08   0x00000020   Code   RO         2260    i.LL_Msg_Event_Le_PHY_Update_Complete  Rafael_BLE_MM32F032xx_s.lib(ll.o)
    0x00004e28   0x00004e28   0x0000001a   Code   RO         2261    i.LL_Msg_Event_Status  Rafael_BLE_MM32F032xx_s.lib(ll.o)
    0x00004e42   0x00004e42   0x00000002   PAD
    0x00004e44   0x00004e44   0x0000009c   Code   RO         2264    i.LL_Queue_To_Buffer_Isr  Rafael_BLE_MM32F032xx_s.lib(ll.o)
    0x00004ee0   0x00004ee0   0x000000d8   Code   RO         2265    i.LL_ReleaseConnID  Rafael_BLE_MM32F032xx_s.lib(ll.o)
    0x00004fb8   0x00004fb8   0x000000f4   Code   RO         2266    i.LL_ReleaseConnID_Isr  Rafael_BLE_MM32F032xx_s.lib(ll.o)
    0x000050ac   0x000050ac   0x00000054   Code   RO         2267    i.LL_RfChRemap      Rafael_BLE_MM32F032xx_s.lib(ll.o)
    0x00005100   0x00005100   0x00000024   Code   RO         2268    i.LL_Root           Rafael_BLE_MM32F032xx_s.lib(ll.o)
    0x00005124   0x00005124   0x00000054   Code   RO         2269    i.LL_RxEnter_Isr    Rafael_BLE_MM32F032xx_s.lib(ll.o)
    0x00005178   0x00005178   0x0000001c   Code   RO         2271    i.LL_Slv_Win_Width_Incr  Rafael_BLE_MM32F032xx_s.lib(ll.o)
    0x00005194   0x00005194   0x00000030   Code   RO         2273    i.LL_SvPrToutAccu_Incr  Rafael_BLE_MM32F032xx_s.lib(ll.o)
    0x000051c4   0x000051c4   0x0000002c   Code   RO         2274    i.LL_TmrBlk_Pt_PairRst  Rafael_BLE_MM32F032xx_s.lib(ll.o)
    0x000051f0   0x000051f0   0x00000038   Code   RO         2275    i.LL_TmrBlk_Rls     Rafael_BLE_MM32F032xx_s.lib(ll.o)
    0x00005228   0x00005228   0x00000020   Code   RO         2276    i.LL_TmrBlk_Rls_NxtIntvl  Rafael_BLE_MM32F032xx_s.lib(ll.o)
    0x00005248   0x00005248   0x00000048   Code   RO         2277    i.LL_TmrBlk_Rls_Pair  Rafael_BLE_MM32F032xx_s.lib(ll.o)
    0x00005290   0x00005290   0x00000078   Code   RO         2278    i.LL_Tmr_FIFO_ADVrpt  Rafael_BLE_MM32F032xx_s.lib(ll.o)
    0x00005308   0x00005308   0x00000058   Code   RO         2279    i.LL_TxEnter_Isr    Rafael_BLE_MM32F032xx_s.lib(ll.o)
    0x00005360   0x00005360   0x00000044   Code   RO         2280    i.LL_smp_SKD_IV_genIn  Rafael_BLE_MM32F032xx_s.lib(ll.o)
    0x000053a4   0x000053a4   0x0000001c   Code   RO         1536    i.MCU_GpioIntDisable  porting_misc.o
    0x000053c0   0x000053c0   0x0000003c   Code   RO         1537    i.MCU_GpioIntEnable  porting_misc.o
    0x000053fc   0x000053fc   0x00000014   Code   RO         1538    i.MCU_GpioPinInit   porting_misc.o
    0x00005410   0x00005410   0x00000024   Code   RO         1539    i.MCU_GpioReset     porting_misc.o
    0x00005434   0x00005434   0x0000001c   Code   RO         1540    i.MCU_GpioResetInit  porting_misc.o
    0x00005450   0x00005450   0x00000058   Code   RO         1615    i.MCU_SpiInit       porting_spi.o
    0x000054a8   0x000054a8   0x00000004   Code   RO         2281    i.MEC_HCI_Null      Rafael_BLE_MM32F032xx_s.lib(ll.o)
    0x000054ac   0x000054ac   0x00000002   Code   RO         3389    i.MHC_Event_Authen_Payload_Timeout_Expired  Rafael_BLE_MM32F032xx_s.lib(hci.o)
    0x000054ae   0x000054ae   0x00000002   PAD
    0x000054b0   0x000054b0   0x00000094   Code   RO         3390    i.MHC_Event_Cmd_Complete  Rafael_BLE_MM32F032xx_s.lib(hci.o)
    0x00005544   0x00005544   0x0000001c   Code   RO         3391    i.MHC_Event_Cmd_Status  Rafael_BLE_MM32F032xx_s.lib(hci.o)
    0x00005560   0x00005560   0x00000002   Code   RO         3392    i.MHC_Event_Data_Buffer_Overflow  Rafael_BLE_MM32F032xx_s.lib(hci.o)
    0x00005562   0x00005562   0x00000002   PAD
    0x00005564   0x00005564   0x00000028   Code   RO         3393    i.MHC_Event_Disconn_Complete  Rafael_BLE_MM32F032xx_s.lib(hci.o)
    0x0000558c   0x0000558c   0x000000f8   Code   RO         3394    i.MHC_Event_Encrypt_Change  Rafael_BLE_MM32F032xx_s.lib(hci.o)
    0x00005684   0x00005684   0x00000058   Code   RO         3395    i.MHC_Event_Encrypt_Key_Refresh_Complete  Rafael_BLE_MM32F032xx_s.lib(hci.o)
    0x000056dc   0x000056dc   0x00000004   Code   RO         3396    i.MHC_Event_HCI_Raw  Rafael_BLE_MM32F032xx_s.lib(hci.o)
    0x000056e0   0x000056e0   0x00000002   Code   RO         3397    i.MHC_Event_Hardware_Error  Rafael_BLE_MM32F032xx_s.lib(hci.o)
    0x000056e2   0x000056e2   0x00000002   PAD
    0x000056e4   0x000056e4   0x00000034   Code   RO         3398    i.MHC_Event_Le_Adv_Report  Rafael_BLE_MM32F032xx_s.lib(hci.o)
    0x00005718   0x00005718   0x00000084   Code   RO         3399    i.MHC_Event_Le_Conn_Complete  Rafael_BLE_MM32F032xx_s.lib(hci.o)
    0x0000579c   0x0000579c   0x00000030   Code   RO         3400    i.MHC_Event_Le_Conn_Update_Complete  Rafael_BLE_MM32F032xx_s.lib(hci.o)
    0x000057cc   0x000057cc   0x0000002c   Code   RO         3401    i.MHC_Event_Le_Data_Length_Change  Rafael_BLE_MM32F032xx_s.lib(hci.o)
    0x000057f8   0x000057f8   0x000000d8   Code   RO         3402    i.MHC_Event_Le_Long_Term_Key_Req  Rafael_BLE_MM32F032xx_s.lib(hci.o)
    0x000058d0   0x000058d0   0x00000034   Code   RO         3403    i.MHC_Event_Le_PHY_Update_Complete  Rafael_BLE_MM32F032xx_s.lib(hci.o)
    0x00005904   0x00005904   0x0000001c   Code   RO         3404    i.MHC_Event_Le_Read_Remote_Used_Features_Complete  Rafael_BLE_MM32F032xx_s.lib(hci.o)
    0x00005920   0x00005920   0x00000002   Code   RO         3405    i.MHC_Event_Le_Remote_Conn_param_Req_Event  Rafael_BLE_MM32F032xx_s.lib(hci.o)
    0x00005922   0x00005922   0x00000002   PAD
    0x00005924   0x00005924   0x00000014   Code   RO         3406    i.MHC_Event_Le_Wait_Passkey_Confrim  Rafael_BLE_MM32F032xx_s.lib(hci.o)
    0x00005938   0x00005938   0x00000002   Code   RO         3407    i.MHC_Event_Null    Rafael_BLE_MM32F032xx_s.lib(hci.o)
    0x0000593a   0x0000593a   0x00000004   Code   RO         3408    i.MHC_Event_Num_Of_Completed_Pckts  Rafael_BLE_MM32F032xx_s.lib(hci.o)
    0x0000593e   0x0000593e   0x00000002   PAD
    0x00005940   0x00005940   0x00000010   Code   RO         3409    i.MHC_Event_Read_Remote_Ver_Info_Complete  Rafael_BLE_MM32F032xx_s.lib(hci.o)
    0x00005950   0x00005950   0x00000014   Code   RO         3410    i.MHC_Event_STK_Gen_Method  Rafael_BLE_MM32F032xx_s.lib(hci.o)
    0x00005964   0x00005964   0x00000014   Code   RO         3411    i.MHC_Evnet_Auth_Status  Rafael_BLE_MM32F032xx_s.lib(hci.o)
    0x00005978   0x00005978   0x00000044   Code   RO         3412    i.MHC_LE_ACL_Data_Pkt  Rafael_BLE_MM32F032xx_s.lib(hci.o)
    0x000059bc   0x000059bc   0x00000004   Code   RO         3413    i.MHC_LE_ACL_Data_Pkt_Extend  Rafael_BLE_MM32F032xx_s.lib(hci.o)
    0x000059c0   0x000059c0   0x00000002   Code   RO         3643    i.MHS_Event_Null    Rafael_BLE_MM32F032xx_s.lib(host.o)
    0x000059c2   0x000059c2   0x00000002   Code   RO         3725    i.ML2CAP_Event_Null  Rafael_BLE_MM32F032xx_s.lib(l2cap.o)
    0x000059c4   0x000059c4   0x00000004   Code   RO         2282    i.MLL_HCI_Null      Rafael_BLE_MM32F032xx_s.lib(ll.o)
    0x000059c8   0x000059c8   0x00000004   Code   RO         2283    i.MLL_LE_Ctrl_Pkt   Rafael_BLE_MM32F032xx_s.lib(ll.o)
    0x000059cc   0x000059cc   0x00000018   Code   RO         2284    i.MLL_LL_CHN_Map_Upd  Rafael_BLE_MM32F032xx_s.lib(ll.o)
    0x000059e4   0x000059e4   0x0000001c   Code   RO         2285    i.MLL_LL_Enc_Req    Rafael_BLE_MM32F032xx_s.lib(ll.o)
    0x00005a00   0x00005a00   0x00000044   Code   RO         1136    i.NVIC_SetPriority  main.o
    0x00005a44   0x00005a44   0x0000000c   Code   RO          411    i.PDMA_Close        pdma.o
    0x00005a50   0x00005a50   0x00000030   Code   RO          416    i.PDMA_Open         pdma.o
    0x00005a80   0x00005a80   0x00000016   Code   RO          417    i.PDMA_SetBurstType  pdma.o
    0x00005a96   0x00005a96   0x00000022   Code   RO          419    i.PDMA_SetTransferAddr  pdma.o
    0x00005ab8   0x00005ab8   0x000000c4   Code   RO          421    i.PDMA_SetTransferMode  pdma.o
    0x00005b7c   0x00005b7c   0x00000034   Code   RO         3774    i.PassEC_BLE_CODE_SMP  Rafael_BLE_MM32F032xx_s.lib(mmi.o)
    0x00005bb0   0x00005bb0   0x00000024   Code   RO         3775    i.Prcss_BLE_CODE_SMP_Encryption_Information  Rafael_BLE_MM32F032xx_s.lib(mmi.o)
    0x00005bd4   0x00005bd4   0x00000004   Code   RO         3776    i.Prcss_BLE_CODE_SMP_Identity_Address_Information  Rafael_BLE_MM32F032xx_s.lib(mmi.o)
    0x00005bd8   0x00005bd8   0x00000024   Code   RO         3777    i.Prcss_BLE_CODE_SMP_Identity_Information  Rafael_BLE_MM32F032xx_s.lib(mmi.o)
    0x00005bfc   0x00005bfc   0x0000003c   Code   RO         3778    i.Prcss_BLE_CODE_SMP_Master_Identification  Rafael_BLE_MM32F032xx_s.lib(mmi.o)
    0x00005c38   0x00005c38   0x00000060   Code   RO         3779    i.Prcss_BLE_CODE_SMP_Pairing_Confirm  Rafael_BLE_MM32F032xx_s.lib(mmi.o)
    0x00005c98   0x00005c98   0x00000034   Code   RO         3780    i.Prcss_BLE_CODE_SMP_Pairing_Failed  Rafael_BLE_MM32F032xx_s.lib(mmi.o)
    0x00005ccc   0x00005ccc   0x00000018   Code   RO         3781    i.Prcss_BLE_CODE_SMP_Pairing_Random  Rafael_BLE_MM32F032xx_s.lib(mmi.o)
    0x00005ce4   0x00005ce4   0x000000f8   Code   RO         3782    i.Prcss_BLE_CODE_SMP_Pairing_Request  Rafael_BLE_MM32F032xx_s.lib(mmi.o)
    0x00005ddc   0x00005ddc   0x00000004   Code   RO         3783    i.Prcss_BLE_CODE_SMP_Pairing_Response  Rafael_BLE_MM32F032xx_s.lib(mmi.o)
    0x00005de0   0x00005de0   0x00000004   Code   RO         3784    i.Prcss_BLE_CODE_SMP_Reserved  Rafael_BLE_MM32F032xx_s.lib(mmi.o)
    0x00005de4   0x00005de4   0x00000004   Code   RO         3785    i.Prcss_BLE_CODE_SMP_Security_Request  Rafael_BLE_MM32F032xx_s.lib(mmi.o)
    0x00005de8   0x00005de8   0x00000024   Code   RO         3786    i.Prcss_BLE_CODE_SMP_Signing_Information  Rafael_BLE_MM32F032xx_s.lib(mmi.o)
    0x00005e0c   0x00005e0c   0x00000004   Code   RO         3787    i.Prcss_L2CAP_CID_AMP_MANAGER_PROTOCOL  Rafael_BLE_MM32F032xx_s.lib(mmi.o)
    0x00005e10   0x00005e10   0x00000044   Code   RO         3788    i.Prcss_L2CAP_CID_ATTRIBUTE_PROTOCOL  Rafael_BLE_MM32F032xx_s.lib(mmi.o)
    0x00005e54   0x00005e54   0x00000004   Code   RO         3789    i.Prcss_L2CAP_CID_CONNECTIONLESS_CHANNEL  Rafael_BLE_MM32F032xx_s.lib(mmi.o)
    0x00005e58   0x00005e58   0x00000004   Code   RO         3790    i.Prcss_L2CAP_CID_L2CAP_SIGNALING_CHANNEL  Rafael_BLE_MM32F032xx_s.lib(mmi.o)
    0x00005e5c   0x00005e5c   0x00000050   Code   RO         3791    i.Prcss_L2CAP_CID_LE_L2CAP_SIGNALING_CHANNEL  Rafael_BLE_MM32F032xx_s.lib(mmi.o)
    0x00005eac   0x00005eac   0x00000004   Code   RO         3792    i.Prcss_L2CAP_CID_NULL_IDENTIFIER  Rafael_BLE_MM32F032xx_s.lib(mmi.o)
    0x00005eb0   0x00005eb0   0x00000028   Code   RO         3793    i.Prcss_L2CAP_CID_SECURITY_MANAGER_PROTOCOL  Rafael_BLE_MM32F032xx_s.lib(mmi.o)
    0x00005ed8   0x00005ed8   0x00000004   Code   RO         3794    i.Prcss_OPCODE_ATT_Error_Response  Rafael_BLE_MM32F032xx_s.lib(mmi.o)
    0x00005edc   0x00005edc   0x00000054   Code   RO         3795    i.Prcss_OPCODE_ATT_Exchange_MTU_Request  Rafael_BLE_MM32F032xx_s.lib(mmi.o)
    0x00005f30   0x00005f30   0x00000030   Code   RO         3796    i.Prcss_OPCODE_ATT_Exchange_MTU_Response  Rafael_BLE_MM32F032xx_s.lib(mmi.o)
    0x00005f60   0x00005f60   0x000000fc   Code   RO         3797    i.Prcss_OPCODE_ATT_Execute_Write_Request  Rafael_BLE_MM32F032xx_s.lib(mmi.o)
    0x0000605c   0x0000605c   0x00000004   Code   RO         3798    i.Prcss_OPCODE_ATT_Execute_Write_Response  Rafael_BLE_MM32F032xx_s.lib(mmi.o)
    0x00006060   0x00006060   0x0000014c   Code   RO         3799    i.Prcss_OPCODE_ATT_Find_By_Type_Value_Request  Rafael_BLE_MM32F032xx_s.lib(mmi.o)
    0x000061ac   0x000061ac   0x00000004   Code   RO         3800    i.Prcss_OPCODE_ATT_Find_By_Type_Value_Response  Rafael_BLE_MM32F032xx_s.lib(mmi.o)
    0x000061b0   0x000061b0   0x00000158   Code   RO         3801    i.Prcss_OPCODE_ATT_Find_Information_Request  Rafael_BLE_MM32F032xx_s.lib(mmi.o)
    0x00006308   0x00006308   0x00000004   Code   RO         3802    i.Prcss_OPCODE_ATT_Find_Information_Response  Rafael_BLE_MM32F032xx_s.lib(mmi.o)
    0x0000630c   0x0000630c   0x00000010   Code   RO         3803    i.Prcss_OPCODE_ATT_Handle_Value_Confirmation  Rafael_BLE_MM32F032xx_s.lib(mmi.o)
    0x0000631c   0x0000631c   0x00000004   Code   RO         3804    i.Prcss_OPCODE_ATT_Handle_Value_Indication  Rafael_BLE_MM32F032xx_s.lib(mmi.o)
    0x00006320   0x00006320   0x00000004   Code   RO         3805    i.Prcss_OPCODE_ATT_Handle_Value_Notification  Rafael_BLE_MM32F032xx_s.lib(mmi.o)
    0x00006324   0x00006324   0x00000004   Code   RO         3806    i.Prcss_OPCODE_ATT_NULL  Rafael_BLE_MM32F032xx_s.lib(mmi.o)
    0x00006328   0x00006328   0x00000108   Code   RO         3807    i.Prcss_OPCODE_ATT_Prepare_Write_Request  Rafael_BLE_MM32F032xx_s.lib(mmi.o)
    0x00006430   0x00006430   0x00000004   Code   RO         3808    i.Prcss_OPCODE_ATT_Prepare_Write_Response  Rafael_BLE_MM32F032xx_s.lib(mmi.o)
    0x00006434   0x00006434   0x00000118   Code   RO         3809    i.Prcss_OPCODE_ATT_Read_Blob_Request  Rafael_BLE_MM32F032xx_s.lib(mmi.o)
    0x0000654c   0x0000654c   0x00000004   Code   RO         3810    i.Prcss_OPCODE_ATT_Read_Blob_Response  Rafael_BLE_MM32F032xx_s.lib(mmi.o)
    0x00006550   0x00006550   0x00000258   Code   RO         3811    i.Prcss_OPCODE_ATT_Read_By_Type_Request  Rafael_BLE_MM32F032xx_s.lib(mmi.o)
    0x000067a8   0x000067a8   0x00000004   Code   RO         3812    i.Prcss_OPCODE_ATT_Read_By_Type_Response  Rafael_BLE_MM32F032xx_s.lib(mmi.o)
    0x000067ac   0x000067ac   0x00000020   Code   RO         3813    i.Prcss_OPCODE_ATT_Read_Multiple_Request  Rafael_BLE_MM32F032xx_s.lib(mmi.o)
    0x000067cc   0x000067cc   0x00000004   Code   RO         3814    i.Prcss_OPCODE_ATT_Read_Multiple_Response  Rafael_BLE_MM32F032xx_s.lib(mmi.o)
    0x000067d0   0x000067d0   0x00000124   Code   RO         3815    i.Prcss_OPCODE_ATT_Read_Request  Rafael_BLE_MM32F032xx_s.lib(mmi.o)
    0x000068f4   0x000068f4   0x00000004   Code   RO         3816    i.Prcss_OPCODE_ATT_Read_Response  Rafael_BLE_MM32F032xx_s.lib(mmi.o)
    0x000068f8   0x000068f8   0x000002d4   Code   RO         3817    i.Prcss_OPCODE_ATT_Read_by_Group_Type_Request  Rafael_BLE_MM32F032xx_s.lib(mmi.o)
    0x00006bcc   0x00006bcc   0x00000004   Code   RO         3818    i.Prcss_OPCODE_ATT_Read_by_Group_Type_Response  Rafael_BLE_MM32F032xx_s.lib(mmi.o)
    0x00006bd0   0x00006bd0   0x000000d0   Code   RO         3820    i.Prcss_OPCODE_ATT_Write_Command  Rafael_BLE_MM32F032xx_s.lib(mmi.o)
    0x00006ca0   0x00006ca0   0x00000114   Code   RO         3821    i.Prcss_OPCODE_ATT_Write_Request  Rafael_BLE_MM32F032xx_s.lib(mmi.o)
    0x00006db4   0x00006db4   0x0000000c   Code   RO         3822    i.Prcss_OPCODE_ATT_Write_Response  Rafael_BLE_MM32F032xx_s.lib(mmi.o)
    0x00006dc0   0x00006dc0   0x0000001c   Code   RO         2976    i.RF_CCM_AES_Mode_set  Rafael_BLE_MM32F032xx_s.lib(rf_phy.o)
    0x00006ddc   0x00006ddc   0x0000000e   Code   RO         2977    i.RF_CRCInit        Rafael_BLE_MM32F032xx_s.lib(rf_phy.o)
    0x00006dea   0x00006dea   0x00000014   Code   RO         2978    i.RF_CRCchk         Rafael_BLE_MM32F032xx_s.lib(rf_phy.o)
    0x00006dfe   0x00006dfe   0x00000002   PAD
    0x00006e00   0x00006e00   0x0000002c   Code   RO         2979    i.RF_DC_Rstr_Isr    Rafael_BLE_MM32F032xx_s.lib(rf_phy.o)
    0x00006e2c   0x00006e2c   0x00000054   Code   RO         2981    i.RF_External_Wakeup  Rafael_BLE_MM32F032xx_s.lib(rf_phy.o)
    0x00006e80   0x00006e80   0x00000060   Code   RO         2982    i.RF_Get_LastRssi   Rafael_BLE_MM32F032xx_s.lib(rf_phy.o)
    0x00006ee0   0x00006ee0   0x00000010   Code   RO         2985    i.RF_Header_Rdy_intOn  Rafael_BLE_MM32F032xx_s.lib(rf_phy.o)
    0x00006ef0   0x00006ef0   0x00000170   Code   RO         2986    i.RF_Init           Rafael_BLE_MM32F032xx_s.lib(rf_phy.o)
    0x00007060   0x00007060   0x00000014   Code   RO         2987    i.RF_IntReset       Rafael_BLE_MM32F032xx_s.lib(rf_phy.o)
    0x00007074   0x00007074   0x00000018   Code   RO         2989    i.RF_LE_HeaderStsLen_Tx  Rafael_BLE_MM32F032xx_s.lib(rf_phy.o)
    0x0000708c   0x0000708c   0x00000028   Code   RO         1137    i.RF_Open           main.o
    0x000070b4   0x000070b4   0x0000000e   Code   RO         2990    i.RF_PLL_VCO_Bank_set  Rafael_BLE_MM32F032xx_s.lib(rf_phy.o)
    0x000070c2   0x000070c2   0x00000002   PAD
    0x000070c4   0x000070c4   0x00000044   Code   RO         2991    i.RF_PowerSaving_En_Isr  Rafael_BLE_MM32F032xx_s.lib(rf_phy.o)
    0x00007108   0x00007108   0x0000000c   Code   RO         2994    i.RF_RxLengthLimit  Rafael_BLE_MM32F032xx_s.lib(rf_phy.o)
    0x00007114   0x00007114   0x00000084   Code   RO         2995    i.RF_Set_TxPowerLevel_Isr  Rafael_BLE_MM32F032xx_s.lib(rf_phy.o)
    0x00007198   0x00007198   0x00000098   Code   RO         1541    i.RF_SpiIoMapping   porting_misc.o
    0x00007230   0x00007230   0x00000030   Code   RO         2996    i.RF_SymbolRate_Patch_1M_2M  Rafael_BLE_MM32F032xx_s.lib(rf_phy.o)
    0x00007260   0x00007260   0x00000024   Code   RO         2997    i.RF_SymbolRate_set  Rafael_BLE_MM32F032xx_s.lib(rf_phy.o)
    0x00007284   0x00007284   0x000000d4   Code   RO         3001    i.RF_Tmr_Periodic_initial  Rafael_BLE_MM32F032xx_s.lib(rf_phy.o)
    0x00007358   0x00007358   0x0000005c   Code   RO         3002    i.RF_Tmr_Periodic_set_ISR  Rafael_BLE_MM32F032xx_s.lib(rf_phy.o)
    0x000073b4   0x000073b4   0x00000018   Code   RO         3003    i.RF_TxAutoAckOff   Rafael_BLE_MM32F032xx_s.lib(rf_phy.o)
    0x000073cc   0x000073cc   0x00000018   Code   RO         3004    i.RF_TxAutoAckOn    Rafael_BLE_MM32F032xx_s.lib(rf_phy.o)
    0x000073e4   0x000073e4   0x00000018   Code   RO         3005    i.RF_TxFIFO_ADVData_set  Rafael_BLE_MM32F032xx_s.lib(rf_phy.o)
    0x000073fc   0x000073fc   0x00000018   Code   RO         3006    i.RF_TxFIFO_ADVaddr_set  Rafael_BLE_MM32F032xx_s.lib(rf_phy.o)
    0x00007414   0x00007414   0x00000020   Code   RO         3007    i.RF_TxFIFO_LeData_set  Rafael_BLE_MM32F032xx_s.lib(rf_phy.o)
    0x00007434   0x00007434   0x0000001c   Code   RO         3008    i.RF_TxFIFO_LeData_wIdx_set  Rafael_BLE_MM32F032xx_s.lib(rf_phy.o)
    0x00007450   0x00007450   0x0000001c   Code   RO         3009    i.RF_TxFIFO_OriginAddr_set  Rafael_BLE_MM32F032xx_s.lib(rf_phy.o)
    0x0000746c   0x0000746c   0x00000064   Code   RO         3010    i.RF_Voltage_Det    Rafael_BLE_MM32F032xx_s.lib(rf_phy.o)
    0x000074d0   0x000074d0   0x00000014   Code   RO         3011    i.RF_WTR_EnChk      Rafael_BLE_MM32F032xx_s.lib(rf_phy.o)
    0x000074e4   0x000074e4   0x00000018   Code   RO         3014    i.RF_WTR_intOff     Rafael_BLE_MM32F032xx_s.lib(rf_phy.o)
    0x000074fc   0x000074fc   0x00000018   Code   RO         3015    i.RF_WTR_intOn      Rafael_BLE_MM32F032xx_s.lib(rf_phy.o)
    0x00007514   0x00007514   0x00000034   Code   RO         2286    i.RF_cmpFIFO_BDAddr  Rafael_BLE_MM32F032xx_s.lib(ll.o)
    0x00007548   0x00007548   0x00000044   Code   RO         2287    i.RF_cmpFIFO_WhiteList  Rafael_BLE_MM32F032xx_s.lib(ll.o)
    0x0000758c   0x0000758c   0x0000001c   Code   RO         1313    i.RT568_16MCLK_Test  ft_func.o
    0x000075a8   0x000075a8   0x00000016   Code   RO         1314    i.RT568_CheckRssiValue  ft_func.o
    0x000075be   0x000075be   0x00000028   Code   RO         1315    i.RT568_DeepSleepTest  ft_func.o
    0x000075e6   0x000075e6   0x00000002   PAD
    0x000075e8   0x000075e8   0x00000190   Code   RO         1239    i.RT568_FTTestSelection  user.o
    0x00007778   0x00007778   0x00000050   Code   RO         1240    i.RT568_Reset       user.o
    0x000077c8   0x000077c8   0x00000114   Code   RO         1316    i.RT568_RssiTest    ft_func.o
    0x000078dc   0x000078dc   0x00000034   Code   RO         1317    i.RT568_RxTest      ft_func.o
    0x00007910   0x00007910   0x00000014   Code   RO         1318    i.RT568_SetCmd      ft_func.o
    0x00007924   0x00007924   0x00000028   Code   RO         1319    i.RT568_SleepTest   ft_func.o
    0x0000794c   0x0000794c   0x0000006c   Code   RO         1320    i.RT568_SleepWakeupTest  ft_func.o
    0x000079b8   0x000079b8   0x00000044   Code   RO         1321    i.RT568_TxTest      ft_func.o
    0x000079fc   0x000079fc   0x00000024   Code   RO         1767    i.RcvMsgBlk         Rafael_BLE_MM32F032xx_s.lib(kernel.o)
    0x00007a20   0x00007a20   0x0000000c   Code   RO         3726    i.Rls_L2CAP_Buf     Rafael_BLE_MM32F032xx_s.lib(l2cap.o)
    0x00007a2c   0x00007a2c   0x00000034   Code   RO         3823    i.SMEC_LE_CODE_SMP_Pairing_Confirm  Rafael_BLE_MM32F032xx_s.lib(mmi.o)
    0x00007a60   0x00007a60   0x000000a0   Code   RO         3824    i.SMEC_LE_CODE_SMP_Pairing_Random  Rafael_BLE_MM32F032xx_s.lib(mmi.o)
    0x00007b00   0x00007b00   0x00000090   Code   RO         3825    i.SMEC_LE_SMP_Key_Gen  Rafael_BLE_MM32F032xx_s.lib(mmi.o)
    0x00007b90   0x00007b90   0x0000007c   Code   RO         1616    i.SPI_1BYT_SetRx    porting_spi.o
    0x00007c0c   0x00007c0c   0x0000008c   Code   RO         1617    i.SPI_1BYT_SetRx_Isr  porting_spi.o
    0x00007c98   0x00007c98   0x0000004c   Code   RO         1618    i.SPI_1BYT_SetTx    porting_spi.o
    0x00007ce4   0x00007ce4   0x00000044   Code   RO         1619    i.SPI_1BYT_SetTx_Isr  porting_spi.o
    0x00007d28   0x00007d28   0x0000005c   Code   RO         1620    i.SPI_2BYT_SetTx_Isr  porting_spi.o
    0x00007d84   0x00007d84   0x0000001c   Code   RO          591    i.SPI_Close         spi.o
    0x00007da0   0x00007da0   0x00000014   Code   RO          594    i.SPI_EnableAutoSS  spi.o
    0x00007db4   0x00007db4   0x00000040   Code   RO         1542    i.SPI_GPIO_Init     porting_misc.o
    0x00007df4   0x00007df4   0x0000011c   Code   RO          599    i.SPI_Open          spi.o
    0x00007f10   0x00007f10   0x00000098   Code   RO         1621    i.SPI_PDMA_Init     porting_spi.o
    0x00007fa8   0x00007fa8   0x000000d4   Code   RO         1622    i.SPI_PDMA_SetRx_Isr  porting_spi.o
    0x0000807c   0x0000807c   0x00000084   Code   RO         1623    i.SPI_PDMA_SetTx    porting_spi.o
    0x00008100   0x00008100   0x00000048   Code   RO         1624    i.SPI_PDMA_waitFinish  porting_spi.o
    0x00008148   0x00008148   0x000000b0   Code   RO         1138    i.SYS_Init          main.o
    0x000081f8   0x000081f8   0x0000001a   Code   RO          741    i.SYS_ResetModule   sys.o
    0x00008212   0x00008212   0x00000002   PAD
    0x00008214   0x00008214   0x00000020   Code   RO          504    i.SendChar          retarget.o
    0x00008234   0x00008234   0x00000020   Code   RO         1768    i.SndMsgBlk         Rafael_BLE_MM32F032xx_s.lib(kernel.o)
    0x00008254   0x00008254   0x0000001c   Code   RO         2288    i.SndMsgBlkEC       Rafael_BLE_MM32F032xx_s.lib(ll.o)
    0x00008270   0x00008270   0x0000001c   Code   RO         1769    i.SndMsgBlk_Isr     Rafael_BLE_MM32F032xx_s.lib(kernel.o)
    0x0000828c   0x0000828c   0x00000030   Code   RO         1771    i.SndMsgBlks_Isr    Rafael_BLE_MM32F032xx_s.lib(kernel.o)
    0x000082bc   0x000082bc   0x00000094   Code   RO            3    i.SystemCoreClockUpdate  system_m031series.o
    0x00008350   0x00008350   0x00000038   Code   RO            4    i.SystemInit        system_m031series.o
    0x00008388   0x00008388   0x00000048   Code   RO         1241    i.UART02_IRQHandler  user.o
    0x000083d0   0x000083d0   0x00000028   Code   RO         1139    i.UART0_Init        main.o
    0x000083f8   0x000083f8   0x0000004c   Code   RO         1242    i.UART13_IRQHandler  user.o
    0x00008444   0x00008444   0x00000028   Code   RO         1140    i.UART1_Init        main.o
    0x0000846c   0x0000846c   0x00000020   Code   RO         1322    i.UART1_SendData    ft_func.o
    0x0000848c   0x0000848c   0x00000008   Code   RO          899    i.UART_EnableInt    uart.o
    0x00008494   0x00008494   0x000000e4   Code   RO          900    i.UART_Open         uart.o
    0x00008578   0x00008578   0x00000020   Code   RO         4724    i.__0printf$8       mc_p.l(printf8.o)
    0x00008598   0x00008598   0x0000001a   Code   RO         2002    i.__ARM_common_switch8  Rafael_BLE_MM32F032xx_s.lib(kernel.o)
    0x000085b2   0x000085b2   0x0000000e   Code   RO         4835    i.__scatterload_copy  mc_p.l(handlers.o)
    0x000085c0   0x000085c0   0x00000002   Code   RO         4836    i.__scatterload_null  mc_p.l(handlers.o)
    0x000085c2   0x000085c2   0x0000000e   Code   RO         4837    i.__scatterload_zeroinit  mc_p.l(handlers.o)
    0x000085d0   0x000085d0   0x00000428   Code   RO         4731    i._printf_core      mc_p.l(printf8.o)
    0x000089f8   0x000089f8   0x00000020   Code   RO         4732    i._printf_post_padding  mc_p.l(printf8.o)
    0x00008a18   0x00008a18   0x0000002c   Code   RO         4733    i._printf_pre_padding  mc_p.l(printf8.o)
    0x00008a44   0x00008a44   0x00000084   Code   RO         4136    i.checkBLE_CmdTimer  Rafael_BLE_MM32F032xx_s.lib(rffunction.o)
    0x00008ac8   0x00008ac8   0x0000005c   Code   RO         4137    i.chkBLE_ATTRIBUTE_PERMISSION_Read  Rafael_BLE_MM32F032xx_s.lib(rffunction.o)
    0x00008b24   0x00008b24   0x0000005c   Code   RO         4138    i.chkBLE_ATTRIBUTE_PERMISSION_Write  Rafael_BLE_MM32F032xx_s.lib(rffunction.o)
    0x00008b80   0x00008b80   0x00000004   Code   RO         4139    i.chkBLE_ATT_Chr_AcssRd_ByUser  Rafael_BLE_MM32F032xx_s.lib(rffunction.o)
    0x00008b84   0x00008b84   0x00000004   Code   RO         4140    i.chkBLE_ATT_Chr_AcssWr_ByUser  Rafael_BLE_MM32F032xx_s.lib(rffunction.o)
    0x00008b88   0x00008b88   0x00000014   Code   RO         2289    i.chkBLE_LL_State_Adv  Rafael_BLE_MM32F032xx_s.lib(ll.o)
    0x00008b9c   0x00008b9c   0x00000014   Code   RO         2290    i.chkBLE_LL_State_Init  Rafael_BLE_MM32F032xx_s.lib(ll.o)
    0x00008bb0   0x00008bb0   0x00000014   Code   RO         2291    i.chkBLE_LL_State_Scan  Rafael_BLE_MM32F032xx_s.lib(ll.o)
    0x00008bc4   0x00008bc4   0x00000018   Code   RO         4141    i.chkIfBLE_ATT_Chr_Acss_ByUser  Rafael_BLE_MM32F032xx_s.lib(rffunction.o)
    0x00008bdc   0x00008bdc   0x00000030   Code   RO         4142    i.clearBLE_CmdTimer  Rafael_BLE_MM32F032xx_s.lib(rffunction.o)
    0x00008c0c   0x00008c0c   0x00000024   Code   RO         1704    i.delay_us          porting_lltimer.o
    0x00008c30   0x00008c30   0x00000030   Code   RO         1323    i.dongleMessgae_Handler  ft_func.o
    0x00008c60   0x00008c60   0x0000000c   Code   RO          508    i.fputc             retarget.o
    0x00008c6c   0x00008c6c   0x0000001c   Code   RO         4143    i.getBLE_ATTRIBUTE_TYPE_Size  Rafael_BLE_MM32F032xx_s.lib(rffunction.o)
    0x00008c88   0x00008c88   0x00000020   Code   RO         4144    i.getBLE_ATTRIBUTE_Value_DynmcLngth  Rafael_BLE_MM32F032xx_s.lib(rffunction.o)
    0x00008ca8   0x00008ca8   0x00000080   Code   RO         4146    i.initBLE_AttServParamter  Rafael_BLE_MM32F032xx_s.lib(rffunction.o)
    0x00008d28   0x00008d28   0x00000040   Code   RO         3826    i.initBLEsmp        Rafael_BLE_MM32F032xx_s.lib(mmi.o)
    0x00008d68   0x00008d68   0x00000038   Code   RO         3827    i.initBLEsmp_Re     Rafael_BLE_MM32F032xx_s.lib(mmi.o)
    0x00008da0   0x00008da0   0x00000014   Code   RO         3828    i.initBLEsw         Rafael_BLE_MM32F032xx_s.lib(mmi.o)
    0x00008db4   0x00008db4   0x00000014   Code   RO         3644    i.initBleDeviceParam  Rafael_BLE_MM32F032xx_s.lib(host.o)
    0x00008dc8   0x00008dc8   0x00000034   Code   RO         3414    i.initHCI           Rafael_BLE_MM32F032xx_s.lib(hci.o)
    0x00008dfc   0x00008dfc   0x00000018   Code   RO         3017    i.initInt           Rafael_BLE_MM32F032xx_s.lib(rf_phy.o)
    0x00008e14   0x00008e14   0x0000000c   Code   RO         3727    i.initL2CAP         Rafael_BLE_MM32F032xx_s.lib(l2cap.o)
    0x00008e20   0x00008e20   0x00000134   Code   RO         2292    i.initLL            Rafael_BLE_MM32F032xx_s.lib(ll.o)
    0x00008f54   0x00008f54   0x00000018   Code   RO         4147    i.init_q_att_HDL_PreWr  Rafael_BLE_MM32F032xx_s.lib(rffunction.o)
    0x00008f6c   0x00008f6c   0x00000098   Code   RO         1141    i.main              main.o
    0x00009004   0x00009004   0x00000064   Code   RO         3018    i.rafael_pll_bank_get  Rafael_BLE_MM32F032xx_s.lib(rf_phy.o)
    0x00009068   0x00009068   0x00000130   Code   RO         3019    i.rafael_pll_calibration  Rafael_BLE_MM32F032xx_s.lib(rf_phy.o)
    0x00009198   0x00009198   0x00000028   Code   RO         3020    i.rafael_reset_phy_fsm  Rafael_BLE_MM32F032xx_s.lib(rf_phy.o)
    0x000091c0   0x000091c0   0x00000024   Code   RO         3021    i.rafael_reset_phy_fsm_Isr  Rafael_BLE_MM32F032xx_s.lib(rf_phy.o)
    0x000091e4   0x000091e4   0x0000006c   Code   RO         4324    i.setBLE_BleDeviceAddr  Rafael_BLE_MM32F032xx_s.lib(ble_cmd.o)
    0x00009250   0x00009250   0x0000000e   Code   RO         4149    i.setBLE_ConnTxData  Rafael_BLE_MM32F032xx_s.lib(rffunction.o)
    0x0000925e   0x0000925e   0x00000030   Code   RO         4150    i.setBLE_ConnTxData_ATT_ERROR_RESPONSE  Rafael_BLE_MM32F032xx_s.lib(rffunction.o)
    0x0000928e   0x0000928e   0x0000003e   Code   RO         4151    i.setBLE_ConnTxData_SMP  Rafael_BLE_MM32F032xx_s.lib(rffunction.o)
    0x000092cc   0x000092cc   0x0000003e   Code   RO         4152    i.setBLE_ConnTxData_SMP_Isr  Rafael_BLE_MM32F032xx_s.lib(rffunction.o)
    0x0000930a   0x0000930a   0x00000002   PAD
    0x0000930c   0x0000930c   0x00000020   Code   RO         3022    i.setChannel_BLE    Rafael_BLE_MM32F032xx_s.lib(rf_phy.o)
    0x0000932c   0x0000932c   0x00000060   Code   RO         3025    i.setRF_EnterDeepSleep  Rafael_BLE_MM32F032xx_s.lib(rf_phy.o)
    0x0000938c   0x0000938c   0x0000000c   Code   RO         3027    i.smpAES_En         Rafael_BLE_MM32F032xx_s.lib(rf_phy.o)
    0x00009398   0x00009398   0x00000048   Code   RO         3028    i.smpAES_inInv      Rafael_BLE_MM32F032xx_s.lib(rf_phy.o)
    0x000093e0   0x000093e0   0x00000018   Code   RO         3029    i.smpAES_in_PlainText  Rafael_BLE_MM32F032xx_s.lib(rf_phy.o)
    0x000093f8   0x000093f8   0x0000000e   Code   RO         3030    i.smpAES_in_key     Rafael_BLE_MM32F032xx_s.lib(rf_phy.o)
    0x00009406   0x00009406   0x00000022   Code   RO         3031    i.smpAES_out        Rafael_BLE_MM32F032xx_s.lib(rf_phy.o)
    0x00009428   0x00009428   0x00000030   Code   RO         3032    i.smpAES_outInv     Rafael_BLE_MM32F032xx_s.lib(rf_phy.o)
    0x00009458   0x00009458   0x000000c4   Code   RO         4153    i.smpC1             Rafael_BLE_MM32F032xx_s.lib(rffunction.o)
    0x0000951c   0x0000951c   0x00000018   Code   RO         4154    i.smpPasskey_init   Rafael_BLE_MM32F032xx_s.lib(rffunction.o)
    0x00009534   0x00009534   0x0000002c   Code   RO         4155    i.smpPasskey_set    Rafael_BLE_MM32F032xx_s.lib(rffunction.o)
    0x00009560   0x00009560   0x0000002c   Code   RO         4156    i.smpS1             Rafael_BLE_MM32F032xx_s.lib(rffunction.o)
    0x0000958c   0x0000958c   0x000000b8   Code   RO         1544    i.spiGpioWriteReg   porting_misc.o
    0x00009644   0x00009644   0x000000a8   Code   RO          510    i.stackDump         retarget.o
    0x000096ec   0x000096ec   0x00000020   Data   RO            5    .constdata          system_m031series.o
    0x0000970c   0x0000970c   0x00000038   Data   RO          239    .constdata          clk.o
    0x00009744   0x00009744   0x00000048   Data   RO          908    .constdata          uart.o
    0x0000978c   0x0000978c   0x00000500   Data   RO         1324    .constdata          ft_func.o
    0x00009c8c   0x00009c8c   0x00000007   Data   RO         1406    .constdata          profile_tab.o
    0x00009c93   0x00009c93   0x00000007   Data   RO         1407    .constdata          profile_tab.o
    0x00009c9a   0x00009c9a   0x0000000a   Data   RO         1408    .constdata          profile_tab.o
    0x00009ca4   0x00009ca4   0x0000000d   Data   RO         1409    .constdata          profile_tab.o
    0x00009cb1   0x00009cb1   0x0000000a   Data   RO         1410    .constdata          profile_tab.o
    0x00009cbb   0x00009cbb   0x00000007   Data   RO         1411    .constdata          profile_tab.o
    0x00009cc2   0x00009cc2   0x0000000a   Data   RO         1412    .constdata          profile_tab.o
    0x00009ccc   0x00009ccc   0x0000000b   Data   RO         1413    .constdata          profile_tab.o
    0x00009cd7   0x00009cd7   0x0000000a   Data   RO         1414    .constdata          profile_tab.o
    0x00009ce1   0x00009ce1   0x00000006   Data   RO         1415    .constdata          profile_tab.o
    0x00009ce7   0x00009ce7   0x0000000a   Data   RO         1416    .constdata          profile_tab.o
    0x00009cf1   0x00009cf1   0x0000000d   Data   RO         1417    .constdata          profile_tab.o
    0x00009cfe   0x00009cfe   0x00000007   Data   RO         1418    .constdata          profile_tab.o
    0x00009d05   0x00009d05   0x0000000a   Data   RO         1419    .constdata          profile_tab.o
    0x00009d0f   0x00009d0f   0x00000009   Data   RO         1420    .constdata          profile_tab.o
    0x00009d18   0x00009d18   0x00000007   Data   RO         1421    .constdata          profile_tab.o
    0x00009d1f   0x00009d1f   0x00000007   Data   RO         1422    .constdata          profile_tab.o
    0x00009d26   0x00009d26   0x0000000a   Data   RO         1423    .constdata          profile_tab.o
    0x00009d30   0x00009d30   0x00000009   Data   RO         1424    .constdata          profile_tab.o
    0x00009d39   0x00009d39   0x0000000c   Data   RO         1425    .constdata          profile_tab.o
    0x00009d45   0x00009d45   0x0000000a   Data   RO         1426    .constdata          profile_tab.o
    0x00009d4f   0x00009d4f   0x0000000b   Data   RO         1427    .constdata          profile_tab.o
    0x00009d5a   0x00009d5a   0x0000000c   Data   RO         1428    .constdata          profile_tab.o
    0x00009d66   0x00009d66   0x0000000a   Data   RO         1429    .constdata          profile_tab.o
    0x00009d70   0x00009d70   0x0000000d   Data   RO         1430    .constdata          profile_tab.o
    0x00009d7d   0x00009d7d   0x0000000a   Data   RO         1431    .constdata          profile_tab.o
    0x00009d87   0x00009d87   0x00000009   Data   RO         1432    .constdata          profile_tab.o
    0x00009d90   0x00009d90   0x0000000c   Data   RO         1433    .constdata          profile_tab.o
    0x00009d9c   0x00009d9c   0x0000000a   Data   RO         1434    .constdata          profile_tab.o
    0x00009da6   0x00009da6   0x0000000b   Data   RO         1435    .constdata          profile_tab.o
    0x00009db1   0x00009db1   0x0000000c   Data   RO         1436    .constdata          profile_tab.o
    0x00009dbd   0x00009dbd   0x0000000a   Data   RO         1437    .constdata          profile_tab.o
    0x00009dc7   0x00009dc7   0x00000008   Data   RO         1438    .constdata          profile_tab.o
    0x00009dcf   0x00009dcf   0x0000000c   Data   RO         1439    .constdata          profile_tab.o
    0x00009ddb   0x00009ddb   0x0000000a   Data   RO         1440    .constdata          profile_tab.o
    0x00009de5   0x00009de5   0x00000009   Data   RO         1441    .constdata          profile_tab.o
    0x00009dee   0x00009dee   0x0000000c   Data   RO         1442    .constdata          profile_tab.o
    0x00009dfa   0x00009dfa   0x0000000a   Data   RO         1443    .constdata          profile_tab.o
    0x00009e04   0x00009e04   0x0000000c   Data   RO         1444    .constdata          profile_tab.o
    0x00009e10   0x00009e10   0x00000002   Data   RO         1445    .constdata          profile_tab.o
    0x00009e12   0x00009e12   0x00000002   Data   RO         1446    .constdata          profile_tab.o
    0x00009e14   0x00009e14   0x00000002   Data   RO         1449    .constdata          profile_tab.o
    0x00009e16   0x00009e16   0x00000002   Data   RO         1452    .constdata          profile_tab.o
    0x00009e18   0x00009e18   0x00000002   Data   RO         1453    .constdata          profile_tab.o
    0x00009e1a   0x00009e1a   0x00000002   Data   RO         1454    .constdata          profile_tab.o
    0x00009e1c   0x00009e1c   0x00000002   Data   RO         1455    .constdata          profile_tab.o
    0x00009e1e   0x00009e1e   0x00000002   Data   RO         1456    .constdata          profile_tab.o
    0x00009e20   0x00009e20   0x00000002   Data   RO         1457    .constdata          profile_tab.o
    0x00009e22   0x00009e22   0x00000002   Data   RO         1458    .constdata          profile_tab.o
    0x00009e24   0x00009e24   0x00000002   Data   RO         1459    .constdata          profile_tab.o
    0x00009e26   0x00009e26   0x00000002   Data   RO         1460    .constdata          profile_tab.o
    0x00009e28   0x00009e28   0x00000002   Data   RO         1461    .constdata          profile_tab.o
    0x00009e2a   0x00009e2a   0x00000002   Data   RO         1462    .constdata          profile_tab.o
    0x00009e2c   0x00009e2c   0x00000002   Data   RO         1463    .constdata          profile_tab.o
    0x00009e2e   0x00009e2e   0x00000002   Data   RO         1464    .constdata          profile_tab.o
    0x00009e30   0x00009e30   0x00000002   Data   RO         1465    .constdata          profile_tab.o
    0x00009e32   0x00009e32   0x00000002   Data   RO         1466    .constdata          profile_tab.o
    0x00009e34   0x00009e34   0x00000002   Data   RO         1467    .constdata          profile_tab.o
    0x00009e36   0x00009e36   0x00000002   PAD
    0x00009e38   0x00009e38   0x0000009c   Data   RO         1468    .constdata          profile_tab.o
    0x00009ed4   0x00009ed4   0x0000009c   Data   RO         1469    .constdata          profile_tab.o
    0x00009f70   0x00009f70   0x00000354   Data   RO         2298    .constdata          Rafael_BLE_MM32F032xx_s.lib(ll.o)
    0x0000a2c4   0x0000a2c4   0x0000011a   Data   RO         3035    .constdata          Rafael_BLE_MM32F032xx_s.lib(rf_phy.o)
    0x0000a3de   0x0000a3de   0x00000002   PAD
    0x0000a3e0   0x0000a3e0   0x0000006c   Data   RO         3417    .constdata          Rafael_BLE_MM32F032xx_s.lib(hci.o)
    0x0000a44c   0x0000a44c   0x00000040   Data   RO         3418    .constdata          Rafael_BLE_MM32F032xx_s.lib(hci.o)
    0x0000a48c   0x0000a48c   0x00000008   Data   RO         3419    .constdata          Rafael_BLE_MM32F032xx_s.lib(hci.o)
    0x0000a494   0x0000a494   0x0000000c   Data   RO         3646    .constdata          Rafael_BLE_MM32F032xx_s.lib(host.o)
    0x0000a4a0   0x0000a4a0   0x00000004   Data   RO         3729    .constdata          Rafael_BLE_MM32F032xx_s.lib(l2cap.o)
    0x0000a4a4   0x0000a4a4   0x000000ac   Data   RO         3829    .constdata          Rafael_BLE_MM32F032xx_s.lib(mmi.o)
    0x0000a550   0x0000a550   0x0000001c   Data   RO         3830    .constdata          Rafael_BLE_MM32F032xx_s.lib(mmi.o)
    0x0000a56c   0x0000a56c   0x00000010   Data   RO         4167    .constdata          Rafael_BLE_MM32F032xx_s.lib(rffunction.o)
    0x0000a57c   0x0000a57c   0x00000040   Data   RO         4832    .constdata          mc_p.l(ctype_c.o)
    0x0000a5bc   0x0000a5bc   0x00000048   Data   RO         1244    .conststring        user.o
    0x0000a604   0x0000a604   0x00000020   Data   RO         4834    Region$$Table       anon$$obj.o


    Execution Region ER_RW (Exec base: 0x20000000, Load base: 0x0000a624, Size: 0x000003a8, Max: 0xffffffff, ABSOLUTE)

    Exec Addr    Load Addr    Size         Type   Attr      Idx    E Section Name        Object

    0x20000000   0x0000a624   0x0000000c   Data   RW            6    .data               system_m031series.o
    0x2000000c   0x0000a630   0x00000004   Data   RW          511    .data               retarget.o
    0x20000010   0x0000a634   0x00000004   Data   RW         1245    .data               user.o
    0x20000014   0x0000a638   0x0000000c   Data   RW         1325    .data               ft_func.o
    0x20000020   0x0000a644   0x00000008   Data   RW         1470    .data               profile_tab.o
    0x20000028   0x0000a64c   0x00000006   Data   RW         1471    .data               profile_tab.o
    0x2000002e   0x0000a652   0x00000004   Data   RW         1472    .data               profile_tab.o
    0x20000032   0x0000a656   0x00000002   Data   RW         1473    .data               profile_tab.o
    0x20000034   0x0000a658   0x0000009c   Data   RW         1474    .data               profile_tab.o
    0x200000d0   0x0000a6f4   0x0000009c   Data   RW         1475    .data               profile_tab.o
    0x2000016c   0x0000a790   0x0000009c   Data   RW         1476    .data               profile_tab.o
    0x20000208   0x0000a82c   0x00000001   Data   RW         1477    .data               profile_tab.o
    0x20000209   0x0000a82d   0x00000003   PAD
    0x2000020c   0x0000a830   0x00000008   Data   RW         1773    .data               Rafael_BLE_MM32F032xx_s.lib(kernel.o)
    0x20000214   0x0000a838   0x00000004   PAD
    0x20000218   0x0000a83c   0x000000a8   Data   RW         2304    .data               Rafael_BLE_MM32F032xx_s.lib(ll.o)
    0x200002c0   0x0000a8e4   0x00000038   Data   RW         3040    .data               Rafael_BLE_MM32F032xx_s.lib(rf_phy.o)
    0x200002f8   0x0000a91c   0x0000000d   Data   RW         3420    .data               Rafael_BLE_MM32F032xx_s.lib(hci.o)
    0x20000305   0x0000a929   0x00000007   Data   RW         3647    .data               Rafael_BLE_MM32F032xx_s.lib(host.o)
    0x2000030c   0x0000a930   0x00000008   Data   RW         3648    .data               Rafael_BLE_MM32F032xx_s.lib(host.o)
    0x20000314   0x0000a938   0x00000002   Data   RW         3831    .data               Rafael_BLE_MM32F032xx_s.lib(mmi.o)
    0x20000316   0x0000a93a   0x00000010   Data   RW         4168    .data               Rafael_BLE_MM32F032xx_s.lib(rffunction.o)
    0x20000326   0x0000a94a   0x0000000b   Data   RW         4169    .data               Rafael_BLE_MM32F032xx_s.lib(rffunction.o)
    0x20000331   0x0000a955   0x00000010   Data   RW         4172    .data               Rafael_BLE_MM32F032xx_s.lib(rffunction.o)
    0x20000341   0x0000a965   0x00000002   Data   RW         4173    .data               Rafael_BLE_MM32F032xx_s.lib(rffunction.o)
    0x20000343   0x0000a967   0x00000008   Data   RW         4174    .data               Rafael_BLE_MM32F032xx_s.lib(rffunction.o)
    0x2000034b   0x0000a96f   0x00000010   Data   RW         4175    .data               Rafael_BLE_MM32F032xx_s.lib(rffunction.o)
    0x2000035b   0x0000a97f   0x00000010   Data   RW         4176    .data               Rafael_BLE_MM32F032xx_s.lib(rffunction.o)
    0x2000036b   0x0000a98f   0x00000019   Data   RW         4177    .data               Rafael_BLE_MM32F032xx_s.lib(rffunction.o)
    0x20000384   0x0000a9a8   0x00000001   Data   RW         4178    .data               Rafael_BLE_MM32F032xx_s.lib(rffunction.o)
    0x20000385   0x0000a9a9   0x0000000f   Data   RW         4180    .data               Rafael_BLE_MM32F032xx_s.lib(rffunction.o)
    0x20000394   0x0000a9b8   0x00000001   Data   RW         4181    .data               Rafael_BLE_MM32F032xx_s.lib(rffunction.o)
    0x20000395   0x0000a9b9   0x00000001   Data   RW         4182    .data               Rafael_BLE_MM32F032xx_s.lib(rffunction.o)
    0x20000396   0x0000a9ba   0x00000008   Data   RW         4183    .data               Rafael_BLE_MM32F032xx_s.lib(rffunction.o)
    0x2000039e   0x0000a9c2   0x00000002   Data   RW         4184    .data               Rafael_BLE_MM32F032xx_s.lib(rffunction.o)
    0x200003a0   0x0000a9c4   0x00000008   Data   RW         4187    .data               Rafael_BLE_MM32F032xx_s.lib(rffunction.o)


    Execution Region ER_ZI (Exec base: 0x200003a8, Load base: 0x0000a9cc, Size: 0x00001360, Max: 0xffffffff, ABSOLUTE)

    Exec Addr    Load Addr    Size         Type   Attr      Idx    E Section Name        Object

    0x200003a8        -       0x00000009   Zero   RW          423    .bss                pdma.o
    0x200003b1        -       0x000001b4   Zero   RW         1243    .bss                user.o
    0x20000565   0x0000a9cc   0x00000003   PAD
    0x20000568        -       0x0000094c   Zero   RW         1772    .bss                Rafael_BLE_MM32F032xx_s.lib(kernel.o)
    0x20000eb4        -       0x000002d8   Zero   RW         2296    .bss                Rafael_BLE_MM32F032xx_s.lib(ll.o)
    0x2000118c        -       0x00000030   Zero   RW         2297    .bss                Rafael_BLE_MM32F032xx_s.lib(ll.o)
    0x200011bc        -       0x00000035   Zero   RW         3034    .bss                Rafael_BLE_MM32F032xx_s.lib(rf_phy.o)
    0x200011f1        -       0x000000fd   Zero   RW         3728    .bss                Rafael_BLE_MM32F032xx_s.lib(l2cap.o)
    0x200012ee   0x0000a9cc   0x00000002   PAD
    0x200012f0        -       0x00000190   Zero   RW         4158    .bss                Rafael_BLE_MM32F032xx_s.lib(rffunction.o)
    0x20001480        -       0x00000010   Zero   RW         4159    .bss                Rafael_BLE_MM32F032xx_s.lib(rffunction.o)
    0x20001490        -       0x00000010   Zero   RW         4160    .bss                Rafael_BLE_MM32F032xx_s.lib(rffunction.o)
    0x200014a0        -       0x00000010   Zero   RW         4161    .bss                Rafael_BLE_MM32F032xx_s.lib(rffunction.o)
    0x200014b0        -       0x00000010   Zero   RW         4162    .bss                Rafael_BLE_MM32F032xx_s.lib(rffunction.o)
    0x200014c0        -       0x00000010   Zero   RW         4163    .bss                Rafael_BLE_MM32F032xx_s.lib(rffunction.o)
    0x200014d0        -       0x0000000a   Zero   RW         4164    .bss                Rafael_BLE_MM32F032xx_s.lib(rffunction.o)
    0x200014da        -       0x0000002a   Zero   RW         4166    .bss                Rafael_BLE_MM32F032xx_s.lib(rffunction.o)
    0x20001504   0x0000a9cc   0x00000004   PAD
    0x20001508        -       0x00000200   Zero   RW          207    STACK               startup_m031series.o


==============================================================================

Image component sizes


      Code (inc. data)   RO Data    RW Data    ZI Data      Debug   Object Name

       380         62         56          0          0       5199   clk.o
       770        112       1280         12          0      13192   ft_func.o
        94          6          0          0          0       2130   gpio.o
       552        126          0          0          0      11618   main.o
       312         20          0          0          9       3931   pdma.o
        36          8          0          0          0      21303   porting_lltimer.o
       640         82          0          0          0      12692   porting_misc.o
      1156        176          0          0          0       7286   porting_spi.o
         4          0        738        489          0       9283   profile_tab.o
       280        132          0          4          0       4631   retarget.o
       420         44          0          0          0       3442   spi.o
        92         42        192          0        512        716   startup_m031series.o
        26          0          0          0          0        506   sys.o
       204         38         32         12          0     129675   system_m031series.o
       324         48         72          0          0       2673   uart.o
      1120        594         72          4        436       6701   user.o

    ----------------------------------------------------------------------
      6416       1490       2476        524        960     234978   Object Totals
         0          0         32          0          0          0   (incl. Generated)
         6          0          2          3          3          0   (incl. Padding)

    ----------------------------------------------------------------------

      Code (inc. data)   RO Data    RW Data    ZI Data      Debug   Library Member Name

       108         10          0          0          0       9295   ble_cmd.o
      1390        292        180         13          0      71520   hci.o
       110         20         12         15          0      15626   host.o
      1190        106          0          8       2380      49189   kernel.o
        82         16          4          0        253       4126   l2cap.o
     17248       1216        852        168        776     132632   ll.o
      5172        550        200          2          0      39981   mmi.o
      2620        282        282         56         53      54798   rf_phy.o
      1102        110         16        146        532      26142   rffunction.o
        60         10          0          0          0         84   __0sscanf.o
        30          0          0          0          0         60   _chval.o
       824         12          0          0          0         84   _scanf.o
       330          0          0          0          0         84   _scanf_int.o
        68          0          0          0          0         76   _sgetc.o
        36          4         64          0          0         60   ctype_c.o
         0          0          0          0          0          0   entry.o
         0          0          0          0          0          0   entry10a.o
         0          0          0          0          0          0   entry11a.o
         8          4          0          0          0          0   entry2.o
         4          0          0          0          0          0   entry5.o
         0          0          0          0          0          0   entry7b.o
         0          0          0          0          0          0   entry8b.o
         8          4          0          0          0          0   entry9a.o
        30          0          0          0          0          0   handlers.o
        40          0          0          0          0         72   idiv.o
        36          8          0          0          0         68   init.o
        14          0          0          0          0         68   isspace_c.o
        32          0          0          0          0         68   llshl.o
        34          0          0          0          0         68   llushr.o
        36          0          0          0          0         60   memcpya.o
      1172         52          0          0          0        324   printf8.o
        44          8          0          0          0         84   scanf_char.o
        30          0          0          0          0         72   strncmp.o
        44          0          0          0          0         72   uidiv.o
        96          0          0          0          0         84   uldiv.o

    ----------------------------------------------------------------------
     32028       2704       1612        412       4000     404797   Library Totals
        30          0          2          4          6          0   (incl. Padding)

    ----------------------------------------------------------------------

      Code (inc. data)   RO Data    RW Data    ZI Data      Debug   Library Name

     29022       2602       1546        408       3994     403309   Rafael_BLE_MM32F032xx_s.lib
      2976        102         64          0          0       1488   mc_p.l

    ----------------------------------------------------------------------
     32028       2704       1612        412       4000     404797   Library Totals

    ----------------------------------------------------------------------

==============================================================================


      Code (inc. data)   RO Data    RW Data    ZI Data      Debug   

     38444       4194       4088        936       4960     622319   Grand Totals
     38444       4194       4088        936       4960     622319   ELF Image Totals
     38444       4194       4088        936          0          0   ROM Totals

==============================================================================

    Total RO  Size (Code + RO Data)                42532 (  41.54kB)
    Total RW  Size (RW Data + ZI Data)              5896 (   5.76kB)
    Total ROM Size (Code + RO Data + RW Data)      43468 (  42.45kB)

==============================================================================

