<html>
<body>
<pre>
<h1>µVision Build Log</h1>
<h2>Tool Versions:</h2>
IDE-Version: ¦ÌVision V5.31.0.0
Copyright (C) 2020 ARM Ltd and ARM Germany GmbH. All rights reserved.
License Information: CP CP, CP, LIC=LJWQD-8FB75-HR3XN-Y6X1N-BKKDN-G5BAZ
 
Tool Versions:
Toolchain:       MDK-ARM Professional  Version: 5.31.0.0
Toolchain Path:  C:\Keil_v5\ARM\ARMCC\Bin
C Compiler:      Armcc.exe V5.06 update 6 (build 750)
Assembler:       Armasm.exe V5.06 update 6 (build 750)
Linker/Locator:  ArmLink.exe V5.06 update 6 (build 750)
Library Manager: ArmAr.exe V5.06 update 6 (build 750)
Hex Converter:   FromElf.exe V5.06 update 6 (build 750)
CPU DLL:         SARMCM3.DLL V5.31.0.0
Dialog DLL:      DARMCM1.DLL V1.19.3.0
Target DLL:      Nu_Link.dll V3.02
Dialog DLL:      TARMCM1.DLL V1.14.2.0
 
<h2>Project:</h2>
C:\Users\24716\Desktop\BLE_RT568_M031_FT_SLT_DEMO\BLE_RT568_Main_Trunk_1021_Rev326_FT_DEMO\demo\FT_Demo\KEIL\Rafael_BLE_M0.uvproj
Project File Date:  10/28/2020

<h2>Output:</h2>
*** Using Compiler 'V5.06 update 6 (build 750)', folder: 'C:\Keil_v5\ARM\ARMCC\Bin'
Rebuild target 'Rafael_BLE_M0'
assembling startup_M031Series.s...
creating preprocessor file for system_M031Series.c...
creating preprocessor file for clk.c...
creating preprocessor file for gpio.c...
creating preprocessor file for pdma.c...
creating preprocessor file for retarget.c...
creating preprocessor file for spi.c...
creating preprocessor file for sys.c...
creating preprocessor file for timer.c...
creating preprocessor file for uart.c...
compiling gpio.c...
compiling system_M031Series.c...
compiling retarget.c...
compiling pdma.c...
compiling clk.c...
creating preprocessor file for wdt.c...
compiling sys.c...
compiling timer.c...
creating preprocessor file for fmc.c...
compiling spi.c...
creating preprocessor file for main.c...
creating preprocessor file for user.c...
creating preprocessor file for ft_func.c...
compiling wdt.c...
compiling uart.c...
creating preprocessor file for profile_tab.c...
creating preprocessor file for bonding_storage.c...
compiling fmc.c...
creating preprocessor file for porting_misc.c...
compiling main.c...
creating preprocessor file for porting_spi.c...
creating preprocessor file for porting_flash.c...
compiling user.c...
compiling profile_tab.c...
creating preprocessor file for porting_LLtimer.c...
compiling ft_func.c...
compiling bonding_storage.c...
compiling porting_misc.c...
compiling porting_spi.c...
compiling porting_flash.c...
compiling porting_LLtimer.c...
linking...
Program Size: Code=45084 RO-data=6088 RW-data=776 ZI-data=6576  
FromELF: creating hex file...
After Build - User command #1: fromelf --bincombined ".\obj\Rafael_BLE_M0.axf" --output ".\obj\Rafael_BLE_M0.bin"
After Build - User command #2: fromelf --text -c ".\obj\Rafael_BLE_M0.axf" --output ".\obj\Rafael_BLE_M0.txt"
".\obj\Rafael_BLE_M0.axf" - 0 Error(s), 0 Warning(s).
Build Time Elapsed:  00:00:04
</pre>
</body>
</html>
