Component: ARM Compiler 5.06 update 6 (build 750) Tool: armlink [4d35ed]

==============================================================================

Small function inlining results

Inlined total of 0 calls.

==============================================================================

Section Cross References

    system_m031series.o(i.SystemCoreClockUpdate) refers to uidiv.o(.text) for __aeabi_uidivmod
    system_m031series.o(i.SystemCoreClockUpdate) refers to system_m031series.o(.data) for .data
    system_m031series.o(i.SystemCoreClockUpdate) refers to system_m031series.o(.constdata) for .constdata
    startup_m031series.o(RESET) refers to startup_m031series.o(STACK) for __initial_sp
    startup_m031series.o(RESET) refers to startup_m031series.o(.text) for Reset_Handler
    startup_m031series.o(RESET) refers to retarget.o(.emb_text) for HardFault_Handler
    startup_m031series.o(RESET) refers to porting_misc.o(i.GPCDEF_IRQHandler) for GPCDEF_IRQHandler
    startup_m031series.o(RESET) refers to user.o(i.UART02_IRQHandler) for UART02_IRQHandler
    startup_m031series.o(.text) refers to system_m031series.o(i.SystemInit) for SystemInit
    startup_m031series.o(.text) refers to entry.o(.ARM.Collect$$$$00000000) for __main
    clk.o(i.CLK_DisableModuleClock) refers to clk.o(.constdata) for .constdata
    clk.o(i.CLK_DisablePLL) refers to clk.o(i.CLK_WaitClockReady) for CLK_WaitClockReady
    clk.o(i.CLK_EnableModuleClock) refers to clk.o(.constdata) for .constdata
    clk.o(i.CLK_EnablePLL) refers to clk.o(i.CLK_DisablePLL) for CLK_DisablePLL
    clk.o(i.CLK_EnablePLL) refers to clk.o(i.CLK_WaitClockReady) for CLK_WaitClockReady
    clk.o(i.CLK_EnablePLL) refers to uidiv.o(.text) for __aeabi_uidivmod
    clk.o(i.CLK_GetCPUFreq) refers to system_m031series.o(i.SystemCoreClockUpdate) for SystemCoreClockUpdate
    clk.o(i.CLK_GetCPUFreq) refers to system_m031series.o(.data) for SystemCoreClock
    clk.o(i.CLK_GetHCLKFreq) refers to system_m031series.o(i.SystemCoreClockUpdate) for SystemCoreClockUpdate
    clk.o(i.CLK_GetHCLKFreq) refers to system_m031series.o(.data) for SystemCoreClock
    clk.o(i.CLK_GetPCLK0Freq) refers to system_m031series.o(i.SystemCoreClockUpdate) for SystemCoreClockUpdate
    clk.o(i.CLK_GetPCLK0Freq) refers to system_m031series.o(.data) for SystemCoreClock
    clk.o(i.CLK_GetPCLK1Freq) refers to system_m031series.o(i.SystemCoreClockUpdate) for SystemCoreClockUpdate
    clk.o(i.CLK_GetPCLK1Freq) refers to system_m031series.o(.data) for SystemCoreClock
    clk.o(i.CLK_SetCoreClock) refers to clk.o(i.CLK_WaitClockReady) for CLK_WaitClockReady
    clk.o(i.CLK_SetCoreClock) refers to clk.o(i.CLK_EnablePLL) for CLK_EnablePLL
    clk.o(i.CLK_SetCoreClock) refers to clk.o(i.CLK_SetHCLK) for CLK_SetHCLK
    clk.o(i.CLK_SetHCLK) refers to clk.o(i.CLK_WaitClockReady) for CLK_WaitClockReady
    clk.o(i.CLK_SetHCLK) refers to system_m031series.o(i.SystemCoreClockUpdate) for SystemCoreClockUpdate
    clk.o(i.CLK_SetModuleClock) refers to clk.o(.constdata) for .constdata
    pdma.o(i.PDMA_Open) refers to pdma.o(.bss) for .bss
    pdma.o(i.PDMA_SetTransferMode) refers to kernel.o(i.__ARM_common_switch8) for __ARM_common_switch8
    pdma.o(i.PDMA_SetTransferMode) refers to pdma.o(.bss) for .bss
    pdma.o(i.PDMA_Trigger) refers to pdma.o(.bss) for .bss
    retarget.o(.emb_text) refers to retarget.o(i.Hard_Fault_Handler) for Hard_Fault_Handler
    retarget.o(i.Hard_Fault_Handler) refers to printf8.o(i.__0printf$8) for __2printf
    retarget.o(i.Hard_Fault_Handler) refers to retarget.o(i.stackDump) for stackDump
    retarget.o(i._ttywrch) refers to retarget.o(i.SendChar) for SendChar
    retarget.o(i.fputc) refers to retarget.o(i.SendChar) for SendChar
    retarget.o(i.stackDump) refers to printf8.o(i.__0printf$8) for __2printf
    spi.o(i.CLK_GetPLLClockFreq) refers to uidiv.o(.text) for __aeabi_uidivmod
    spi.o(i.SPII2S_EnableMCLK) refers to spi.o(i.SPII2S_GetSourceClockFreq) for SPII2S_GetSourceClockFreq
    spi.o(i.SPII2S_EnableMCLK) refers to uidiv.o(.text) for __aeabi_uidivmod
    spi.o(i.SPII2S_GetSourceClockFreq) refers to spi.o(i.CLK_GetPLLClockFreq) for CLK_GetPLLClockFreq
    spi.o(i.SPII2S_GetSourceClockFreq) refers to clk.o(i.CLK_GetHCLKFreq) for CLK_GetHCLKFreq
    spi.o(i.SPII2S_GetSourceClockFreq) refers to uidiv.o(.text) for __aeabi_uidivmod
    spi.o(i.SPII2S_Open) refers to clk.o(i.CLK_GetHCLKFreq) for CLK_GetHCLKFreq
    spi.o(i.SPII2S_Open) refers to uidiv.o(.text) for __aeabi_uidivmod
    spi.o(i.SPII2S_Open) refers to spi.o(i.SPII2S_GetSourceClockFreq) for SPII2S_GetSourceClockFreq
    spi.o(i.SPI_GetBusClock) refers to clk.o(i.CLK_GetHCLKFreq) for CLK_GetHCLKFreq
    spi.o(i.SPI_GetBusClock) refers to uidiv.o(.text) for __aeabi_uidivmod
    spi.o(i.SPI_GetBusClock) refers to spi.o(i.CLK_GetPLLClockFreq) for CLK_GetPLLClockFreq
    spi.o(i.SPI_Open) refers to clk.o(i.CLK_GetHCLKFreq) for CLK_GetHCLKFreq
[...]
    ATT_HDL_DIS_SOFTWARE_REVISION_STRING_PRESENTATION_FORMAT 0x0000b6de   Data          12  profile_tab.o(.constdata)
    ATT_HDL_DIS_CHARACTERISTIC_PNP_ID        0x0000b6ea   Data          10  profile_tab.o(.constdata)
    ATT_HDL_DIS_PNP_ID                       0x0000b6f4   Data          12  profile_tab.o(.constdata)
    ATT_PERMISSION_NULL                      0x0000b700   Data           2  profile_tab.o(.constdata)
    ATT_PERMISSION_PRIMARY_SERVICE           0x0000b702   Data           2  profile_tab.o(.constdata)
    ATT_PERMISSION_CHARACTERISTIC            0x0000b704   Data           2  profile_tab.o(.constdata)
    ATT_PERMISSION_CHARACTERISTIC_PRESENTATION_FORMAT 0x0000b706   Data           2  profile_tab.o(.constdata)
    ATT_PERMISSION_HDL_GAP_DEVICE_NAME_INIT  0x0000b708   Data           2  profile_tab.o(.constdata)
    ATT_PERMISSION_HDL_GAP_APPEARANCE        0x0000b70a   Data           2  profile_tab.o(.constdata)
    ATT_PERMISSION_HDL_GAP_RECONNECTION_ADDRESS_INIT 0x0000b70c   Data           2  profile_tab.o(.constdata)
    ATT_PERMISSION_HDL_GAP_PERIPHERAL_PRIVACY_FLAG 0x0000b70e   Data           2  profile_tab.o(.constdata)
    ATT_PERMISSION_HDL_GAP_PERIPHERAL_PREFERRED_CONNECTION_PARAMETERS 0x0000b710   Data           2  profile_tab.o(.constdata)
    ATT_PERMISSION_HDL_GATT_SERVICE_CHANGED_INIT 0x0000b712   Data           2  profile_tab.o(.constdata)
    ATT_PERMISSION_HDL_GATT_CLIENT_CHARACTERISTIC_CONFIGURATION_INIT 0x0000b714   Data           2  profile_tab.o(.constdata)
    ATT_PERMISSION_HDL_DIS_SERIAL_NUMBER_STRING 0x0000b716   Data           2  profile_tab.o(.constdata)
    ATT_PERMISSION_HDL_DIS_MANUFACTURER_NAME_STRING 0x0000b718   Data           2  profile_tab.o(.constdata)
    ATT_PERMISSION_HDL_DIS_SYSTEM_ID         0x0000b71a   Data           2  profile_tab.o(.constdata)
    ATT_PERMISSION_HDL_DIS_FIRMWARE_REVISION_STRING 0x0000b71c   Data           2  profile_tab.o(.constdata)
    ATT_PERMISSION_HDL_DIS_MODEL_NUMBER_STRING 0x0000b71e   Data           2  profile_tab.o(.constdata)
    ATT_PERMISSION_HDL_DIS_HARDWARE_REVISION_STRING 0x0000b720   Data           2  profile_tab.o(.constdata)
    ATT_PERMISSION_HDL_DIS_SOFTWARE_REVISION_STRING 0x0000b722   Data           2  profile_tab.o(.constdata)
    ATT_PERMISSION_HDL_DIS_PNP_ID            0x0000b724   Data           2  profile_tab.o(.constdata)
    ATT_Write                                0x0000b728   Data         156  profile_tab.o(.constdata)
    ATT_Read                                 0x0000b7c4   Data         156  profile_tab.o(.constdata)
    LL_DEFAULT_PHY                           0x0000b860   Data           4  ll.o(.constdata)
    CH_ADV_SEL_TABLE                         0x0000b864   Data           4  ll.o(.constdata)
    LL_ACK_FLOW_RE_TO                        0x0000b868   Data           4  ll.o(.constdata)
    LL_CHMAP_DEFAUT                          0x0000b86c   Data           5  ll.o(.constdata)
    LL_VERSION                               0x0000b871   Data           5  ll.o(.constdata)
    TABLE_CONV_ADV_TYPE_HCI_LL               0x0000b876   Data           5  ll.o(.constdata)
    LL_DUR_RSV                               0x0000b87b   Data           7  ll.o(.constdata)
    LE_LOCAL_VER_INFO                        0x0000b882   Data           8  ll.o(.constdata)
    LL_FEATURE                               0x0000b88a   Data           8  ll.o(.constdata)
    LL_LENGTH_DEFAULT                        0x0000b892   Data           8  ll.o(.constdata)
    PRIME_NUM                                0x0000b89a   Data           8  ll.o(.constdata)
    LL_REF_ACS_ADDR                          0x0000b8a4   Data          16  ll.o(.constdata)
    LL_REF_CRC_INI                           0x0000b8b4   Data          12  ll.o(.constdata)
    LL_RF_PARA_TX_WIN_SIZE_MAP               0x0000b8c0   Data          14  ll.o(.constdata)
    LL_RF_PARA_WIN_WIDTH_CNVT                0x0000b8d0   Data          32  ll.o(.constdata)
    LL_RF_DATA_CH                            0x0000b8f0   Data          74  ll.o(.constdata)
    CH_ADV_CH_HOP_BY_MAP_TABLE               0x0000b93a   Data          32  ll.o(.constdata)
    RAND_INI32                               0x0000b95a   Data          32  ll.o(.constdata)
    LL_ACK_FLOW                              0x0000b97a   Data          16  ll.o(.constdata)
    LL_PR_CONN_ID_PAIR                       0x0000b98a   Data          26  ll.o(.constdata)
    LL_RX_CONN_ID_INIT                       0x0000b9a4   Data          26  ll.o(.constdata)
    LL_TX_CONN_ID_INIT                       0x0000b9be   Data          26  ll.o(.constdata)
    LL_RX_CONN_ID_MASTER_SIDE_ONLY           0x0000b9d8   Data          26  ll.o(.constdata)
    LL_RX_CONN_ID_SLAVE_SIDE_ONLY            0x0000b9f2   Data          26  ll.o(.constdata)
    LL_RX_CONN_ID_OP_LENGTH                  0x0000ba0c   Data          26  ll.o(.constdata)
    TAB_ZERO_128                             0x0000ba26   Data         136  ll.o(.constdata)
    LL_LEN_OFFSET_1M                         0x0000baae   Data          17  ll.o(.constdata)
    LL_LEN_OFFSET_2M                         0x0000babf   Data           9  ll.o(.constdata)
    LL_fsm                                   0x0000bac8   Data         260  ll.o(.constdata)
    EC_fsm                                   0x0000bbcc   Data          40  ll.o(.constdata)
    UUID_BLUETOOTH_BASE                      0x0000bbf4   Data          16  rffunction.o(.constdata)
    r_AES_INI                                0x0000bc04   Data          16  rffunction.o(.constdata)
    RSP_PAIRING_REQUEST                      0x0000bc14   Data          11  rffunction.o(.constdata)
    LTK_FIXED                                0x0000bc1f   Data          16  rffunction.o(.constdata)
    EDIV_FIXED                               0x0000bc2f   Data           2  rffunction.o(.constdata)
    RAND_FIXED                               0x0000bc31   Data           8  rffunction.o(.constdata)
    IRK_FIXED                                0x0000bc39   Data          16  rffunction.o(.constdata)
    CSRK_FIXED                               0x0000bc49   Data          16  rffunction.o(.constdata)
    SEL_STK_GEN_MTHD                         0x0000bc59   Data          25  rffunction.o(.constdata)
    txpower_0dbm_reg                         0x0000bc72   Data           4  rf_phy.o(.constdata)
    txpower_4dbm_reg                         0x0000bc76   Data           4  rf_phy.o(.constdata)
    txpower_8dbm_reg                         0x0000bc7a   Data           4  rf_phy.o(.constdata)
    txpower_10dbm_reg                        0x0000bc7e   Data           4  rf_phy.o(.constdata)
    Phy_pll_bank_freqIdx                     0x0000bc82   Data           5  rf_phy.o(.constdata)
    RFIP_init_reg                            0x0000bc87   Data         128  rf_phy.o(.constdata)
    RFIP_REG_IDX                             0x0000bd07   Data          13  rf_phy.o(.constdata)
    CH_SEL_TABLE_INV                         0x0000bd14   Data          40  rf_phy.o(.constdata)
    R568_lna_agc                             0x0000bd3c   Data          32  rf_phy.o(.constdata)
    R568_tia_agc                             0x0000bd5c   Data          32  rf_phy.o(.constdata)
    R568_vga_agc                             0x0000bd7c   Data          32  rf_phy.o(.constdata)
    TIMELINE24_3750US_IDX                    0x0000bd9c   Data          17  rf_phy.o(.constdata)
    LE_EVENT_MASK_INI                        0x0000bdb0   Data           3  hci.o(.constdata)
    EVENT_MASK_INI                           0x0000bdb3   Data           5  hci.o(.constdata)
    HCI_fsm                                  0x0000bdb8   Data         100  hci.o(.constdata)
    TAB_SUPPORTED_COMMANDS_MASK              0x0000be1c   Data          64  hci.o(.constdata)
    TAB_LMP_FEATURES_MASK                    0x0000be5c   Data           8  hci.o(.constdata)
    HS_fsm                                   0x0000be64   Data          12  host.o(.constdata)
    L2CAP_fsm                                0x0000be70   Data           4  l2cap.o(.constdata)
    Prcss_BLE_CODE_SMP                       0x0000be74   Data          48  mmi.o(.constdata)
    Prcss_BLE_OPCODE_ATT                     0x0000bea4   Data         124  mmi.o(.constdata)
    Prcss_L2CAP_CID                          0x0000bf20   Data          28  mmi.o(.constdata)
    __ctype_categories                       0x0000bf3c   Data          64  ctype_c.o(.constdata)
    Region$$Table$$Base                      0x0000bfc4   Number         0  anon$$obj.o(Region$$Table)
    Region$$Table$$Limit                     0x0000bfe4   Number         0  anon$$obj.o(Region$$Table)
    INFO_FLASHBOND                           0x0000f800   Data        1024  porting_flash.o(.ARM.__AT_0x0000F800)
    DATA_FLASHBOND                           0x0000fc00   Data        1024  porting_flash.o(.ARM.__AT_0x0000FC00)
    SystemCoreClock                          0x20000000   Data           4  system_m031series.o(.data)
    CyclesPerUs                              0x20000004   Data           4  system_m031series.o(.data)
    PllClock                                 0x20000008   Data           4  system_m031series.o(.data)
    __stdout                                 0x2000000c   Data           4  retarget.o(.data)
    appSystemRequest                         0x20000010   Data           1  user.o(.data)
    bleFtTestCase                            0x20000012   Data           1  user.o(.data)
    att_HDL_GAP_DEVICE_NAME                  0x2000001c   Data           8  profile_tab.o(.data)
    att_HDL_GAP_RECONNECTION_ADDRESS         0x20000024   Data           6  profile_tab.o(.data)
    att_HDL_GATT_SERVICE_CHANGED             0x2000002a   Data           4  profile_tab.o(.data)
    att_HDL_GATT_CLIENT_CHARACTERISTIC_CONFIGURATION 0x2000002e   Data           2  profile_tab.o(.data)
    ATTRIBUTE_SERVER_PARAM                   0x20000030   Data         156  profile_tab.o(.data)
    ATTRIBUTE_SERVER                         0x200000cc   Data         156  profile_tab.o(.data)
    ATTRIBUTE_SERVER_PERMISSION              0x20000168   Data         156  profile_tab.o(.data)
    size_ATTRIBUTE_SERVER                    0x20000204   Data           1  profile_tab.o(.data)
    ATTRIBUTE_SERVER_BOND                    0x20000208   Data           4  profile_tab.o(.data)
    ATTRIBUTE_SERVER_BOND_PARAM              0x2000020c   Data           4  profile_tab.o(.data)
    size_ATTRIBUTE_SERVER_BOND               0x20000210   Data           1  profile_tab.o(.data)
    MBlk_depth_Remaining                     0x20000214   Data           1  kernel.o(.data)
    MBlk_depth_Rsv                           0x20000215   Data           1  kernel.o(.data)
    MBlk_Free                                0x20000218   Data           4  kernel.o(.data)
    RX_CRC_valid_flag                        0x20000220   Data           1  ll.o(.data)
    FT_WakeupFlag                            0x20000221   Data           1  ll.o(.data)
    LL_ConnDataTmpGate                       0x20000222   Data           1  ll.o(.data)
    LL_ConnID_Remaining                      0x20000223   Data           1  ll.o(.data)
    TBlk_Free_LL                             0x20000224   Data           1  ll.o(.data)
    TBlk_InUse_LL                            0x20000225   Data           1  ll.o(.data)
    LL_SMP_DataCh                            0x20000226   Data           1  ll.o(.data)
    status_LL_Tmr                            0x20000227   Data           1  ll.o(.data)
    anchor_LL_Tmr                            0x20000228   Data           1  ll.o(.data)
    LL_Msg_AdvScnConn                        0x20000229   Data           1  ll.o(.data)
    LL_Msg_AdvScnConnUpd                     0x2000022a   Data           1  ll.o(.data)
    LL_Msg_AdvScnConnUpdSts                  0x2000022b   Data           1  ll.o(.data)
    RF_Msg_RF0INT                            0x2000022c   Data           1  ll.o(.data)
    LL_DurRxPktAccu                          0x2000022e   Data           2  ll.o(.data)
    LL_Adv_Data_Buf                          0x20000230   Data           4  ll.o(.data)
    LL_Ref_Default_PHY                       0x20000234   Data           4  ll.o(.data)
    tblk_LL_pi                               0x20000238   Data           4  ll.o(.data)
    tblk_LL_pi2                              0x2000023c   Data           4  ll.o(.data)
    LL_conn_pi                               0x20000240   Data           4  ll.o(.data)
    LL_Slv_Win_Width                         0x20000244   Data           4  ll.o(.data)
    LL_Slv_Win_Width_Base                    0x20000248   Data           4  ll.o(.data)
    seedR16                                  0x2000024c   Data           4  ll.o(.data)
    LL_Ref_Acs_Addr_ADVSCN                   0x20000250   Data           4  ll.o(.data)
    LL_Ref_crc_ini_ADVSCN                    0x20000254   Data           4  ll.o(.data)
    Ch_ADV_Ch_Hop_Table                      0x20000258   Data           4  ll.o(.data)
    Ch_ADV_Ch_Hop_TableBuf                   0x2000025c   Data           4  ll.o(.data)
    LL_Ref_ChMap                             0x20000260   Data           5  ll.o(.data)
    BD_Rand_Addr                             0x20000265   Data           6  ll.o(.data)
    BD_Rand_AddrBuf                          0x2000026b   Data           6  ll.o(.data)
    LL_ConnDataInTmp                         0x20000274   Data           8  ll.o(.data)
    LL_ConnBuffPrcs                          0x2000027c   Data           8  ll.o(.data)
    LL_ConnBuffPrcsR                         0x20000284   Data           8  ll.o(.data)
    Tmr37                                    0x20000290   Data           8  ll.o(.data)
    MsgQueueEC                               0x20000298   Data           8  ll.o(.data)
    aTT_MTU                                  0x200002a0   Data           5  rffunction.o(.data)
    smp_Authorization                        0x200002a5   Data           1  rffunction.o(.data)
    smp_Encryption                           0x200002a6   Data           1  rffunction.o(.data)
    smp_Security_Mode                        0x200002a7   Data           1  rffunction.o(.data)
    smp_PReq_IO_Capab                        0x200002a8   Data           1  rffunction.o(.data)
    smp_PReq_OOB_data                        0x200002a9   Data           1  rffunction.o(.data)
    smp_PReq_Init_Key_Distr                  0x200002aa   Data           1  rffunction.o(.data)
    smp_PReq_Resp_Key_Distr                  0x200002ab   Data           1  rffunction.o(.data)
    smp_Phase                                0x200002ac   Data           1  rffunction.o(.data)
    smp_TempDef                              0x200002ad   Data           1  rffunction.o(.data)
    smp_Rand                                 0x200002ae   Data           8  rffunction.o(.data)
    smp_EDIV                                 0x200002b6   Data           2  rffunction.o(.data)
    smp_Local_Addr_advTemp                   0x200002b8   Data           8  rffunction.o(.data)
    RfVolt_new                               0x200002c0   Data           1  rf_phy.o(.data)
    Content_ioInt                            0x200002c1   Data           1  rf_phy.o(.data)
    Content_ioInt_exceptTmr                  0x200002c2   Data           1  rf_phy.o(.data)
    rssiOffsetValue                          0x200002c3   Data           1  rf_phy.o(.data)
    g16MHzClkOut                             0x200002c4   Data           1  rf_phy.o(.data)
    rf_initial_flag                          0x200002c5   Data           1  rf_phy.o(.data)
    gSleep                                   0x200002c6   Data           1  rf_phy.o(.data)
    LL_Tmr_Ticks_RSV_Wakeup                  0x200002c7   Data           1  rf_phy.o(.data)
    rssi_read_data                           0x200002c9   Data           3  rf_phy.o(.data)
    Timeline24                               0x200002cc   Data           4  rf_phy.o(.data)
    Tmr16Interval                            0x200002d0   Data           4  rf_phy.o(.data)
    addr_TxFIFO                              0x200002d4   Data           4  rf_phy.o(.data)
    Phy_pll_bank                             0x200002d8   Data           5  rf_phy.o(.data)
    Event_Mask2                              0x200002e8   Data           1  hci.o(.data)
    LE_Event_Mask                            0x200002e9   Data           3  hci.o(.data)
    mhcCallBack                              0x200002ec   Data           4  hci.o(.data)
    Event_Mask                               0x200002f0   Data           5  hci.o(.data)
    bleAddr_param                            0x200002f5   Data           7  host.o(.data)
    ble_device_param                         0x200002fc   Data           8  host.o(.data)
    ATT_INDICATION_Packet_Sent               0x20000304   Data           1  mmi.o(.data)
    ATT_WRITE_REQUEST_Packet_Sent            0x20000305   Data           1  mmi.o(.data)
    MsgBlk                                   0x200003ec   Data        3120  kernel.o(.bss)
    MsgQueue                                 0x2000101c   Data          40  kernel.o(.bss)
    LL_Adv_Para                              0x20001044   Data          92  ll.o(.bss)
    LL_Adv_Para_UpdBuf                       0x200010a0   Data          92  ll.o(.bss)
    LL_Scan_Para                             0x200010fc   Data          12  ll.o(.bss)
    LL_Scan_Para_UpdBuf                      0x20001108   Data          12  ll.o(.bss)
    LL_Conn_Para                             0x20001114   Data         680  ll.o(.bss)
    LL_ConnDataQ                             0x200013bc   Data          40  ll.o(.bss)
    LL_ConnCtrlQ                             0x200013e4   Data          40  ll.o(.bss)
    LL_ConnDataInQ                           0x2000140c   Data          40  ll.o(.bss)
    LL_ConnBuffPt                            0x20001434   Data          20  ll.o(.bss)
    LL_Init_Para                             0x20001448   Data          28  ll.o(.bss)
    LL_WhiteList_Para                        0x20001464   Data          28  ll.o(.bss)
    LL_Para_Interval                         0x20001480   Data          36  ll.o(.bss)
    LL_Para_IntervalR                        0x200014a4   Data         259  ll.o(.bss)
    TmrBlk_LL                                0x200015a8   Data          96  ll.o(.bss)
    mblk_LL_conn_Para                        0x20001608   Data          20  ll.o(.bss)
    LL_Length_Prefer                         0x2000161c   Data          40  ll.o(.bss)
    ram_Tab                                  0x20001644   Data          48  ll.o(.bss)
    SPIBuffer                                0x20001674   Data         251  rffunction.o(.bss)
    q_att_HDL_PreWr                          0x2000176f   Data          48  rffunction.o(.bss)
    CmdTimer                                 0x200017a0   Data         180  rffunction.o(.bss)
    k_AES_passkey                            0x20001854   Data          16  rffunction.o(.bss)
    smp_Para_Bond                            0x20001864   Data          37  rffunction.o(.bss)
    rsp_pairing_request_table                0x20001889   Data          11  rffunction.o(.bss)
    smp_Local_Addr                           0x20001894   Data          40  rffunction.o(.bss)
    smp_Temp16                               0x200018bc   Data          16  rffunction.o(.bss)
    smp_IRKm                                 0x200018cc   Data          16  rffunction.o(.bss)
    smp_CSRKm                                0x200018dc   Data          16  rffunction.o(.bss)
    r_AES                                    0x200018ec   Data          16  rffunction.o(.bss)
    LTK                                      0x200018fc   Data          16  rffunction.o(.bss)
    LTK_SEED                                 0x2000190c   Data          10  rffunction.o(.bss)
    smp_Para_Bond_tmp                        0x20001916   Data          70  rffunction.o(.bss)
    SECBuffer                                0x2000195c   Data          42  rffunction.o(.bss)
    RFIP_reg_MEM                             0x20001986   Data          13  rf_phy.o(.bss)
    CH_PLL_bank_Table                        0x20001993   Data          40  rf_phy.o(.bss)
    L2CAP_Buf                                0x200019bb   Data         253  l2cap.o(.bss)
    __initial_sp                             0x20001cb8   Data           0  startup_m031series.o(STACK)



==============================================================================

Memory Map of the image

  Image Entry point : 0x000000f1

  Load Region LR_1 (Base: 0x00000000, Size: 0x0000c2ec, Max: 0xffffffff, ABSOLUTE)

    Execution Region ER_RO (Exec base: 0x00000000, Load base: 0x00000000, Size: 0x0000bfe4, Max: 0xffffffff, ABSOLUTE)

    Exec Addr    Load Addr    Size         Type   Attr      Idx    E Section Name        Object

    0x00000000   0x00000000   0x000000c0   Data   RO          209    RESET               startup_m031series.o
    0x000000c0   0x000000c0   0x00000000   Code   RO         4603  * .ARM.Collect$$$$00000000  mc_p.l(entry.o)
    0x000000c0   0x000000c0   0x00000004   Code   RO         4879    .ARM.Collect$$$$00000001  mc_p.l(entry2.o)
    0x000000c4   0x000000c4   0x00000004   Code   RO         4882    .ARM.Collect$$$$00000004  mc_p.l(entry5.o)
    0x000000c8   0x000000c8   0x00000000   Code   RO         4884    .ARM.Collect$$$$00000008  mc_p.l(entry7b.o)
    0x000000c8   0x000000c8   0x00000000   Code   RO         4886    .ARM.Collect$$$$0000000A  mc_p.l(entry8b.o)
    0x000000c8   0x000000c8   0x00000008   Code   RO         4887    .ARM.Collect$$$$0000000B  mc_p.l(entry9a.o)
    0x000000d0   0x000000d0   0x00000000   Code   RO         4889    .ARM.Collect$$$$0000000D  mc_p.l(entry10a.o)
    0x000000d0   0x000000d0   0x00000000   Code   RO         4891    .ARM.Collect$$$$0000000F  mc_p.l(entry11a.o)
    0x000000d0   0x000000d0   0x00000004   Code   RO         4880    .ARM.Collect$$$$00002712  mc_p.l(entry2.o)
    0x000000d4   0x000000d4   0x0000001c   Code   RO          501    .emb_text           retarget.o
    0x000000f0   0x000000f0   0x0000005c   Code   RO          210  * .text               startup_m031series.o
    0x0000014c   0x0000014c   0x0000002c   Code   RO         4604    .text               mc_p.l(uidiv.o)
    0x00000178   0x00000178   0x00000028   Code   RO         4606    .text               mc_p.l(idiv.o)
    0x000001a0   0x000001a0   0x00000024   Code   RO         4608    .text               mc_p.l(memcpya.o)
    0x000001c4   0x000001c4   0x0000003c   Code   RO         4875    .text               mc_p.l(__0sscanf.o)
    0x00000200   0x00000200   0x0000014a   Code   RO         4877    .text               mc_p.l(_scanf_int.o)
    0x0000034a   0x0000034a   0x00000060   Code   RO         4893    .text               mc_p.l(uldiv.o)
    0x000003aa   0x000003aa   0x0000001e   Code   RO         4895    .text               mc_p.l(_chval.o)
    0x000003c8   0x000003c8   0x0000002c   Code   RO         4897    .text               mc_p.l(scanf_char.o)
    0x000003f4   0x000003f4   0x00000044   Code   RO         4899    .text               mc_p.l(_sgetc.o)
    0x00000438   0x00000438   0x00000024   Code   RO         4912    .text               mc_p.l(init.o)
    0x0000045c   0x0000045c   0x00000020   Code   RO         4914    .text               mc_p.l(llshl.o)
    0x0000047c   0x0000047c   0x00000022   Code   RO         4916    .text               mc_p.l(llushr.o)
    0x0000049e   0x0000049e   0x0000000e   Code   RO         4920    .text               mc_p.l(isspace_c.o)
    0x000004ac   0x000004ac   0x00000338   Code   RO         4922    .text               mc_p.l(_scanf.o)
    0x000007e4   0x000007e4   0x00000024   Code   RO         4928    .text               mc_p.l(ctype_c.o)
    0x00000808   0x00000808   0x00000002   Code   RO         1373    i.ATT_HDL_Rd_NULL   profile_tab.o
    0x0000080a   0x0000080a   0x00000002   Code   RO         1374    i.ATT_HDL_Wr_NULL   profile_tab.o
    0x0000080c   0x0000080c   0x00000144   Code   RO         1232    i.BLEDemo_InitMessage  user.o
    0x00000950   0x00000950   0x00000038   Code   RO         1233    i.BLEDemo_UartRxDataHandler  user.o
    0x00000988   0x00000988   0x00000008   Code   RO         1234    i.BleApp_Init       user.o
    0x00000990   0x00000990   0x00000064   Code   RO         1235    i.BleApp_Main       user.o
    0x000009f4   0x000009f4   0x0000000c   Code   RO         3726    i.BleMHC_PostEvent  Rafael_BLE_M0.lib(hci.o)
    0x00000a00   0x00000a00   0x0000000c   Code   RO         3311    i.BleTxFIFOAddr_Get  Rafael_BLE_M0.lib(rf_phy.o)
    0x00000a0c   0x00000a0c   0x0000003c   Code   RO         2308    i.Ble_EC_Chk_Isr    Rafael_BLE_M0.lib(ll.o)
    0x00000a48   0x00000a48   0x000000b4   Code   RO         1809    i.Ble_Kernel_Root   Rafael_BLE_M0.lib(kernel.o)
    0x00000afc   0x00000afc   0x0000006c   Code   RO         3312    i.Ble_SW_Init       Rafael_BLE_M0.lib(rf_phy.o)
    0x00000b68   0x00000b68   0x00000030   Code   RO          222    i.CLK_EnableModuleClock  clk.o
    0x00000b98   0x00000b98   0x00000010   Code   RO          225    i.CLK_EnableXtalRC  clk.o
    0x00000ba8   0x00000ba8   0x00000010   Code   RO          227    i.CLK_GetHCLKFreq   clk.o
    0x00000bb8   0x00000bb8   0x00000020   Code   RO          230    i.CLK_GetPCLK0Freq  clk.o
    0x00000bd8   0x00000bd8   0x00000020   Code   RO          231    i.CLK_GetPCLK1Freq  clk.o
    0x00000bf8   0x00000bf8   0x00000058   Code   RO          579    i.CLK_GetPLLClockFreq  spi.o
    0x00000c50   0x00000c50   0x00000058   Code   RO          893    i.CLK_GetPLLClockFreq  uart.o
    0x00000ca8   0x00000ca8   0x00000050   Code   RO          235    i.CLK_SetHCLK       clk.o
    0x00000cf8   0x00000cf8   0x00000070   Code   RO          236    i.CLK_SetModuleClock  clk.o
    0x00000d68   0x00000d68   0x00000024   Code   RO         1135    i.CLK_SysTickDelay  main.o
    0x00000d8c   0x00000d8c   0x00000024   Code   RO         1236    i.CLK_SysTickDelay  user.o
    0x00000db0   0x00000db0   0x00000024   Code   RO         1547    i.CLK_SysTickDelay  porting_misc.o
    0x00000dd4   0x00000dd4   0x0000002c   Code   RO          238    i.CLK_WaitClockReady  clk.o
    0x00000e00   0x00000e00   0x00000038   Code   RO         1813    i.CheckMsgBlk_L2_wSizeUsed_Isr  Rafael_BLE_M0.lib(kernel.o)
    0x00000e38   0x00000e38   0x00000020   Code   RO         1814    i.CheckMsgQueue     Rafael_BLE_M0.lib(kernel.o)
    0x00000e58   0x00000e58   0x00000014   Code   RO         4029    i.CheckValid_L2CAP_Buf  Rafael_BLE_M0.lib(l2cap.o)
    0x00000e6c   0x00000e6c   0x0000000c   Code   RO         3313    i.ChipId_Get        Rafael_BLE_M0.lib(rf_phy.o)
    0x00000e78   0x00000e78   0x000000e8   Code   RO         2309    i.ECHC_LE_Ctrl_Pkt  Rafael_BLE_M0.lib(ll.o)
    0x00000f60   0x00000f60   0x0000000c   Code   RO         1824    i.ErrorEntry        Rafael_BLE_M0.lib(kernel.o)
    0x00000f6c   0x00000f6c   0x00000010   Code   RO         1019    i.FMC_Close         fmc.o
    0x00000f7c   0x00000f7c   0x00000040   Code   RO         1020    i.FMC_Erase         fmc.o
    0x00000fbc   0x00000fbc   0x00000038   Code   RO         1022    i.FMC_Erase_SPROM   fmc.o
    0x00000ff4   0x00000ff4   0x00000010   Code   RO         1025    i.FMC_Open          fmc.o
    0x00001004   0x00001004   0x0000001c   Code   RO         1031    i.FMC_Write         fmc.o
    0x00001020   0x00001020   0x00000020   Code   RO         1825    i.FreeMsgBlk        Rafael_BLE_M0.lib(kernel.o)
    0x00001040   0x00001040   0x0000001c   Code   RO         1826    i.FreeMsgBlk_Isr    Rafael_BLE_M0.lib(kernel.o)
    0x0000105c   0x0000105c   0x00000030   Code   RO         1827    i.FreeMsgBlks       Rafael_BLE_M0.lib(kernel.o)
    0x0000108c   0x0000108c   0x00000024   Code   RO         1828    i.FreeMsgBlks_Isr   Rafael_BLE_M0.lib(kernel.o)
    0x000010b0   0x000010b0   0x00000020   Code   RO         1548    i.GPCDEF_IRQHandler  porting_misc.o
    0x000010d0   0x000010d0   0x0000001c   Code   RO          376    i.GPIO_DisableInt   gpio.o
    0x000010ec   0x000010ec   0x0000001a   Code   RO          377    i.GPIO_EnableInt    gpio.o
    0x00001106   0x00001106   0x00000028   Code   RO          378    i.GPIO_SetMode      gpio.o
    0x0000112e   0x0000112e   0x00000002   PAD
    0x00001130   0x00001130   0x00000028   Code   RO         1829    i.GetMsgBlk         Rafael_BLE_M0.lib(kernel.o)
    0x00001158   0x00001158   0x00000020   Code   RO         1830    i.GetMsgBlk_Isr     Rafael_BLE_M0.lib(kernel.o)
    0x00001178   0x00001178   0x00000054   Code   RO         1831    i.GetMsgBlk_L1_wSize_Isr  Rafael_BLE_M0.lib(kernel.o)
    0x000011cc   0x000011cc   0x00000054   Code   RO         1832    i.GetMsgBlk_L2_wSize  Rafael_BLE_M0.lib(kernel.o)
    0x00001220   0x00001220   0x00000024   Code   RO         3727    i.HCI_Root          Rafael_BLE_M0.lib(hci.o)
    0x00001244   0x00001244   0x0000003c   Code   RO         2311    i.HCLL_Disconnect   Rafael_BLE_M0.lib(ll.o)
    0x00001280   0x00001280   0x00000002   Code   RO         2312    i.HCLL_Host_Buffer_Size  Rafael_BLE_M0.lib(ll.o)
    0x00001282   0x00001282   0x00000002   Code   RO         2313    i.HCLL_Host_Num_of_Completed_Packets  Rafael_BLE_M0.lib(ll.o)
    0x00001284   0x00001284   0x00000002   Code   RO         2314    i.HCLL_LE_ACL_Data_Pkt  Rafael_BLE_M0.lib(ll.o)
    0x00001286   0x00001286   0x00000004   Code   RO         2315    i.HCLL_LE_ACL_Data_Pkt_Extend  Rafael_BLE_M0.lib(ll.o)
    0x0000128a   0x0000128a   0x00000002   PAD
    0x0000128c   0x0000128c   0x0000008c   Code   RO         2316    i.HCLL_LE_Add_Device_to_White_List  Rafael_BLE_M0.lib(ll.o)
    0x00001318   0x00001318   0x00000048   Code   RO         2317    i.HCLL_LE_Clear_White_List  Rafael_BLE_M0.lib(ll.o)
    0x00001360   0x00001360   0x000000d4   Code   RO         2318    i.HCLL_LE_Conn_update  Rafael_BLE_M0.lib(ll.o)
    0x00001434   0x00001434   0x00000180   Code   RO         2319    i.HCLL_LE_Create_Conn  Rafael_BLE_M0.lib(ll.o)
    0x000015b4   0x000015b4   0x00000058   Code   RO         2320    i.HCLL_LE_Create_conn_cancel  Rafael_BLE_M0.lib(ll.o)
    0x0000160c   0x0000160c   0x000000b4   Code   RO         2321    i.HCLL_LE_Ctrl_Pkt  Rafael_BLE_M0.lib(ll.o)
    0x000016c0   0x000016c0   0x00000024   Code   RO         2322    i.HCLL_LE_Encrypt   Rafael_BLE_M0.lib(ll.o)
    0x000016e4   0x000016e4   0x0000005c   Code   RO         2323    i.HCLL_LE_Long_term_key_req_neg_reply  Rafael_BLE_M0.lib(ll.o)
    0x00001740   0x00001740   0x00000024   Code   RO         2324    i.HCLL_LE_Long_term_key_req_reply  Rafael_BLE_M0.lib(ll.o)
    0x00001764   0x00001764   0x00000024   Code   RO         2325    i.HCLL_LE_Rand      Rafael_BLE_M0.lib(ll.o)
    0x00001788   0x00001788   0x00000004   Code   RO         2326    i.HCLL_LE_Read_Adv_Ch_Tx_Pwr  Rafael_BLE_M0.lib(ll.o)
    0x0000178c   0x0000178c   0x00000024   Code   RO         2327    i.HCLL_LE_Read_Buffer_Size  Rafael_BLE_M0.lib(ll.o)
    0x000017b0   0x000017b0   0x00000048   Code   RO         2328    i.HCLL_LE_Read_Local_Supported_Feat  Rafael_BLE_M0.lib(ll.o)
    0x000017f8   0x000017f8   0x00000044   Code   RO         2329    i.HCLL_LE_Read_Phy  Rafael_BLE_M0.lib(ll.o)
    0x0000183c   0x0000183c   0x00000050   Code   RO         2330    i.HCLL_LE_Read_Remote_Used_Feat  Rafael_BLE_M0.lib(ll.o)
    0x0000188c   0x0000188c   0x0000001c   Code   RO         2331    i.HCLL_LE_Read_White_List_Size  Rafael_BLE_M0.lib(ll.o)
    0x000018a8   0x000018a8   0x0000003c   Code   RO         2332    i.HCLL_LE_Read_ch_map  Rafael_BLE_M0.lib(ll.o)
    0x000018e4   0x000018e4   0x00000002   Code   RO         2333    i.HCLL_LE_Read_supported_states  Rafael_BLE_M0.lib(ll.o)
    0x000018e6   0x000018e6   0x00000002   Code   RO         2334    i.HCLL_LE_Receiver_test  Rafael_BLE_M0.lib(ll.o)
    0x000018e8   0x000018e8   0x00000004   Code   RO         2335    i.HCLL_LE_Remote_conn_param_req_neg_reply  Rafael_BLE_M0.lib(ll.o)
    0x000018ec   0x000018ec   0x00000004   Code   RO         2336    i.HCLL_LE_Remote_conn_param_req_reply  Rafael_BLE_M0.lib(ll.o)
    0x000018f0   0x000018f0   0x00000070   Code   RO         2337    i.HCLL_LE_Rmv_Device_from_White_List  Rafael_BLE_M0.lib(ll.o)
    0x00001960   0x00001960   0x0000005c   Code   RO         2338    i.HCLL_LE_Set_Adv_Data  Rafael_BLE_M0.lib(ll.o)
    0x000019bc   0x000019bc   0x0000009c   Code   RO         2339    i.HCLL_LE_Set_Adv_Param  Rafael_BLE_M0.lib(ll.o)
    0x00001a58   0x00001a58   0x00000130   Code   RO         2340    i.HCLL_LE_Set_Advertise_Enable  Rafael_BLE_M0.lib(ll.o)
    0x00001b88   0x00001b88   0x0000007c   Code   RO         2341    i.HCLL_LE_Set_Data_Length  Rafael_BLE_M0.lib(ll.o)
    0x00001c04   0x00001c04   0x00000060   Code   RO         2342    i.HCLL_LE_Set_Default_Phy  Rafael_BLE_M0.lib(ll.o)
    0x00001c64   0x00001c64   0x0000002c   Code   RO         2343    i.HCLL_LE_Set_Event_Mask  Rafael_BLE_M0.lib(ll.o)
    0x00001c90   0x00001c90   0x00000078   Code   RO         2344    i.HCLL_LE_Set_Host_Ch_Classification  Rafael_BLE_M0.lib(ll.o)
    0x00001d08   0x00001d08   0x0000009c   Code   RO         2345    i.HCLL_LE_Set_Phy   Rafael_BLE_M0.lib(ll.o)
    0x00001da4   0x00001da4   0x00000054   Code   RO         2346    i.HCLL_LE_Set_Random_Address  Rafael_BLE_M0.lib(ll.o)
    0x00001df8   0x00001df8   0x0000005c   Code   RO         2347    i.HCLL_LE_Set_Scan_Response_Data  Rafael_BLE_M0.lib(ll.o)
    0x00001e54   0x00001e54   0x0000004c   Code   RO         2348    i.HCLL_LE_Set_scan_enable  Rafael_BLE_M0.lib(ll.o)
    0x00001ea0   0x00001ea0   0x00000090   Code   RO         2349    i.HCLL_LE_Set_scan_param  Rafael_BLE_M0.lib(ll.o)
    0x00001f30   0x00001f30   0x00000024   Code   RO         2350    i.HCLL_LE_Start_encryption  Rafael_BLE_M0.lib(ll.o)
    0x00001f54   0x00001f54   0x00000002   Code   RO         2351    i.HCLL_LE_Test_end  Rafael_BLE_M0.lib(ll.o)
    0x00001f56   0x00001f56   0x00000002   Code   RO         2352    i.HCLL_LE_Transmitter_test  Rafael_BLE_M0.lib(ll.o)
    0x00001f58   0x00001f58   0x0000002c   Code   RO         2353    i.HCLL_Read_BD_Addr  Rafael_BLE_M0.lib(ll.o)
    0x00001f84   0x00001f84   0x00000002   Code   RO         2354    i.HCLL_Read_Le_Host_Support  Rafael_BLE_M0.lib(ll.o)
    0x00001f86   0x00001f86   0x00000002   PAD
    0x00001f88   0x00001f88   0x00000050   Code   RO         2355    i.HCLL_Read_Local_Supported_Cmd  Rafael_BLE_M0.lib(ll.o)
    0x00001fd8   0x00001fd8   0x0000002c   Code   RO         2356    i.HCLL_Read_Local_Supported_Feat  Rafael_BLE_M0.lib(ll.o)
    0x00002004   0x00002004   0x0000002c   Code   RO         2357    i.HCLL_Read_Local_Ver_Info  Rafael_BLE_M0.lib(ll.o)
    0x00002030   0x00002030   0x00000030   Code   RO         2358    i.HCLL_Read_Remote_Ver_Info  Rafael_BLE_M0.lib(ll.o)
    0x00002060   0x00002060   0x00000002   Code   RO         2359    i.HCLL_Read_Transmit_Pwr_Level  Rafael_BLE_M0.lib(ll.o)
    0x00002062   0x00002062   0x00000002   Code   RO         2360    i.HCLL_Read_authen_payload_timeout  Rafael_BLE_M0.lib(ll.o)
    0x00002064   0x00002064   0x00000002   Code   RO         2361    i.HCLL_Read_buffer_size  Rafael_BLE_M0.lib(ll.o)
    0x00002066   0x00002066   0x00000002   PAD
    0x00002068   0x00002068   0x00000034   Code   RO         2362    i.HCLL_Read_rssi    Rafael_BLE_M0.lib(ll.o)
    0x0000209c   0x0000209c   0x00000008   Code   RO         2363    i.HCLL_Reset        Rafael_BLE_M0.lib(ll.o)
    0x000020a4   0x000020a4   0x00000002   Code   RO         2364    i.HCLL_Set_Ctrler_to_Host_Flow_Ctrl  Rafael_BLE_M0.lib(ll.o)
    0x000020a6   0x000020a6   0x00000002   PAD
    0x000020a8   0x000020a8   0x0000003c   Code   RO         2365    i.HCLL_Set_Event_Mask  Rafael_BLE_M0.lib(ll.o)
    0x000020e4   0x000020e4   0x00000024   Code   RO         2366    i.HCLL_Set_Event_Mask_Page_2  Rafael_BLE_M0.lib(ll.o)
    0x00002108   0x00002108   0x00000002   Code   RO         2367    i.HCLL_Write_Le_Host_Support  Rafael_BLE_M0.lib(ll.o)
    0x0000210a   0x0000210a   0x00000002   Code   RO         2368    i.HCLL_Write_authen_payload_timeout  Rafael_BLE_M0.lib(ll.o)
    0x0000210c   0x0000210c   0x00000018   Code   RO         3946    i.HSPF_Att_Read     Rafael_BLE_M0.lib(host.o)
    0x00002124   0x00002124   0x0000001c   Code   RO         3947    i.HSPF_Att_Write    Rafael_BLE_M0.lib(host.o)
    0x00002140   0x00002140   0x00000028   Code   RO          502    i.Hard_Fault_Handler  retarget.o
    0x00002168   0x00002168   0x00000024   Code   RO         3948    i.Host_Root         Rafael_BLE_M0.lib(host.o)
    0x0000218c   0x0000218c   0x0000004c   Code   RO         1835    i.KernelInit        Rafael_BLE_M0.lib(kernel.o)
    0x000021d8   0x000021d8   0x00000020   Code   RO         1836    i.Knl_CodeComp      Rafael_BLE_M0.lib(kernel.o)
    0x000021f8   0x000021f8   0x00000012   Code   RO         1838    i.Knl_CodeCpy       Rafael_BLE_M0.lib(kernel.o)
    0x0000220a   0x0000220a   0x0000001e   Code   RO         1840    i.Knl_CodeCpyInv_Isr  Rafael_BLE_M0.lib(kernel.o)
    0x00002228   0x00002228   0x00000012   Code   RO         1841    i.Knl_CodeCpy_Isr   Rafael_BLE_M0.lib(kernel.o)
    0x0000223a   0x0000223a   0x00000020   Code   RO         1842    i.Knl_MemComp       Rafael_BLE_M0.lib(kernel.o)
    0x0000225a   0x0000225a   0x00000020   Code   RO         1843    i.Knl_MemComp_Isr   Rafael_BLE_M0.lib(kernel.o)
    0x0000227a   0x0000227a   0x00000012   Code   RO         1844    i.Knl_MemCpy        Rafael_BLE_M0.lib(kernel.o)
    0x0000228c   0x0000228c   0x0000001e   Code   RO         1845    i.Knl_MemCpyInv     Rafael_BLE_M0.lib(kernel.o)
    0x000022aa   0x000022aa   0x0000001e   Code   RO         1846    i.Knl_MemCpyInv_Isr  Rafael_BLE_M0.lib(kernel.o)
    0x000022c8   0x000022c8   0x0000001a   Code   RO         1847    i.Knl_MemCpy_Fwd    Rafael_BLE_M0.lib(kernel.o)
    0x000022e2   0x000022e2   0x00000012   Code   RO         1848    i.Knl_MemCpy_Isr    Rafael_BLE_M0.lib(kernel.o)
    0x000022f4   0x000022f4   0x00000024   Code   RO         4030    i.L2CAP_Root        Rafael_BLE_M0.lib(l2cap.o)
    0x00002318   0x00002318   0x000001d8   Code   RO         2369    i.LLEC_LE_CCM_Manual  Rafael_BLE_M0.lib(ll.o)
    0x000024f0   0x000024f0   0x00000030   Code   RO         2370    i.LLEC_LE_Encrypt   Rafael_BLE_M0.lib(ll.o)
    0x00002520   0x00002520   0x0000005c   Code   RO         2371    i.LLEC_LE_Long_term_key_req_reply  Rafael_BLE_M0.lib(ll.o)
    0x0000257c   0x0000257c   0x0000004c   Code   RO         2372    i.LLEC_LE_Rand      Rafael_BLE_M0.lib(ll.o)
    0x000025c8   0x000025c8   0x00000084   Code   RO         2373    i.LLEC_LE_Start_encryption  Rafael_BLE_M0.lib(ll.o)
    0x0000264c   0x0000264c   0x0000001a   Code   RO         2374    i.LLHC_ERR_CODE_Invalid_Lmp_Parameters  Rafael_BLE_M0.lib(ll.o)
    0x00002666   0x00002666   0x0000001a   Code   RO         2375    i.LLHC_ERR_CODE_Unknown_Hci_Command  Rafael_BLE_M0.lib(ll.o)
    0x00002680   0x00002680   0x00000384   Code   RO         2376    i.LLHC_LE_Ctrl_Pkt  Rafael_BLE_M0.lib(ll.o)
    0x00002a04   0x00002a04   0x00000068   Code   RO         2377    i.LLHeaderRdy_Isr   Rafael_BLE_M0.lib(ll.o)
    0x00002a6c   0x00002a6c   0x0000000c   Code   RO         3314    i.LLTimeline_Get    Rafael_BLE_M0.lib(rf_phy.o)
    0x00002a78   0x00002a78   0x0000011c   Code   RO         2378    i.LLTimerFIFOGetSend_Isr  Rafael_BLE_M0.lib(ll.o)
    0x00002b94   0x00002b94   0x00001478   Code   RO         2379    i.LLTimer_Isr       Rafael_BLE_M0.lib(ll.o)
    0x0000400c   0x0000400c   0x00000044   Code   RO         2380    i.LLTimer_TmrRefUpd_Isr  Rafael_BLE_M0.lib(ll.o)
    0x00004050   0x00004050   0x0000025c   Code   RO         2381    i.LLWTRFIFOGet_Isr  Rafael_BLE_M0.lib(ll.o)
    0x000042ac   0x000042ac   0x00000024   Code   RO         2382    i.LLWTR_Buffer_nAck_Isr  Rafael_BLE_M0.lib(ll.o)
    0x000042d0   0x000042d0   0x00000064   Code   RO         2383    i.LLWTR_Buffer_wAck_Isr  Rafael_BLE_M0.lib(ll.o)
    0x00004334   0x00004334   0x00001024   Code   RO         2384    i.LLWTR_Isr         Rafael_BLE_M0.lib(ll.o)
    0x00005358   0x00005358   0x0000004c   Code   RO         2385    i.LLWTR_MDset       Rafael_BLE_M0.lib(ll.o)
    0x000053a4   0x000053a4   0x000003c0   Code   RO         2386    i.LLWTR_Rx2Hc       Rafael_BLE_M0.lib(ll.o)
    0x00005764   0x00005764   0x000002f8   Code   RO         2388    i.LL_Buffer_To_FIFO_Isr  Rafael_BLE_M0.lib(ll.o)
    0x00005a5c   0x00005a5c   0x00000018   Code   RO         2389    i.LL_CheckConnExist  Rafael_BLE_M0.lib(ll.o)
    0x00005a74   0x00005a74   0x000000a0   Code   RO         2390    i.LL_Data2ConnTxFIFO  Rafael_BLE_M0.lib(ll.o)
    0x00005b14   0x00005b14   0x00000074   Code   RO         2391    i.LL_Data2ConnTxFIFO_smp  Rafael_BLE_M0.lib(ll.o)
    0x00005b88   0x00005b88   0x00000050   Code   RO         2392    i.LL_Data2ConnTxFIFO_smp_Isr  Rafael_BLE_M0.lib(ll.o)
    0x00005bd8   0x00005bd8   0x0000007c   Code   RO         2393    i.LL_EventCounter_Map_Upd  Rafael_BLE_M0.lib(ll.o)
    0x00005c54   0x00005c54   0x000000d8   Code   RO         2394    i.LL_GPIO_Isr       Rafael_BLE_M0.lib(ll.o)
    0x00005d2c   0x00005d2c   0x0000001c   Code   RO         2395    i.LL_GetMasterFreeConnID  Rafael_BLE_M0.lib(ll.o)
    0x00005d48   0x00005d48   0x0000001c   Code   RO         2396    i.LL_GetSlaveFreeConnID  Rafael_BLE_M0.lib(ll.o)
    0x00005d64   0x00005d64   0x00000020   Code   RO         2397    i.LL_MsgBlk_LL_conn_Para_Rls  Rafael_BLE_M0.lib(ll.o)
    0x00005d84   0x00005d84   0x00000038   Code   RO         2398    i.LL_Msg_CTRL_PKT   Rafael_BLE_M0.lib(ll.o)
    0x00005dbc   0x00005dbc   0x00000038   Code   RO         2399    i.LL_Msg_CTRL_PKT_Isr  Rafael_BLE_M0.lib(ll.o)
    0x00005df4   0x00005df4   0x0000001e   Code   RO         2401    i.LL_Msg_Event_Encrypt_Change  Rafael_BLE_M0.lib(ll.o)
    0x00005e12   0x00005e12   0x0000001e   Code   RO         2402    i.LL_Msg_Event_Le_Data_Length_Change  Rafael_BLE_M0.lib(ll.o)
    0x00005e30   0x00005e30   0x00000020   Code   RO         2403    i.LL_Msg_Event_Le_PHY_Update_Complete  Rafael_BLE_M0.lib(ll.o)
    0x00005e50   0x00005e50   0x0000001a   Code   RO         2404    i.LL_Msg_Event_Status  Rafael_BLE_M0.lib(ll.o)
    0x00005e6a   0x00005e6a   0x00000002   PAD
    0x00005e6c   0x00005e6c   0x0000009c   Code   RO         2407    i.LL_Queue_To_Buffer_Isr  Rafael_BLE_M0.lib(ll.o)
    0x00005f08   0x00005f08   0x000000dc   Code   RO         2408    i.LL_ReleaseConnID  Rafael_BLE_M0.lib(ll.o)
    0x00005fe4   0x00005fe4   0x000000f4   Code   RO         2409    i.LL_ReleaseConnID_Isr  Rafael_BLE_M0.lib(ll.o)
    0x000060d8   0x000060d8   0x00000054   Code   RO         2410    i.LL_RfChRemap      Rafael_BLE_M0.lib(ll.o)
    0x0000612c   0x0000612c   0x00000024   Code   RO         2411    i.LL_Root           Rafael_BLE_M0.lib(ll.o)
    0x00006150   0x00006150   0x00000054   Code   RO         2412    i.LL_RxEnter_Isr    Rafael_BLE_M0.lib(ll.o)
    0x000061a4   0x000061a4   0x0000001c   Code   RO         2414    i.LL_Slv_Win_Width_Incr  Rafael_BLE_M0.lib(ll.o)
    0x000061c0   0x000061c0   0x00000030   Code   RO         2416    i.LL_SvPrToutAccu_Incr  Rafael_BLE_M0.lib(ll.o)
    0x000061f0   0x000061f0   0x0000002c   Code   RO         2417    i.LL_TmrBlk_Pt_PairRst  Rafael_BLE_M0.lib(ll.o)
    0x0000621c   0x0000621c   0x00000038   Code   RO         2418    i.LL_TmrBlk_Rls     Rafael_BLE_M0.lib(ll.o)
    0x00006254   0x00006254   0x00000020   Code   RO         2419    i.LL_TmrBlk_Rls_NxtIntvl  Rafael_BLE_M0.lib(ll.o)
    0x00006274   0x00006274   0x00000048   Code   RO         2420    i.LL_TmrBlk_Rls_Pair  Rafael_BLE_M0.lib(ll.o)
    0x000062bc   0x000062bc   0x00000078   Code   RO         2421    i.LL_Tmr_FIFO_ADVrpt  Rafael_BLE_M0.lib(ll.o)
    0x00006334   0x00006334   0x00000058   Code   RO         2422    i.LL_TxEnter_Isr    Rafael_BLE_M0.lib(ll.o)
    0x0000638c   0x0000638c   0x00000044   Code   RO         2423    i.LL_smp_SKD_IV_genIn  Rafael_BLE_M0.lib(ll.o)
    0x000063d0   0x000063d0   0x0000001c   Code   RO         1549    i.MCU_GpioIntDisable  porting_misc.o
    0x000063ec   0x000063ec   0x0000003c   Code   RO         1550    i.MCU_GpioIntEnable  porting_misc.o
    0x00006428   0x00006428   0x0000002c   Code   RO         1551    i.MCU_GpioPinInit   porting_misc.o
    0x00006454   0x00006454   0x00000024   Code   RO         1552    i.MCU_GpioReset     porting_misc.o
    0x00006478   0x00006478   0x0000001c   Code   RO         1553    i.MCU_GpioResetInit  porting_misc.o
    0x00006494   0x00006494   0x00000014   Code   RO         1554    i.MCU_SetGpioResetIdle  porting_misc.o
    0x000064a8   0x000064a8   0x00000058   Code   RO         1677    i.MCU_SpiInit       porting_spi.o
    0x00006500   0x00006500   0x00000058   Code   RO         1555    i.MCU_WDTmr_En      porting_misc.o
    0x00006558   0x00006558   0x00000004   Code   RO         2424    i.MEC_HCI_Null      Rafael_BLE_M0.lib(ll.o)
    0x0000655c   0x0000655c   0x00000002   Code   RO         3728    i.MHC_Event_Authen_Payload_Timeout_Expired  Rafael_BLE_M0.lib(hci.o)
    0x0000655e   0x0000655e   0x00000002   PAD
    0x00006560   0x00006560   0x000000ac   Code   RO         3729    i.MHC_Event_Cmd_Complete  Rafael_BLE_M0.lib(hci.o)
    0x0000660c   0x0000660c   0x0000001c   Code   RO         3730    i.MHC_Event_Cmd_Status  Rafael_BLE_M0.lib(hci.o)
    0x00006628   0x00006628   0x00000002   Code   RO         3731    i.MHC_Event_Data_Buffer_Overflow  Rafael_BLE_M0.lib(hci.o)
    0x0000662a   0x0000662a   0x00000002   PAD
    0x0000662c   0x0000662c   0x00000034   Code   RO         3732    i.MHC_Event_Disconn_Complete  Rafael_BLE_M0.lib(hci.o)
    0x00006660   0x00006660   0x00000100   Code   RO         3733    i.MHC_Event_Encrypt_Change  Rafael_BLE_M0.lib(hci.o)
    0x00006760   0x00006760   0x0000005c   Code   RO         3734    i.MHC_Event_Encrypt_Key_Refresh_Complete  Rafael_BLE_M0.lib(hci.o)
    0x000067bc   0x000067bc   0x00000004   Code   RO         3735    i.MHC_Event_HCI_Raw  Rafael_BLE_M0.lib(hci.o)
    0x000067c0   0x000067c0   0x00000002   Code   RO         3736    i.MHC_Event_Hardware_Error  Rafael_BLE_M0.lib(hci.o)
    0x000067c2   0x000067c2   0x00000002   PAD
    0x000067c4   0x000067c4   0x00000034   Code   RO         3737    i.MHC_Event_Le_Adv_Report  Rafael_BLE_M0.lib(hci.o)
    0x000067f8   0x000067f8   0x00000084   Code   RO         3738    i.MHC_Event_Le_Conn_Complete  Rafael_BLE_M0.lib(hci.o)
    0x0000687c   0x0000687c   0x00000030   Code   RO         3739    i.MHC_Event_Le_Conn_Update_Complete  Rafael_BLE_M0.lib(hci.o)
    0x000068ac   0x000068ac   0x0000002c   Code   RO         3740    i.MHC_Event_Le_Data_Length_Change  Rafael_BLE_M0.lib(hci.o)
    0x000068d8   0x000068d8   0x00000130   Code   RO         3741    i.MHC_Event_Le_Long_Term_Key_Req  Rafael_BLE_M0.lib(hci.o)
    0x00006a08   0x00006a08   0x00000034   Code   RO         3742    i.MHC_Event_Le_PHY_Update_Complete  Rafael_BLE_M0.lib(hci.o)
    0x00006a3c   0x00006a3c   0x0000001c   Code   RO         3743    i.MHC_Event_Le_Read_Remote_Used_Features_Complete  Rafael_BLE_M0.lib(hci.o)
    0x00006a58   0x00006a58   0x00000002   Code   RO         3744    i.MHC_Event_Le_Remote_Conn_param_Req_Event  Rafael_BLE_M0.lib(hci.o)
    0x00006a5a   0x00006a5a   0x00000002   PAD
    0x00006a5c   0x00006a5c   0x00000014   Code   RO         3745    i.MHC_Event_Le_Wait_Passkey_Confrim  Rafael_BLE_M0.lib(hci.o)
    0x00006a70   0x00006a70   0x00000002   Code   RO         3746    i.MHC_Event_Null    Rafael_BLE_M0.lib(hci.o)
    0x00006a72   0x00006a72   0x00000004   Code   RO         3747    i.MHC_Event_Num_Of_Completed_Pckts  Rafael_BLE_M0.lib(hci.o)
    0x00006a76   0x00006a76   0x00000002   PAD
    0x00006a78   0x00006a78   0x00000010   Code   RO         3748    i.MHC_Event_Read_Remote_Ver_Info_Complete  Rafael_BLE_M0.lib(hci.o)
    0x00006a88   0x00006a88   0x00000014   Code   RO         3749    i.MHC_Event_STK_Gen_Method  Rafael_BLE_M0.lib(hci.o)
    0x00006a9c   0x00006a9c   0x00000014   Code   RO         3750    i.MHC_Evnet_Auth_Status  Rafael_BLE_M0.lib(hci.o)
    0x00006ab0   0x00006ab0   0x00000044   Code   RO         3751    i.MHC_LE_ACL_Data_Pkt  Rafael_BLE_M0.lib(hci.o)
    0x00006af4   0x00006af4   0x00000004   Code   RO         3752    i.MHC_LE_ACL_Data_Pkt_Extend  Rafael_BLE_M0.lib(hci.o)
    0x00006af8   0x00006af8   0x00000002   Code   RO         3949    i.MHS_Event_Null    Rafael_BLE_M0.lib(host.o)
    0x00006afa   0x00006afa   0x00000002   Code   RO         4031    i.ML2CAP_Event_Null  Rafael_BLE_M0.lib(l2cap.o)
    0x00006afc   0x00006afc   0x00000004   Code   RO         2425    i.MLL_HCI_Null      Rafael_BLE_M0.lib(ll.o)
    0x00006b00   0x00006b00   0x00000004   Code   RO         2426    i.MLL_LE_Ctrl_Pkt   Rafael_BLE_M0.lib(ll.o)
    0x00006b04   0x00006b04   0x00000018   Code   RO         2427    i.MLL_LL_CHN_Map_Upd  Rafael_BLE_M0.lib(ll.o)
    0x00006b1c   0x00006b1c   0x0000001c   Code   RO         2428    i.MLL_LL_Enc_Req    Rafael_BLE_M0.lib(ll.o)
    0x00006b38   0x00006b38   0x00000044   Code   RO         1136    i.NVIC_SetPriority  main.o
    0x00006b7c   0x00006b7c   0x0000000c   Code   RO          411    i.PDMA_Close        pdma.o
    0x00006b88   0x00006b88   0x00000030   Code   RO          416    i.PDMA_Open         pdma.o
    0x00006bb8   0x00006bb8   0x00000016   Code   RO          417    i.PDMA_SetBurstType  pdma.o
    0x00006bce   0x00006bce   0x00000022   Code   RO          419    i.PDMA_SetTransferAddr  pdma.o
    0x00006bf0   0x00006bf0   0x000000c4   Code   RO          421    i.PDMA_SetTransferMode  pdma.o
    0x00006cb4   0x00006cb4   0x00000034   Code   RO         4080    i.PassEC_BLE_CODE_SMP  Rafael_BLE_M0.lib(mmi.o)
    0x00006ce8   0x00006ce8   0x00000024   Code   RO         4081    i.Prcss_BLE_CODE_SMP_Encryption_Information  Rafael_BLE_M0.lib(mmi.o)
    0x00006d0c   0x00006d0c   0x00000004   Code   RO         4082    i.Prcss_BLE_CODE_SMP_Identity_Address_Information  Rafael_BLE_M0.lib(mmi.o)
    0x00006d10   0x00006d10   0x00000024   Code   RO         4083    i.Prcss_BLE_CODE_SMP_Identity_Information  Rafael_BLE_M0.lib(mmi.o)
    0x00006d34   0x00006d34   0x0000003c   Code   RO         4084    i.Prcss_BLE_CODE_SMP_Master_Identification  Rafael_BLE_M0.lib(mmi.o)
    0x00006d70   0x00006d70   0x00000060   Code   RO         4085    i.Prcss_BLE_CODE_SMP_Pairing_Confirm  Rafael_BLE_M0.lib(mmi.o)
    0x00006dd0   0x00006dd0   0x00000034   Code   RO         4086    i.Prcss_BLE_CODE_SMP_Pairing_Failed  Rafael_BLE_M0.lib(mmi.o)
    0x00006e04   0x00006e04   0x00000018   Code   RO         4087    i.Prcss_BLE_CODE_SMP_Pairing_Random  Rafael_BLE_M0.lib(mmi.o)
    0x00006e1c   0x00006e1c   0x000000f8   Code   RO         4088    i.Prcss_BLE_CODE_SMP_Pairing_Request  Rafael_BLE_M0.lib(mmi.o)
    0x00006f14   0x00006f14   0x00000004   Code   RO         4089    i.Prcss_BLE_CODE_SMP_Pairing_Response  Rafael_BLE_M0.lib(mmi.o)
    0x00006f18   0x00006f18   0x00000004   Code   RO         4090    i.Prcss_BLE_CODE_SMP_Reserved  Rafael_BLE_M0.lib(mmi.o)
    0x00006f1c   0x00006f1c   0x00000004   Code   RO         4091    i.Prcss_BLE_CODE_SMP_Security_Request  Rafael_BLE_M0.lib(mmi.o)
    0x00006f20   0x00006f20   0x00000024   Code   RO         4092    i.Prcss_BLE_CODE_SMP_Signing_Information  Rafael_BLE_M0.lib(mmi.o)
    0x00006f44   0x00006f44   0x00000004   Code   RO         4093    i.Prcss_L2CAP_CID_AMP_MANAGER_PROTOCOL  Rafael_BLE_M0.lib(mmi.o)
    0x00006f48   0x00006f48   0x00000044   Code   RO         4094    i.Prcss_L2CAP_CID_ATTRIBUTE_PROTOCOL  Rafael_BLE_M0.lib(mmi.o)
    0x00006f8c   0x00006f8c   0x00000004   Code   RO         4095    i.Prcss_L2CAP_CID_CONNECTIONLESS_CHANNEL  Rafael_BLE_M0.lib(mmi.o)
    0x00006f90   0x00006f90   0x00000004   Code   RO         4096    i.Prcss_L2CAP_CID_L2CAP_SIGNALING_CHANNEL  Rafael_BLE_M0.lib(mmi.o)
    0x00006f94   0x00006f94   0x00000050   Code   RO         4097    i.Prcss_L2CAP_CID_LE_L2CAP_SIGNALING_CHANNEL  Rafael_BLE_M0.lib(mmi.o)
    0x00006fe4   0x00006fe4   0x00000004   Code   RO         4098    i.Prcss_L2CAP_CID_NULL_IDENTIFIER  Rafael_BLE_M0.lib(mmi.o)
    0x00006fe8   0x00006fe8   0x00000028   Code   RO         4099    i.Prcss_L2CAP_CID_SECURITY_MANAGER_PROTOCOL  Rafael_BLE_M0.lib(mmi.o)
    0x00007010   0x00007010   0x00000004   Code   RO         4100    i.Prcss_OPCODE_ATT_Error_Response  Rafael_BLE_M0.lib(mmi.o)
    0x00007014   0x00007014   0x00000054   Code   RO         4101    i.Prcss_OPCODE_ATT_Exchange_MTU_Request  Rafael_BLE_M0.lib(mmi.o)
    0x00007068   0x00007068   0x00000030   Code   RO         4102    i.Prcss_OPCODE_ATT_Exchange_MTU_Response  Rafael_BLE_M0.lib(mmi.o)
    0x00007098   0x00007098   0x000000fc   Code   RO         4103    i.Prcss_OPCODE_ATT_Execute_Write_Request  Rafael_BLE_M0.lib(mmi.o)
    0x00007194   0x00007194   0x00000004   Code   RO         4104    i.Prcss_OPCODE_ATT_Execute_Write_Response  Rafael_BLE_M0.lib(mmi.o)
    0x00007198   0x00007198   0x0000014c   Code   RO         4105    i.Prcss_OPCODE_ATT_Find_By_Type_Value_Request  Rafael_BLE_M0.lib(mmi.o)
    0x000072e4   0x000072e4   0x00000004   Code   RO         4106    i.Prcss_OPCODE_ATT_Find_By_Type_Value_Response  Rafael_BLE_M0.lib(mmi.o)
    0x000072e8   0x000072e8   0x00000158   Code   RO         4107    i.Prcss_OPCODE_ATT_Find_Information_Request  Rafael_BLE_M0.lib(mmi.o)
    0x00007440   0x00007440   0x00000004   Code   RO         4108    i.Prcss_OPCODE_ATT_Find_Information_Response  Rafael_BLE_M0.lib(mmi.o)
    0x00007444   0x00007444   0x00000010   Code   RO         4109    i.Prcss_OPCODE_ATT_Handle_Value_Confirmation  Rafael_BLE_M0.lib(mmi.o)
    0x00007454   0x00007454   0x00000004   Code   RO         4110    i.Prcss_OPCODE_ATT_Handle_Value_Indication  Rafael_BLE_M0.lib(mmi.o)
    0x00007458   0x00007458   0x00000004   Code   RO         4111    i.Prcss_OPCODE_ATT_Handle_Value_Notification  Rafael_BLE_M0.lib(mmi.o)
    0x0000745c   0x0000745c   0x00000004   Code   RO         4112    i.Prcss_OPCODE_ATT_NULL  Rafael_BLE_M0.lib(mmi.o)
    0x00007460   0x00007460   0x00000108   Code   RO         4113    i.Prcss_OPCODE_ATT_Prepare_Write_Request  Rafael_BLE_M0.lib(mmi.o)
    0x00007568   0x00007568   0x00000004   Code   RO         4114    i.Prcss_OPCODE_ATT_Prepare_Write_Response  Rafael_BLE_M0.lib(mmi.o)
    0x0000756c   0x0000756c   0x00000118   Code   RO         4115    i.Prcss_OPCODE_ATT_Read_Blob_Request  Rafael_BLE_M0.lib(mmi.o)
    0x00007684   0x00007684   0x00000004   Code   RO         4116    i.Prcss_OPCODE_ATT_Read_Blob_Response  Rafael_BLE_M0.lib(mmi.o)
    0x00007688   0x00007688   0x00000258   Code   RO         4117    i.Prcss_OPCODE_ATT_Read_By_Type_Request  Rafael_BLE_M0.lib(mmi.o)
    0x000078e0   0x000078e0   0x00000004   Code   RO         4118    i.Prcss_OPCODE_ATT_Read_By_Type_Response  Rafael_BLE_M0.lib(mmi.o)
    0x000078e4   0x000078e4   0x00000020   Code   RO         4119    i.Prcss_OPCODE_ATT_Read_Multiple_Request  Rafael_BLE_M0.lib(mmi.o)
    0x00007904   0x00007904   0x00000004   Code   RO         4120    i.Prcss_OPCODE_ATT_Read_Multiple_Response  Rafael_BLE_M0.lib(mmi.o)
    0x00007908   0x00007908   0x00000124   Code   RO         4121    i.Prcss_OPCODE_ATT_Read_Request  Rafael_BLE_M0.lib(mmi.o)
    0x00007a2c   0x00007a2c   0x00000004   Code   RO         4122    i.Prcss_OPCODE_ATT_Read_Response  Rafael_BLE_M0.lib(mmi.o)
    0x00007a30   0x00007a30   0x000002d4   Code   RO         4123    i.Prcss_OPCODE_ATT_Read_by_Group_Type_Request  Rafael_BLE_M0.lib(mmi.o)
    0x00007d04   0x00007d04   0x00000004   Code   RO         4124    i.Prcss_OPCODE_ATT_Read_by_Group_Type_Response  Rafael_BLE_M0.lib(mmi.o)
    0x00007d08   0x00007d08   0x0000022c   Code   RO         4126    i.Prcss_OPCODE_ATT_Write_Command  Rafael_BLE_M0.lib(mmi.o)
    0x00007f34   0x00007f34   0x0000026c   Code   RO         4127    i.Prcss_OPCODE_ATT_Write_Request  Rafael_BLE_M0.lib(mmi.o)
    0x000081a0   0x000081a0   0x0000000c   Code   RO         4128    i.Prcss_OPCODE_ATT_Write_Response  Rafael_BLE_M0.lib(mmi.o)
    0x000081ac   0x000081ac   0x0000001c   Code   RO         3316    i.RF_CCM_AES_Mode_set  Rafael_BLE_M0.lib(rf_phy.o)
    0x000081c8   0x000081c8   0x0000000e   Code   RO         3317    i.RF_CRCInit        Rafael_BLE_M0.lib(rf_phy.o)
    0x000081d6   0x000081d6   0x00000014   Code   RO         3318    i.RF_CRCchk         Rafael_BLE_M0.lib(rf_phy.o)
    0x000081ea   0x000081ea   0x00000002   PAD
    0x000081ec   0x000081ec   0x0000002c   Code   RO         3319    i.RF_DC_Rstr_Isr    Rafael_BLE_M0.lib(rf_phy.o)
    0x00008218   0x00008218   0x00000054   Code   RO         3321    i.RF_External_Wakeup  Rafael_BLE_M0.lib(rf_phy.o)
    0x0000826c   0x0000826c   0x00000060   Code   RO         3322    i.RF_Get_LastRssi   Rafael_BLE_M0.lib(rf_phy.o)
    0x000082cc   0x000082cc   0x00000010   Code   RO         3325    i.RF_Header_Rdy_intOn  Rafael_BLE_M0.lib(rf_phy.o)
    0x000082dc   0x000082dc   0x00000170   Code   RO         3326    i.RF_Init           Rafael_BLE_M0.lib(rf_phy.o)
    0x0000844c   0x0000844c   0x00000014   Code   RO         3327    i.RF_IntReset       Rafael_BLE_M0.lib(rf_phy.o)
    0x00008460   0x00008460   0x00000018   Code   RO         3329    i.RF_LE_HeaderStsLen_Tx  Rafael_BLE_M0.lib(rf_phy.o)
    0x00008478   0x00008478   0x0000002c   Code   RO         1137    i.RF_Open           main.o
    0x000084a4   0x000084a4   0x0000000e   Code   RO         3330    i.RF_PLL_VCO_Bank_set  Rafael_BLE_M0.lib(rf_phy.o)
    0x000084b2   0x000084b2   0x00000002   PAD
    0x000084b4   0x000084b4   0x00000044   Code   RO         3331    i.RF_PowerSaving_En_Isr  Rafael_BLE_M0.lib(rf_phy.o)
    0x000084f8   0x000084f8   0x0000000c   Code   RO         3334    i.RF_RxLengthLimit  Rafael_BLE_M0.lib(rf_phy.o)
    0x00008504   0x00008504   0x00000084   Code   RO         3335    i.RF_Set_TxPowerLevel_Isr  Rafael_BLE_M0.lib(rf_phy.o)
    0x00008588   0x00008588   0x00000098   Code   RO         1556    i.RF_SpiIoMapping   porting_misc.o
    0x00008620   0x00008620   0x00000030   Code   RO         3336    i.RF_SymbolRate_Patch_1M_2M  Rafael_BLE_M0.lib(rf_phy.o)
    0x00008650   0x00008650   0x00000024   Code   RO         3337    i.RF_SymbolRate_set  Rafael_BLE_M0.lib(rf_phy.o)
    0x00008674   0x00008674   0x000000d4   Code   RO         3341    i.RF_Tmr_Periodic_initial  Rafael_BLE_M0.lib(rf_phy.o)
    0x00008748   0x00008748   0x0000005c   Code   RO         3342    i.RF_Tmr_Periodic_set_ISR  Rafael_BLE_M0.lib(rf_phy.o)
    0x000087a4   0x000087a4   0x00000018   Code   RO         3343    i.RF_TxAutoAckOff   Rafael_BLE_M0.lib(rf_phy.o)
    0x000087bc   0x000087bc   0x00000018   Code   RO         3344    i.RF_TxAutoAckOn    Rafael_BLE_M0.lib(rf_phy.o)
    0x000087d4   0x000087d4   0x00000018   Code   RO         3345    i.RF_TxFIFO_ADVData_set  Rafael_BLE_M0.lib(rf_phy.o)
    0x000087ec   0x000087ec   0x00000018   Code   RO         3346    i.RF_TxFIFO_ADVaddr_set  Rafael_BLE_M0.lib(rf_phy.o)
    0x00008804   0x00008804   0x00000020   Code   RO         3347    i.RF_TxFIFO_LeData_set  Rafael_BLE_M0.lib(rf_phy.o)
    0x00008824   0x00008824   0x0000001c   Code   RO         3348    i.RF_TxFIFO_LeData_wIdx_set  Rafael_BLE_M0.lib(rf_phy.o)
    0x00008840   0x00008840   0x0000001c   Code   RO         3349    i.RF_TxFIFO_OriginAddr_set  Rafael_BLE_M0.lib(rf_phy.o)
    0x0000885c   0x0000885c   0x00000064   Code   RO         3350    i.RF_Voltage_Det    Rafael_BLE_M0.lib(rf_phy.o)
    0x000088c0   0x000088c0   0x00000014   Code   RO         3351    i.RF_WTR_EnChk      Rafael_BLE_M0.lib(rf_phy.o)
    0x000088d4   0x000088d4   0x00000018   Code   RO         3354    i.RF_WTR_intOff     Rafael_BLE_M0.lib(rf_phy.o)
    0x000088ec   0x000088ec   0x00000018   Code   RO         3355    i.RF_WTR_intOn      Rafael_BLE_M0.lib(rf_phy.o)
    0x00008904   0x00008904   0x00000034   Code   RO         2429    i.RF_cmpFIFO_BDAddr  Rafael_BLE_M0.lib(ll.o)
    0x00008938   0x00008938   0x00000044   Code   RO         2430    i.RF_cmpFIFO_WhiteList  Rafael_BLE_M0.lib(ll.o)
    0x0000897c   0x0000897c   0x0000001c   Code   RO         1301    i.RT568_16MCLK_Test  ft_func.o
    0x00008998   0x00008998   0x00000028   Code   RO         1302    i.RT568_DeepSleepTest  ft_func.o
    0x000089c0   0x000089c0   0x000001b4   Code   RO         1237    i.RT568_FTTestSelection  user.o
    0x00008b74   0x00008b74   0x00000050   Code   RO         1238    i.RT568_Reset       user.o
    0x00008bc4   0x00008bc4   0x00000080   Code   RO         1303    i.RT568_RssiDUT_RxTest  ft_func.o
    0x00008c44   0x00008c44   0x00000034   Code   RO         1304    i.RT568_RxTest      ft_func.o
    0x00008c78   0x00008c78   0x00000014   Code   RO         1305    i.RT568_SetCmd      ft_func.o
    0x00008c8c   0x00008c8c   0x00000028   Code   RO         1306    i.RT568_SleepTest   ft_func.o
    0x00008cb4   0x00008cb4   0x0000006c   Code   RO         1307    i.RT568_SleepWakeupTest  ft_func.o
    0x00008d20   0x00008d20   0x00000044   Code   RO         1308    i.RT568_TxTest      ft_func.o
    0x00008d64   0x00008d64   0x00000024   Code   RO         1849    i.RcvMsgBlk         Rafael_BLE_M0.lib(kernel.o)
    0x00008d88   0x00008d88   0x0000000c   Code   RO         4032    i.Rls_L2CAP_Buf     Rafael_BLE_M0.lib(l2cap.o)
    0x00008d94   0x00008d94   0x00000034   Code   RO         4129    i.SMEC_LE_CODE_SMP_Pairing_Confirm  Rafael_BLE_M0.lib(mmi.o)
    0x00008dc8   0x00008dc8   0x000000a0   Code   RO         4130    i.SMEC_LE_CODE_SMP_Pairing_Random  Rafael_BLE_M0.lib(mmi.o)
    0x00008e68   0x00008e68   0x00000090   Code   RO         4131    i.SMEC_LE_SMP_Key_Gen  Rafael_BLE_M0.lib(mmi.o)
    0x00008ef8   0x00008ef8   0x0000007c   Code   RO         1678    i.SPI_1BYT_SetRx    porting_spi.o
    0x00008f74   0x00008f74   0x0000008c   Code   RO         1679    i.SPI_1BYT_SetRx_Isr  porting_spi.o
    0x00009000   0x00009000   0x0000004c   Code   RO         1680    i.SPI_1BYT_SetTx    porting_spi.o
    0x0000904c   0x0000904c   0x00000044   Code   RO         1681    i.SPI_1BYT_SetTx_Isr  porting_spi.o
    0x00009090   0x00009090   0x0000005c   Code   RO         1682    i.SPI_2BYT_SetTx_Isr  porting_spi.o
    0x000090ec   0x000090ec   0x0000001c   Code   RO          591    i.SPI_Close         spi.o
    0x00009108   0x00009108   0x00000014   Code   RO          594    i.SPI_EnableAutoSS  spi.o
    0x0000911c   0x0000911c   0x00000040   Code   RO         1557    i.SPI_GPIO_Init     porting_misc.o
    0x0000915c   0x0000915c   0x0000011c   Code   RO          599    i.SPI_Open          spi.o
    0x00009278   0x00009278   0x00000098   Code   RO         1683    i.SPI_PDMA_Init     porting_spi.o
    0x00009310   0x00009310   0x000000cc   Code   RO         1684    i.SPI_PDMA_SetRx_Isr  porting_spi.o
    0x000093dc   0x000093dc   0x00000084   Code   RO         1685    i.SPI_PDMA_SetTx    porting_spi.o
    0x00009460   0x00009460   0x00000048   Code   RO         1686    i.SPI_PDMA_waitFinish  porting_spi.o
    0x000094a8   0x000094a8   0x00000088   Code   RO         1138    i.SYS_Init          main.o
    0x00009530   0x00009530   0x0000001a   Code   RO          741    i.SYS_ResetModule   sys.o
    0x0000954a   0x0000954a   0x00000002   PAD
    0x0000954c   0x0000954c   0x0000001c   Code   RO         1559    i.SYS_UnlockReg     porting_misc.o
    0x00009568   0x00009568   0x0000001c   Code   RO         1751    i.SYS_UnlockReg     porting_flash.o
    0x00009584   0x00009584   0x00000020   Code   RO          504    i.SendChar          retarget.o
    0x000095a4   0x000095a4   0x00000020   Code   RO         1850    i.SndMsgBlk         Rafael_BLE_M0.lib(kernel.o)
    0x000095c4   0x000095c4   0x0000001c   Code   RO         2431    i.SndMsgBlkEC       Rafael_BLE_M0.lib(ll.o)
    0x000095e0   0x000095e0   0x0000001c   Code   RO         1851    i.SndMsgBlk_Isr     Rafael_BLE_M0.lib(kernel.o)
    0x000095fc   0x000095fc   0x00000030   Code   RO         1853    i.SndMsgBlks_Isr    Rafael_BLE_M0.lib(kernel.o)
    0x0000962c   0x0000962c   0x00000094   Code   RO            3    i.SystemCoreClockUpdate  system_m031series.o
    0x000096c0   0x000096c0   0x00000038   Code   RO            4    i.SystemInit        system_m031series.o
    0x000096f8   0x000096f8   0x00000024   Code   RO         1786    i.Tiny_Delay        porting_lltimer.o
    0x0000971c   0x0000971c   0x00000048   Code   RO         1239    i.UART02_IRQHandler  user.o
    0x00009764   0x00009764   0x00000028   Code   RO         1139    i.UART0_Init        main.o
    0x0000978c   0x0000978c   0x00000008   Code   RO          899    i.UART_EnableInt    uart.o
    0x00009794   0x00009794   0x000000e4   Code   RO          900    i.UART_Open         uart.o
    0x00009878   0x00009878   0x0000001c   Code   RO          997    i.WDT_Open          wdt.o
    0x00009894   0x00009894   0x00000020   Code   RO         4821    i.__0printf$8       mc_p.l(printf8.o)
    0x000098b4   0x000098b4   0x0000001a   Code   RO         2084    i.__ARM_common_switch8  Rafael_BLE_M0.lib(kernel.o)
    0x000098ce   0x000098ce   0x0000000e   Code   RO         4932    i.__scatterload_copy  mc_p.l(handlers.o)
    0x000098dc   0x000098dc   0x00000002   Code   RO         4933    i.__scatterload_null  mc_p.l(handlers.o)
    0x000098de   0x000098de   0x0000000e   Code   RO         4934    i.__scatterload_zeroinit  mc_p.l(handlers.o)
    0x000098ec   0x000098ec   0x00000428   Code   RO         4828    i._printf_core      mc_p.l(printf8.o)
    0x00009d14   0x00009d14   0x00000020   Code   RO         4829    i._printf_post_padding  mc_p.l(printf8.o)
    0x00009d34   0x00009d34   0x0000002c   Code   RO         4830    i._printf_pre_padding  mc_p.l(printf8.o)
    0x00009d60   0x00009d60   0x00000084   Code   RO         3117    i.checkBLE_CmdTimer  Rafael_BLE_M0.lib(rffunction.o)
    0x00009de4   0x00009de4   0x0000005c   Code   RO         3118    i.chkBLE_ATTRIBUTE_PERMISSION_Read  Rafael_BLE_M0.lib(rffunction.o)
    0x00009e40   0x00009e40   0x0000005c   Code   RO         3119    i.chkBLE_ATTRIBUTE_PERMISSION_Write  Rafael_BLE_M0.lib(rffunction.o)
    0x00009e9c   0x00009e9c   0x00000004   Code   RO         3120    i.chkBLE_ATT_Chr_AcssRd_ByUser  Rafael_BLE_M0.lib(rffunction.o)
    0x00009ea0   0x00009ea0   0x00000004   Code   RO         3121    i.chkBLE_ATT_Chr_AcssWr_ByUser  Rafael_BLE_M0.lib(rffunction.o)
    0x00009ea4   0x00009ea4   0x00000014   Code   RO         2432    i.chkBLE_LL_State_Adv  Rafael_BLE_M0.lib(ll.o)
    0x00009eb8   0x00009eb8   0x00000014   Code   RO         2433    i.chkBLE_LL_State_Init  Rafael_BLE_M0.lib(ll.o)
    0x00009ecc   0x00009ecc   0x00000014   Code   RO         2434    i.chkBLE_LL_State_Scan  Rafael_BLE_M0.lib(ll.o)
    0x00009ee0   0x00009ee0   0x00000018   Code   RO         3122    i.chkIfBLE_ATT_Chr_Acss_ByUser  Rafael_BLE_M0.lib(rffunction.o)
    0x00009ef8   0x00009ef8   0x00000030   Code   RO         3123    i.clearBLE_CmdTimer  Rafael_BLE_M0.lib(rffunction.o)
    0x00009f28   0x00009f28   0x00000484   Code   RO         1482    i.cmd_FlashBond     bonding_storage.o
    0x0000a3ac   0x0000a3ac   0x00000014   Code   RO         1483    i.ersDATA_FLASHBOND  bonding_storage.o
    0x0000a3c0   0x0000a3c0   0x00000014   Code   RO         1484    i.ersINFO_FLASHBOND  bonding_storage.o
    0x0000a3d4   0x0000a3d4   0x000000a4   Code   RO         1485    i.fil_DATA_FLASHBONDwEXST_PBID  bonding_storage.o
    0x0000a478   0x0000a478   0x000000b4   Code   RO         1486    i.fil_INFO_FLASHBONDwEXST_PBID  bonding_storage.o
    0x0000a52c   0x0000a52c   0x00000040   Code   RO         1752    i.flash_erase_internal_use  porting_flash.o
    0x0000a56c   0x0000a56c   0x00000040   Code   RO         1753    i.flash_program_internal_use  porting_flash.o
    0x0000a5ac   0x0000a5ac   0x0000000c   Code   RO          508    i.fputc             retarget.o
    0x0000a5b8   0x0000a5b8   0x0000001c   Code   RO         3124    i.getBLE_ATTRIBUTE_TYPE_Size  Rafael_BLE_M0.lib(rffunction.o)
    0x0000a5d4   0x0000a5d4   0x00000020   Code   RO         3125    i.getBLE_ATTRIBUTE_Value_DynmcLngth  Rafael_BLE_M0.lib(rffunction.o)
    0x0000a5f4   0x0000a5f4   0x00000080   Code   RO         3127    i.initBLE_AttServParamter  Rafael_BLE_M0.lib(rffunction.o)
    0x0000a674   0x0000a674   0x00000040   Code   RO         4132    i.initBLEsmp        Rafael_BLE_M0.lib(mmi.o)
    0x0000a6b4   0x0000a6b4   0x00000038   Code   RO         4133    i.initBLEsmp_Re     Rafael_BLE_M0.lib(mmi.o)
    0x0000a6ec   0x0000a6ec   0x00000014   Code   RO         4134    i.initBLEsw         Rafael_BLE_M0.lib(mmi.o)
    0x0000a700   0x0000a700   0x00000014   Code   RO         3950    i.initBleDeviceParam  Rafael_BLE_M0.lib(host.o)
    0x0000a714   0x0000a714   0x00000034   Code   RO         3753    i.initHCI           Rafael_BLE_M0.lib(hci.o)
    0x0000a748   0x0000a748   0x00000018   Code   RO         3357    i.initInt           Rafael_BLE_M0.lib(rf_phy.o)
    0x0000a760   0x0000a760   0x0000000c   Code   RO         4033    i.initL2CAP         Rafael_BLE_M0.lib(l2cap.o)
    0x0000a76c   0x0000a76c   0x00000138   Code   RO         2435    i.initLL            Rafael_BLE_M0.lib(ll.o)
    0x0000a8a4   0x0000a8a4   0x00000018   Code   RO         3128    i.init_q_att_HDL_PreWr  Rafael_BLE_M0.lib(rffunction.o)
    0x0000a8bc   0x0000a8bc   0x000000c8   Code   RO         1140    i.main              main.o
    0x0000a984   0x0000a984   0x00000038   Code   RO         1487    i.mark_PID_DATA_FLASHBOND  bonding_storage.o
    0x0000a9bc   0x0000a9bc   0x00000038   Code   RO         1488    i.mark_PID_INFO_FLASHBOND  bonding_storage.o
    0x0000a9f4   0x0000a9f4   0x00000064   Code   RO         3358    i.rafael_pll_bank_get  Rafael_BLE_M0.lib(rf_phy.o)
    0x0000aa58   0x0000aa58   0x00000130   Code   RO         3359    i.rafael_pll_calibration  Rafael_BLE_M0.lib(rf_phy.o)
    0x0000ab88   0x0000ab88   0x00000028   Code   RO         3360    i.rafael_reset_phy_fsm  Rafael_BLE_M0.lib(rf_phy.o)
    0x0000abb0   0x0000abb0   0x00000024   Code   RO         3361    i.rafael_reset_phy_fsm_Isr  Rafael_BLE_M0.lib(rf_phy.o)
    0x0000abd4   0x0000abd4   0x0000006c   Code   RO         4441    i.setBLE_BleDeviceAddr  Rafael_BLE_M0.lib(ble_cmd.o)
    0x0000ac40   0x0000ac40   0x0000000e   Code   RO         3130    i.setBLE_ConnTxData  Rafael_BLE_M0.lib(rffunction.o)
    0x0000ac4e   0x0000ac4e   0x00000030   Code   RO         3131    i.setBLE_ConnTxData_ATT_ERROR_RESPONSE  Rafael_BLE_M0.lib(rffunction.o)
    0x0000ac7e   0x0000ac7e   0x0000003e   Code   RO         3132    i.setBLE_ConnTxData_SMP  Rafael_BLE_M0.lib(rffunction.o)
    0x0000acbc   0x0000acbc   0x0000003e   Code   RO         3133    i.setBLE_ConnTxData_SMP_Isr  Rafael_BLE_M0.lib(rffunction.o)
    0x0000acfa   0x0000acfa   0x00000002   PAD
    0x0000acfc   0x0000acfc   0x00000020   Code   RO         3362    i.setChannel_BLE    Rafael_BLE_M0.lib(rf_phy.o)
    0x0000ad1c   0x0000ad1c   0x00000060   Code   RO         3365    i.setRF_EnterDeepSleep  Rafael_BLE_M0.lib(rf_phy.o)
    0x0000ad7c   0x0000ad7c   0x0000000c   Code   RO         3367    i.smpAES_En         Rafael_BLE_M0.lib(rf_phy.o)
    0x0000ad88   0x0000ad88   0x00000048   Code   RO         3368    i.smpAES_inInv      Rafael_BLE_M0.lib(rf_phy.o)
    0x0000add0   0x0000add0   0x00000018   Code   RO         3369    i.smpAES_in_PlainText  Rafael_BLE_M0.lib(rf_phy.o)
    0x0000ade8   0x0000ade8   0x0000000e   Code   RO         3370    i.smpAES_in_key     Rafael_BLE_M0.lib(rf_phy.o)
    0x0000adf6   0x0000adf6   0x00000022   Code   RO         3371    i.smpAES_out        Rafael_BLE_M0.lib(rf_phy.o)
    0x0000ae18   0x0000ae18   0x00000030   Code   RO         3372    i.smpAES_outInv     Rafael_BLE_M0.lib(rf_phy.o)
    0x0000ae48   0x0000ae48   0x000000c4   Code   RO         3134    i.smpC1             Rafael_BLE_M0.lib(rffunction.o)
    0x0000af0c   0x0000af0c   0x00000018   Code   RO         3135    i.smpPasskey_init   Rafael_BLE_M0.lib(rffunction.o)
    0x0000af24   0x0000af24   0x0000002c   Code   RO         3136    i.smpPasskey_set    Rafael_BLE_M0.lib(rffunction.o)
    0x0000af50   0x0000af50   0x0000002c   Code   RO         3137    i.smpS1             Rafael_BLE_M0.lib(rffunction.o)
    0x0000af7c   0x0000af7c   0x000000b8   Code   RO         1564    i.spiGpioWriteReg   porting_misc.o
    0x0000b034   0x0000b034   0x000000a8   Code   RO          510    i.stackDump         retarget.o
    0x0000b0dc   0x0000b0dc   0x00000020   Data   RO            5    .constdata          system_m031series.o
    0x0000b0fc   0x0000b0fc   0x00000038   Data   RO          239    .constdata          clk.o
    0x0000b134   0x0000b134   0x00000048   Data   RO          908    .constdata          uart.o
    0x0000b17c   0x0000b17c   0x00000400   Data   RO         1309    .constdata          ft_func.o
    0x0000b57c   0x0000b57c   0x00000007   Data   RO         1375    .constdata          profile_tab.o
    0x0000b583   0x0000b583   0x00000007   Data   RO         1376    .constdata          profile_tab.o
    0x0000b58a   0x0000b58a   0x0000000a   Data   RO         1377    .constdata          profile_tab.o
    0x0000b594   0x0000b594   0x0000000d   Data   RO         1378    .constdata          profile_tab.o
    0x0000b5a1   0x0000b5a1   0x0000000a   Data   RO         1379    .constdata          profile_tab.o
    0x0000b5ab   0x0000b5ab   0x00000007   Data   RO         1380    .constdata          profile_tab.o
    0x0000b5b2   0x0000b5b2   0x0000000a   Data   RO         1381    .constdata          profile_tab.o
    0x0000b5bc   0x0000b5bc   0x0000000b   Data   RO         1382    .constdata          profile_tab.o
    0x0000b5c7   0x0000b5c7   0x0000000a   Data   RO         1383    .constdata          profile_tab.o
    0x0000b5d1   0x0000b5d1   0x00000006   Data   RO         1384    .constdata          profile_tab.o
    0x0000b5d7   0x0000b5d7   0x0000000a   Data   RO         1385    .constdata          profile_tab.o
    0x0000b5e1   0x0000b5e1   0x0000000d   Data   RO         1386    .constdata          profile_tab.o
    0x0000b5ee   0x0000b5ee   0x00000007   Data   RO         1387    .constdata          profile_tab.o
    0x0000b5f5   0x0000b5f5   0x0000000a   Data   RO         1388    .constdata          profile_tab.o
    0x0000b5ff   0x0000b5ff   0x00000009   Data   RO         1389    .constdata          profile_tab.o
    0x0000b608   0x0000b608   0x00000007   Data   RO         1390    .constdata          profile_tab.o
    0x0000b60f   0x0000b60f   0x00000007   Data   RO         1391    .constdata          profile_tab.o
    0x0000b616   0x0000b616   0x0000000a   Data   RO         1392    .constdata          profile_tab.o
    0x0000b620   0x0000b620   0x00000009   Data   RO         1393    .constdata          profile_tab.o
    0x0000b629   0x0000b629   0x0000000c   Data   RO         1394    .constdata          profile_tab.o
    0x0000b635   0x0000b635   0x0000000a   Data   RO         1395    .constdata          profile_tab.o
    0x0000b63f   0x0000b63f   0x0000000b   Data   RO         1396    .constdata          profile_tab.o
    0x0000b64a   0x0000b64a   0x0000000c   Data   RO         1397    .constdata          profile_tab.o
    0x0000b656   0x0000b656   0x0000000a   Data   RO         1398    .constdata          profile_tab.o
    0x0000b660   0x0000b660   0x0000000d   Data   RO         1399    .constdata          profile_tab.o
    0x0000b66d   0x0000b66d   0x0000000a   Data   RO         1400    .constdata          profile_tab.o
    0x0000b677   0x0000b677   0x00000009   Data   RO         1401    .constdata          profile_tab.o
    0x0000b680   0x0000b680   0x0000000c   Data   RO         1402    .constdata          profile_tab.o
    0x0000b68c   0x0000b68c   0x0000000a   Data   RO         1403    .constdata          profile_tab.o
    0x0000b696   0x0000b696   0x0000000b   Data   RO         1404    .constdata          profile_tab.o
    0x0000b6a1   0x0000b6a1   0x0000000c   Data   RO         1405    .constdata          profile_tab.o
    0x0000b6ad   0x0000b6ad   0x0000000a   Data   RO         1406    .constdata          profile_tab.o
    0x0000b6b7   0x0000b6b7   0x00000008   Data   RO         1407    .constdata          profile_tab.o
    0x0000b6bf   0x0000b6bf   0x0000000c   Data   RO         1408    .constdata          profile_tab.o
    0x0000b6cb   0x0000b6cb   0x0000000a   Data   RO         1409    .constdata          profile_tab.o
    0x0000b6d5   0x0000b6d5   0x00000009   Data   RO         1410    .constdata          profile_tab.o
    0x0000b6de   0x0000b6de   0x0000000c   Data   RO         1411    .constdata          profile_tab.o
    0x0000b6ea   0x0000b6ea   0x0000000a   Data   RO         1412    .constdata          profile_tab.o
    0x0000b6f4   0x0000b6f4   0x0000000c   Data   RO         1413    .constdata          profile_tab.o
    0x0000b700   0x0000b700   0x00000002   Data   RO         1414    .constdata          profile_tab.o
    0x0000b702   0x0000b702   0x00000002   Data   RO         1415    .constdata          profile_tab.o
    0x0000b704   0x0000b704   0x00000002   Data   RO         1418    .constdata          profile_tab.o
    0x0000b706   0x0000b706   0x00000002   Data   RO         1421    .constdata          profile_tab.o
    0x0000b708   0x0000b708   0x00000002   Data   RO         1422    .constdata          profile_tab.o
    0x0000b70a   0x0000b70a   0x00000002   Data   RO         1423    .constdata          profile_tab.o
    0x0000b70c   0x0000b70c   0x00000002   Data   RO         1424    .constdata          profile_tab.o
    0x0000b70e   0x0000b70e   0x00000002   Data   RO         1425    .constdata          profile_tab.o
    0x0000b710   0x0000b710   0x00000002   Data   RO         1426    .constdata          profile_tab.o
    0x0000b712   0x0000b712   0x00000002   Data   RO         1427    .constdata          profile_tab.o
    0x0000b714   0x0000b714   0x00000002   Data   RO         1428    .constdata          profile_tab.o
    0x0000b716   0x0000b716   0x00000002   Data   RO         1429    .constdata          profile_tab.o
    0x0000b718   0x0000b718   0x00000002   Data   RO         1430    .constdata          profile_tab.o
    0x0000b71a   0x0000b71a   0x00000002   Data   RO         1431    .constdata          profile_tab.o
    0x0000b71c   0x0000b71c   0x00000002   Data   RO         1432    .constdata          profile_tab.o
    0x0000b71e   0x0000b71e   0x00000002   Data   RO         1433    .constdata          profile_tab.o
    0x0000b720   0x0000b720   0x00000002   Data   RO         1434    .constdata          profile_tab.o
    0x0000b722   0x0000b722   0x00000002   Data   RO         1435    .constdata          profile_tab.o
    0x0000b724   0x0000b724   0x00000002   Data   RO         1436    .constdata          profile_tab.o
    0x0000b726   0x0000b726   0x00000002   PAD
    0x0000b728   0x0000b728   0x0000009c   Data   RO         1437    .constdata          profile_tab.o
    0x0000b7c4   0x0000b7c4   0x0000009c   Data   RO         1438    .constdata          profile_tab.o
    0x0000b860   0x0000b860   0x00000394   Data   RO         2441    .constdata          Rafael_BLE_M0.lib(ll.o)
    0x0000bbf4   0x0000bbf4   0x00000010   Data   RO         3147    .constdata          Rafael_BLE_M0.lib(rffunction.o)
    0x0000bc04   0x0000bc04   0x00000010   Data   RO         3149    .constdata          Rafael_BLE_M0.lib(rffunction.o)
    0x0000bc14   0x0000bc14   0x0000000b   Data   RO         3150    .constdata          Rafael_BLE_M0.lib(rffunction.o)
    0x0000bc1f   0x0000bc1f   0x00000010   Data   RO         3153    .constdata          Rafael_BLE_M0.lib(rffunction.o)
    0x0000bc2f   0x0000bc2f   0x00000002   Data   RO         3154    .constdata          Rafael_BLE_M0.lib(rffunction.o)
    0x0000bc31   0x0000bc31   0x00000008   Data   RO         3155    .constdata          Rafael_BLE_M0.lib(rffunction.o)
    0x0000bc39   0x0000bc39   0x00000010   Data   RO         3156    .constdata          Rafael_BLE_M0.lib(rffunction.o)
    0x0000bc49   0x0000bc49   0x00000010   Data   RO         3157    .constdata          Rafael_BLE_M0.lib(rffunction.o)
    0x0000bc59   0x0000bc59   0x00000019   Data   RO         3158    .constdata          Rafael_BLE_M0.lib(rffunction.o)
    0x0000bc72   0x0000bc72   0x0000012a   Data   RO         3375    .constdata          Rafael_BLE_M0.lib(rf_phy.o)
    0x0000bd9c   0x0000bd9c   0x00000011   Data   RO         3376    .constdata          Rafael_BLE_M0.lib(rf_phy.o)
    0x0000bdad   0x0000bdad   0x00000003   PAD
    0x0000bdb0   0x0000bdb0   0x0000006c   Data   RO         3756    .constdata          Rafael_BLE_M0.lib(hci.o)
    0x0000be1c   0x0000be1c   0x00000040   Data   RO         3757    .constdata          Rafael_BLE_M0.lib(hci.o)
    0x0000be5c   0x0000be5c   0x00000008   Data   RO         3758    .constdata          Rafael_BLE_M0.lib(hci.o)
    0x0000be64   0x0000be64   0x0000000c   Data   RO         3952    .constdata          Rafael_BLE_M0.lib(host.o)
    0x0000be70   0x0000be70   0x00000004   Data   RO         4035    .constdata          Rafael_BLE_M0.lib(l2cap.o)
    0x0000be74   0x0000be74   0x000000ac   Data   RO         4135    .constdata          Rafael_BLE_M0.lib(mmi.o)
    0x0000bf20   0x0000bf20   0x0000001c   Data   RO         4136    .constdata          Rafael_BLE_M0.lib(mmi.o)
    0x0000bf3c   0x0000bf3c   0x00000040   Data   RO         4929    .constdata          mc_p.l(ctype_c.o)
    0x0000bf7c   0x0000bf7c   0x00000048   Data   RO         1241    .conststring        user.o
    0x0000bfc4   0x0000bfc4   0x00000020   Data   RO         4931    Region$$Table       anon$$obj.o


    Execution Region ER_RW (Exec base: 0x20000000, Load base: 0x0000bfe4, Size: 0x00000308, Max: 0xffffffff, ABSOLUTE)

    Exec Addr    Load Addr    Size         Type   Attr      Idx    E Section Name        Object

    0x20000000   0x0000bfe4   0x0000000c   Data   RW            6    .data               system_m031series.o
    0x2000000c   0x0000bff0   0x00000004   Data   RW          511    .data               retarget.o
    0x20000010   0x0000bff4   0x00000003   Data   RW         1242    .data               user.o
    0x20000013   0x0000bff7   0x00000001   PAD
    0x20000014   0x0000bff8   0x00000008   Data   RW         1311    .data               ft_func.o
    0x2000001c   0x0000c000   0x00000008   Data   RW         1439    .data               profile_tab.o
    0x20000024   0x0000c008   0x00000006   Data   RW         1440    .data               profile_tab.o
    0x2000002a   0x0000c00e   0x00000004   Data   RW         1441    .data               profile_tab.o
    0x2000002e   0x0000c012   0x00000002   Data   RW         1442    .data               profile_tab.o
    0x20000030   0x0000c014   0x0000009c   Data   RW         1443    .data               profile_tab.o
    0x200000cc   0x0000c0b0   0x0000009c   Data   RW         1444    .data               profile_tab.o
    0x20000168   0x0000c14c   0x0000009c   Data   RW         1445    .data               profile_tab.o
    0x20000204   0x0000c1e8   0x00000001   Data   RW         1446    .data               profile_tab.o
    0x20000205   0x0000c1e9   0x00000003   PAD
    0x20000208   0x0000c1ec   0x00000004   Data   RW         1447    .data               profile_tab.o
    0x2000020c   0x0000c1f0   0x00000004   Data   RW         1448    .data               profile_tab.o
    0x20000210   0x0000c1f4   0x00000001   Data   RW         1449    .data               profile_tab.o
    0x20000211   0x0000c1f5   0x00000003   PAD
    0x20000214   0x0000c1f8   0x00000008   Data   RW         1855    .data               Rafael_BLE_M0.lib(kernel.o)
    0x2000021c   0x0000c200   0x00000004   PAD
    0x20000220   0x0000c204   0x00000080   Data   RW         2443    .data               Rafael_BLE_M0.lib(ll.o)
    0x200002a0   0x0000c284   0x00000005   Data   RW         3159    .data               Rafael_BLE_M0.lib(rffunction.o)
    0x200002a5   0x0000c289   0x00000007   Data   RW         3161    .data               Rafael_BLE_M0.lib(rffunction.o)
    0x200002ac   0x0000c290   0x00000001   Data   RW         3162    .data               Rafael_BLE_M0.lib(rffunction.o)
    0x200002ad   0x0000c291   0x00000001   Data   RW         3163    .data               Rafael_BLE_M0.lib(rffunction.o)
    0x200002ae   0x0000c292   0x00000008   Data   RW         3164    .data               Rafael_BLE_M0.lib(rffunction.o)
    0x200002b6   0x0000c29a   0x00000002   Data   RW         3165    .data               Rafael_BLE_M0.lib(rffunction.o)
    0x200002b8   0x0000c29c   0x00000008   Data   RW         3168    .data               Rafael_BLE_M0.lib(rffunction.o)
    0x200002c0   0x0000c2a4   0x00000028   Data   RW         3380    .data               Rafael_BLE_M0.lib(rf_phy.o)
    0x200002e8   0x0000c2cc   0x0000000d   Data   RW         3759    .data               Rafael_BLE_M0.lib(hci.o)
    0x200002f5   0x0000c2d9   0x00000007   Data   RW         3953    .data               Rafael_BLE_M0.lib(host.o)
    0x200002fc   0x0000c2e0   0x00000008   Data   RW         3954    .data               Rafael_BLE_M0.lib(host.o)
    0x20000304   0x0000c2e8   0x00000002   Data   RW         4137    .data               Rafael_BLE_M0.lib(mmi.o)


    Execution Region ER_ZI (Exec base: 0x20000308, Load base: 0x0000c2ec, Size: 0x000019b0, Max: 0xffffffff, ABSOLUTE)

    Exec Addr    Load Addr    Size         Type   Attr      Idx    E Section Name        Object

    0x20000308        -       0x00000009   Zero   RW          423    .bss                pdma.o
    0x20000311        -       0x000000da   Zero   RW         1240    .bss                user.o
    0x200003eb   0x0000c2ec   0x00000001   PAD
    0x200003ec        -       0x00000c58   Zero   RW         1854    .bss                Rafael_BLE_M0.lib(kernel.o)
    0x20001044        -       0x00000600   Zero   RW         2439    .bss                Rafael_BLE_M0.lib(ll.o)
    0x20001644        -       0x00000030   Zero   RW         2440    .bss                Rafael_BLE_M0.lib(ll.o)
    0x20001674        -       0x00000248   Zero   RW         3138    .bss                Rafael_BLE_M0.lib(rffunction.o)
    0x200018bc        -       0x00000010   Zero   RW         3139    .bss                Rafael_BLE_M0.lib(rffunction.o)
    0x200018cc        -       0x00000010   Zero   RW         3140    .bss                Rafael_BLE_M0.lib(rffunction.o)
    0x200018dc        -       0x00000010   Zero   RW         3141    .bss                Rafael_BLE_M0.lib(rffunction.o)
    0x200018ec        -       0x00000010   Zero   RW         3142    .bss                Rafael_BLE_M0.lib(rffunction.o)
    0x200018fc        -       0x00000010   Zero   RW         3143    .bss                Rafael_BLE_M0.lib(rffunction.o)
    0x2000190c        -       0x0000000a   Zero   RW         3144    .bss                Rafael_BLE_M0.lib(rffunction.o)
    0x20001916        -       0x00000046   Zero   RW         3145    .bss                Rafael_BLE_M0.lib(rffunction.o)
    0x2000195c        -       0x0000002a   Zero   RW         3146    .bss                Rafael_BLE_M0.lib(rffunction.o)
    0x20001986        -       0x00000035   Zero   RW         3374    .bss                Rafael_BLE_M0.lib(rf_phy.o)
    0x200019bb        -       0x000000fd   Zero   RW         4034    .bss                Rafael_BLE_M0.lib(l2cap.o)
    0x20001ab8        -       0x00000200   Zero   RW          207    STACK               startup_m031series.o



  Load Region LR$$.ARM.__AT_0x0000F800 (Base: 0x0000f800, Size: 0x00000400, Max: 0x00000400, ABSOLUTE)

    Execution Region ER$$.ARM.__AT_0x0000F800 (Exec base: 0x0000f800, Load base: 0x0000f800, Size: 0x00000400, Max: 0x00000400, ABSOLUTE, UNINIT)

    Exec Addr    Load Addr    Size         Type   Attr      Idx    E Section Name        Object

    0x0000f800   0x0000f800   0x00000400   Data   RO         1754    .ARM.__AT_0x0000F800  porting_flash.o



  Load Region LR$$.ARM.__AT_0x0000FC00 (Base: 0x0000fc00, Size: 0x00000400, Max: 0x00000400, ABSOLUTE)

    Execution Region ER$$.ARM.__AT_0x0000FC00 (Exec base: 0x0000fc00, Load base: 0x0000fc00, Size: 0x00000400, Max: 0x00000400, ABSOLUTE, UNINIT)

    Exec Addr    Load Addr    Size         Type   Attr      Idx    E Section Name        Object

    0x0000fc00   0x0000fc00   0x00000400   Data   RO         1755    .ARM.__AT_0x0000FC00  porting_flash.o


==============================================================================

Image component sizes


      Code (inc. data)   RO Data    RW Data    ZI Data      Debug   Object Name

      1652         80          0          0          0       7730   bonding_storage.o
       380         62         56          0          0       5567   clk.o
       180         26          0          0          0       3346   fmc.o
       484         36       1024          8          0      11292   ft_func.o
        94          6          0          0          0       2298   gpio.o
       524        148          0          0          0      12243   main.o
       312         20          0          0          9       4219   pdma.o
       156         24       2048          0          0       2780   porting_flash.o
        36          8          0          0          0      21385   porting_lltimer.o
       800        112          0          0          0      16779   porting_misc.o
      1148        170          0          0          0       7655   porting_spi.o
         4          0        738        498          0       9672   profile_tab.o
       280        132          0          4          0       4919   retarget.o
       420         44          0          0          0       3650   spi.o
        92         42        192          0        512        756   startup_m031series.o
        26          0          0          0          0        546   sys.o
       204         38         32         12          0     130123   system_m031series.o
       324         48         72          0          0       2833   uart.o
      1112        620         72          3        218       5881   user.o
        28          6          0          0          0        687   wdt.o

    ----------------------------------------------------------------------
      8260       1622       4268        532        740     254361   Object Totals
         0          0         32          0          0          0   (incl. Generated)
         4          0          2          7          1          0   (incl. Padding)

    ----------------------------------------------------------------------

      Code (inc. data)   RO Data    RW Data    ZI Data      Debug   Library Member Name

       108          8          0          0          0       1467   ble_cmd.o
      1526        304        180         13          0      44288   hci.o
       110         20         12         15          0      16032   host.o
      1194        106          0          8       3160      48869   kernel.o
        82         16          4          0        253       4038   l2cap.o
     21206       1468        916        128       1584     136091   ll.o
      5864        592        200          2          0      39969   mmi.o
      2660        288        315         40         53      54342   rf_phy.o
      1102        110        126         32        786      26352   rffunction.o
        60         10          0          0          0         84   __0sscanf.o
        30          0          0          0          0         60   _chval.o
       824         12          0          0          0         84   _scanf.o
       330          0          0          0          0         84   _scanf_int.o
        68          0          0          0          0         76   _sgetc.o
        36          4         64          0          0         60   ctype_c.o
         0          0          0          0          0          0   entry.o
         0          0          0          0          0          0   entry10a.o
         0          0          0          0          0          0   entry11a.o
         8          4          0          0          0          0   entry2.o
         4          0          0          0          0          0   entry5.o
         0          0          0          0          0          0   entry7b.o
         0          0          0          0          0          0   entry8b.o
         8          4          0          0          0          0   entry9a.o
        30          0          0          0          0          0   handlers.o
        40          0          0          0          0         72   idiv.o
        36          8          0          0          0         68   init.o
        14          0          0          0          0         68   isspace_c.o
        32          0          0          0          0         68   llshl.o
        34          0          0          0          0         68   llushr.o
        36          0          0          0          0         60   memcpya.o
      1172         52          0          0          0        324   printf8.o
        44          8          0          0          0         84   scanf_char.o
        44          0          0          0          0         72   uidiv.o
        96          0          0          0          0         84   uldiv.o

    ----------------------------------------------------------------------
     36824       3014       1820        244       5836     372864   Library Totals
        26          0          3          6          0          0   (incl. Padding)

    ----------------------------------------------------------------------

      Code (inc. data)   RO Data    RW Data    ZI Data      Debug   Library Name

     33852       2912       1753        238       5836     371448   Rafael_BLE_M0.lib
      2946        102         64          0          0       1416   mc_p.l

    ----------------------------------------------------------------------
     36824       3014       1820        244       5836     372864   Library Totals

    ----------------------------------------------------------------------

==============================================================================


      Code (inc. data)   RO Data    RW Data    ZI Data      Debug   

     45084       4636       6088        776       6576     609153   Grand Totals
     45084       4636       6088        776       6576     609153   ELF Image Totals
     45084       4636       6088        776          0          0   ROM Totals

==============================================================================

    Total RO  Size (Code + RO Data)                51172 (  49.97kB)
    Total RW  Size (RW Data + ZI Data)              7352 (   7.18kB)
    Total ROM Size (Code + RO Data + RW Data)      51948 (  50.73kB)

==============================================================================

